data/p.csv
,Product,Quantity,Value,date,year,month,day,price
0,Total Selected Commodities,2374080,2511741,2013-01-15,2013,1,15,1.057984987868985
39,Total Selected Commodities,2274931,2252836,2013-02-15,2013,2,15,0.9902876175145532
78,Total Selected Commodities,2331835,2394674,2013-03-15,2013,3,15,1.0269483046613503
117,Total Selected Commodities,2484301,2560991,2013-04-15,2013,4,15,1.0308698503120193
156,Total Selected Commodities,2574859,2562339,2013-05-15,2013,5,15,0.9951375978257451
195,Total Selected Commodities,2231754,2284856,2013-06-15,2013,6,15,1.0237938410774665
234,Total Selected Commodities,2286567,2333890,2013-07-15,2013,7,15,1.0206960915643408
273,Total Selected Commodities,2611215,2488241,2013-08-15,2013,8,15,0.9529054482300385
312,Total Selected Commodities,2557970,2325954,2013-09-15,2013,9,15,0.9092968252168712
351,Total Selected Commodities,2813240,2651710,2013-10-15,2013,10,15,0.9425822183674339
390,Total Selected Commodities,2351924,2259167,2013-11-15,2013,11,15,0.9605612256178346
429,Total Selected Commodities,2274129,2186184,2013-12-15,2013,12,15,0.9613280513110734
468,Total Selected Commodities,2907755,2693575,2014-01-15,2014,1,15,0.9263417997733647
507,Total Selected Commodities,2933841,2788471,2014-02-15,2014,2,15,0.9504506208755008
546,Total Selected Commodities,2933841,2788471,2014-03-15,2014,3,15,0.9504506208755008
585,Total Selected Commodities,3391086,3133510,2014-04-15,2014,4,15,0.9240432121155288
624,Total Selected Commodities,3658999,3403217,2014-05-15,2014,5,15,0.9300950888480702
663,Total Selected Commodities,3276125,3150759,2014-06-15,2014,6,15,0.9617334503414857
702,Total Selected Commodities,3500551,3363386,2014-07-15,2014,7,15,0.9608161686545919
741,Total Selected Commodities,3355169,3243603,2014-08-15,2014,8,15,0.9667480237210108
780,Total Selected Commodities,3538136,3271044,2014-09-15,2014,9,15,0.9245105332299267
819,Total Selected Commodities,4029059,3694181,2014-10-15,2014,10,15,0.916884314674965
858,Total Selected Commodities,3351281,3189773,2014-11-15,2014,11,15,0.9518070851116335
897,Total Selected Commodities,3299945,3256204,2014-12-15,2014,12,15,0.9867449305973282
936,Total Selected Commodities,3985719,3754272,2015-01-15,2015,1,15,0.9419309288989013
975,Total Selected Commodities,3367058,3069587,2015-02-15,2015,2,15,0.9116525465257801
1014,Total Selected Commodities,3280348,3124217,2015-03-15,2015,3,15,0.9524041351710245
1053,Total Selected Commodities,3176363,2920653,2015-04-15,2015,4,15,0.9194959770026285
1092,Total Selected Commodities,3082842,2677914,2015-05-15,2015,5,15,0.8686510693704056
1131,Total Selected Commodities,2812686,2369731,2015-06-15,2015,6,15,0.8425153038767925
1170,Total Selected Commodities,2980650,2404091,2015-07-15,2015,7,15,0.8065660174794088
1209,Total Selected Commodities,2777241,2181638,2015-08-15,2015,8,15,0.7855414780352156
1248,Total Selected Commodities,2571183,2051231,2015-09-15,2015,9,15,0.7977771321605658
1287,Total Selected Commodities,2758483,2095607,2015-10-15,2015,10,15,0.7596954557994375
1326,Total Selected Commodities,2225866,1805735,2015-11-15,2015,11,15,0.8112505424854866
1365,Total Selected Commodities,2125158,1775357,2015-12-15,2015,12,15,0.835400003199762
1404,Total Selected Commodities,2402427,1861087,2016-01-15,2016,1,15,0.7746695321023281
1443,Total Selected Commodities,2064981,1637936,2016-02-15,2016,2,15,0.7931966444243312
1482,Total Selected Commodities,2359372,1752792,2016-03-15,2016,3,15,0.7429061631654525
1521,Total Selected Commodities,2253069,1665064,2016-04-15,2016,4,15,0.7390204205907587
1560,Total Selected Commodities,2609392,1768298,2016-05-15,2016,5,15,0.6776666748422621
1599,Total Selected Commodities,2559982,1861809,2016-06-15,2016,6,15,0.7272742542721004
1638,Total Selected Commodities,2962913,2077444,2016-07-15,2016,7,15,0.7011491731279319
1677,Total Selected Commodities,2771997,2045577,2016-08-15,2016,8,15,0.7379434393327265
1716,Total Selected Commodities,2517954,1865703,2016-09-15,2016,9,15,0.7409599222225665
1755,Total Selected Commodities,2461367,1915578,2016-10-15,2016,10,15,0.7782577730180018
1794,Total Selected Commodities,2545348,1890021,2016-11-15,2016,11,15,0.7425393305748369
1833,Total Selected Commodities,2447814,1912078,2016-12-15,2016,12,15,0.7811369654720498
1872,Total Selected Commodities,2553033,1997199,2017-01-15,2017,1,15,0.7822848353311532
1911,Total Selected Commodities,2469257,1953868,2017-02-15,2017,2,15,0.7912777001340889
1950,Total Selected Commodities,3101653,2457296,2017-03-15,2017,3,15,0.7922536789253988
1989,Total Selected Commodities,3039965,2503324,2017-04-15,2017,4,15,0.8234713228606251
2028,Total Selected Commodities,3144916,2607872,2017-05-15,2017,5,15,0.8292342307393902
2067,Total Selected Commodities,3559005,2897719,2017-06-15,2017,6,15,0.8141935737657013
2106,Total Selected Commodities,3159315,2689047,2017-07-15,2017,7,15,0.8511487458515533
2145,Total Selected Commodities,3061225,2543415,2017-08-15,2017,8,15,0.8308487615252064
2184,Total Selected Commodities,2799753,2453454,2017-09-15,2017,9,15,0.876310874566435
2223,Total Selected Commodities,2856041,2564700,2017-10-15,2017,10,15,0.8979913103488361
2262,Total Selected Commodities,2505479,2317380,2017-11-15,2017,11,15,0.9249249345135202
2301,Total Selected Commodities,2222866,2153061,2017-12-15,2017,12,15,0.9685968474932812
2340,Total Selected Commodities,2611857,2450476,2018-01-15,2018,1,15,0.938212160926115
2379,Total Selected Commodities,2247979,2222283,2018-02-15,2018,2,15,0.9885692882362336
2418,Total Selected Commodities,3023348,2799277,2018-03-15,2018,3,15,0.9258864675849423
2457,Total Selected Commodities,3405565,3115431,2018-04-15,2018,4,15,0.914805913262557
2496,Total Selected Commodities,2657740,2707256,2018-05-15,2018,5,15,1.0186308668267023
2535,Total Selected Commodities,2260321,2189649,2018-06-15,2018,6,15,0.9687336444690821
2574,Total Selected Commodities,2710278,2568204,2018-07-15,2018,7,15,0.947579547190362
2613,Total Selected Commodities,2753085,2590222,2018-08-15,2018,8,15,0.9408434537981937
1,Ingots And Steel For Castings,2565,5058,2013-01-15,2013,1,15,1.9719298245614034
40,Ingots And Steel For Castings,1915,2746,2013-02-15,2013,2,15,1.4339425587467363
79,Ingots And Steel For Castings,2253,4076,2013-03-15,2013,3,15,1.8091433644030182
118,Ingots And Steel For Castings,3052,8061,2013-04-15,2013,4,15,2.641218872870249
157,Ingots And Steel For Castings,4207,9436,2013-05-15,2013,5,15,2.2429284525790347
196,Ingots And Steel For Castings,2695,5747,2013-06-15,2013,6,15,2.1324675324675324
235,Ingots And Steel For Castings,3993,8870,2013-07-15,2013,7,15,2.2213874279989985
274,Ingots And Steel For Castings,3747,8005,2013-08-15,2013,8,15,2.1363757672804913
313,Ingots And Steel For Castings,2572,5025,2013-09-15,2013,9,15,1.9537325038880249
352,Ingots And Steel For Castings,2037,4871,2013-10-15,2013,10,15,2.3912616593028964
391,Ingots And Steel For Castings,2224,4109,2013-11-15,2013,11,15,1.847571942446043
430,Ingots And Steel For Castings,2369,3937,2013-12-15,2013,12,15,1.661882650907556
469,Ingots And Steel For Castings,2910,5670,2014-01-15,2014,1,15,1.9484536082474226
508,Ingots And Steel For Castings,3611,7284,2014-02-15,2014,2,15,2.01716975906951
547,Ingots And Steel For Castings,3611,7284,2014-03-15,2014,3,15,2.01716975906951
586,Ingots And Steel For Castings,6867,11387,2014-04-15,2014,4,15,1.6582204747342362
625,Ingots And Steel For Castings,4465,8325,2014-05-15,2014,5,15,1.864501679731243
664,Ingots And Steel For Castings,4137,7511,2014-06-15,2014,6,15,1.8155668358714043
703,Ingots And Steel For Castings,5183,8114,2014-07-15,2014,7,15,1.5655026046691105
742,Ingots And Steel For Castings,3025,7000,2014-08-15,2014,8,15,2.3140495867768593
781,Ingots And Steel For Castings,2861,5819,2014-09-15,2014,9,15,2.033904229290458
820,Ingots And Steel For Castings,3701,8617,2014-10-15,2014,10,15,2.328289651445555
859,Ingots And Steel For Castings,3396,6680,2014-11-15,2014,11,15,1.967020023557126
898,Ingots And Steel For Castings,2543,5892,2014-12-15,2014,12,15,2.31694848604011
937,Ingots And Steel For Castings,3776,8315,2015-01-15,2015,1,15,2.2020656779661016
976,Ingots And Steel For Castings,2326,6163,2015-02-15,2015,2,15,2.6496130696474633
1015,Ingots And Steel For Castings,3567,7443,2015-03-15,2015,3,15,2.0866274179983177
1054,Ingots And Steel For Castings,2367,4541,2015-04-15,2015,4,15,1.9184621884241657
1093,Ingots And Steel For Castings,2214,5757,2015-05-15,2015,5,15,2.600271002710027
1132,Ingots And Steel For Castings,2220,5302,2015-06-15,2015,6,15,2.388288288288288
1171,Ingots And Steel For Castings,1123,2594,2015-07-15,2015,7,15,2.309884238646483
1210,Ingots And Steel For Castings,3011,6078,2015-08-15,2015,8,15,2.018598472268349
1249,Ingots And Steel For Castings,1423,3467,2015-09-15,2015,9,15,2.436401967673928
1288,Ingots And Steel For Castings,1653,3499,2015-10-15,2015,10,15,2.1167574107683
1327,Ingots And Steel For Castings,2564,5799,2015-11-15,2015,11,15,2.261700468018721
1366,Ingots And Steel For Castings,2053,3149,2015-12-15,2015,12,15,1.5338528981977593
1405,Ingots And Steel For Castings,3034,3439,2016-01-15,2016,1,15,1.1334871456822677
1444,Ingots And Steel For Castings,2261,3472,2016-02-15,2016,2,15,1.5356037151702786
1483,Ingots And Steel For Castings,3745,5300,2016-03-15,2016,3,15,1.4152202937249667
1522,Ingots And Steel For Castings,2004,3538,2016-04-15,2016,4,15,1.7654690618762474
1561,Ingots And Steel For Castings,2926,5437,2016-05-15,2016,5,15,1.858168147641832
1600,Ingots And Steel For Castings,1854,3676,2016-06-15,2016,6,15,1.982740021574973
1639,Ingots And Steel For Castings,1691,3333,2016-07-15,2016,7,15,1.971023063276168
1678,Ingots And Steel For Castings,1961,3488,2016-08-15,2016,8,15,1.7786843447220806
1717,Ingots And Steel For Castings,1649,2846,2016-09-15,2016,9,15,1.7258944815039419
1756,Ingots And Steel For Castings,4698,5289,2016-10-15,2016,10,15,1.1257982120051087
1795,Ingots And Steel For Castings,2200,3822,2016-11-15,2016,11,15,1.7372727272727273
1834,Ingots And Steel For Castings,1985,3594,2016-12-15,2016,12,15,1.8105793450881613
1873,Ingots And Steel For Castings,3927,6508,2017-01-15,2017,1,15,1.6572447160682455
1912,Ingots And Steel For Castings,2283,3861,2017-02-15,2017,2,15,1.6911957950065704
1951,Ingots And Steel For Castings,2700,5586,2017-03-15,2017,3,15,2.068888888888889
1990,Ingots And Steel For Castings,2079,5159,2017-04-15,2017,4,15,2.4814814814814814
2029,Ingots And Steel For Castings,2859,6751,2017-05-15,2017,5,15,2.3613151451556487
2068,Ingots And Steel For Castings,2958,6496,2017-06-15,2017,6,15,2.196078431372549
2107,Ingots And Steel For Castings,4523,9688,2017-07-15,2017,7,15,2.1419411894760114
2146,Ingots And Steel For Castings,4587,8888,2017-08-15,2017,8,15,1.9376498800959232
2185,Ingots And Steel For Castings,3347,8832,2017-09-15,2017,9,15,2.638780997908575
2224,Ingots And Steel For Castings,3997,9578,2017-10-15,2017,10,15,2.396297222917188
2263,Ingots And Steel For Castings,4312,11133,2017-11-15,2017,11,15,2.581864564007421
2302,Ingots And Steel For Castings,3785,9894,2017-12-15,2017,12,15,2.614002642007926
2341,Ingots And Steel For Castings,4599,11488,2018-01-15,2018,1,15,2.4979343335507718
2380,Ingots And Steel For Castings,3891,10074,2018-02-15,2018,2,15,2.5890516576715497
2419,Ingots And Steel For Castings,4407,11997,2018-03-15,2018,3,15,2.7222600408441116
2458,Ingots And Steel For Castings,4309,10424,2018-04-15,2018,4,15,2.4191227663030865
2497,Ingots And Steel For Castings,1561,4466,2018-05-15,2018,5,15,2.8609865470852016
2536,Ingots And Steel For Castings,600,1303,2018-06-15,2018,6,15,2.171666666666667
2575,Ingots And Steel For Castings,696,2371,2018-07-15,2018,7,15,3.406609195402299
2614,Ingots And Steel For Castings,1025,1875,2018-08-15,2018,8,15,1.829268292682927
2,"Blooms, Billets And Slabs",427186,238463,2013-01-15,2013,1,15,0.5582182000346453
41,"Blooms, Billets And Slabs",562070,301985,2013-02-15,2013,2,15,0.5372729375344708
80,"Blooms, Billets And Slabs",459585,266500,2013-03-15,2013,3,15,0.5798709705495175
119,"Blooms, Billets And Slabs",535290,305559,2013-04-15,2013,4,15,0.570828896486017
158,"Blooms, Billets And Slabs",611863,360096,2013-05-15,2013,5,15,0.5885239015923499
197,"Blooms, Billets And Slabs",438341,264893,2013-06-15,2013,6,15,0.6043080615320037
236,"Blooms, Billets And Slabs",466601,272805,2013-07-15,2013,7,15,0.58466441349247
275,"Blooms, Billets And Slabs",605483,328015,2013-08-15,2013,8,15,0.5417410563137198
314,"Blooms, Billets And Slabs",581752,299058,2013-09-15,2013,9,15,0.5140644123269021
353,"Blooms, Billets And Slabs",748180,396825,2013-10-15,2013,10,15,0.5303870726295811
392,"Blooms, Billets And Slabs",614099,334809,2013-11-15,2013,11,15,0.5452036235199862
431,"Blooms, Billets And Slabs",557984,310292,2013-12-15,2013,12,15,0.5560947984171589
470,"Blooms, Billets And Slabs",689877,378650,2014-01-15,2014,1,15,0.5488659572648458
509,"Blooms, Billets And Slabs",717227,411023,2014-02-15,2014,2,15,0.5730724024611455
548,"Blooms, Billets And Slabs",717227,411023,2014-03-15,2014,3,15,0.5730724024611455
587,"Blooms, Billets And Slabs",890927,525659,2014-04-15,2014,4,15,0.5900135476868476
626,"Blooms, Billets And Slabs",985688,572024,2014-05-15,2014,5,15,0.5803296783566403
665,"Blooms, Billets And Slabs",794062,481973,2014-06-15,2014,6,15,0.6069714959285295
704,"Blooms, Billets And Slabs",697652,413120,2014-07-15,2014,7,15,0.5921576946672553
743,"Blooms, Billets And Slabs",812607,487355,2014-08-15,2014,8,15,0.5997425569801884
782,"Blooms, Billets And Slabs",854723,490235,2014-09-15,2014,9,15,0.5735600890580925
821,"Blooms, Billets And Slabs",905266,530853,2014-10-15,2014,10,15,0.586405542680273
860,"Blooms, Billets And Slabs",683394,390563,2014-11-15,2014,11,15,0.571504871274843
899,"Blooms, Billets And Slabs",613221,353080,2014-12-15,2014,12,15,0.5757793682864742
938,"Blooms, Billets And Slabs",741005,410481,2015-01-15,2015,1,15,0.5539517277211354
977,"Blooms, Billets And Slabs",725508,391950,2015-02-15,2015,2,15,0.5402421475710812
1016,"Blooms, Billets And Slabs",386378,204663,2015-03-15,2015,3,15,0.5296963077607938
1055,"Blooms, Billets And Slabs",492263,239454,2015-04-15,2015,4,15,0.48643509668612106
1094,"Blooms, Billets And Slabs",584902,266683,2015-05-15,2015,5,15,0.45594475655750877
1133,"Blooms, Billets And Slabs",554596,228135,2015-06-15,2015,6,15,0.41135348974749186
1172,"Blooms, Billets And Slabs",607520,270051,2015-07-15,2015,7,15,0.44451376086383987
1211,"Blooms, Billets And Slabs",526593,221475,2015-08-15,2015,8,15,0.4205809799978351
1250,"Blooms, Billets And Slabs",550240,255002,2015-09-15,2015,9,15,0.46343777260831637
1289,"Blooms, Billets And Slabs",693245,285433,2015-10-15,2015,10,15,0.41173466811877474
1328,"Blooms, Billets And Slabs",450473,219433,2015-11-15,2015,11,15,0.48711687492924105
1367,"Blooms, Billets And Slabs",275511,169504,2015-12-15,2015,12,15,0.6152349633952909
1406,"Blooms, Billets And Slabs",377671,196897,2016-01-15,2016,1,15,0.5213452978915512
1445,"Blooms, Billets And Slabs",158633,125152,2016-02-15,2016,2,15,0.7889405104864687
1484,"Blooms, Billets And Slabs",450510,193984,2016-03-15,2016,3,15,0.43058755632505386
1523,"Blooms, Billets And Slabs",400384,155747,2016-04-15,2016,4,15,0.38899406569693096
1562,"Blooms, Billets And Slabs",712848,233144,2016-05-15,2016,5,15,0.3270599061791574
1601,"Blooms, Billets And Slabs",500092,194462,2016-06-15,2016,6,15,0.3888524511489886
1640,"Blooms, Billets And Slabs",719914,302708,2016-07-15,2016,7,15,0.4204780015390727
1679,"Blooms, Billets And Slabs",617040,284116,2016-08-15,2016,8,15,0.4604498897964476
1718,"Blooms, Billets And Slabs",588825,271231,2016-09-15,2016,9,15,0.460630917505201
1757,"Blooms, Billets And Slabs",410513,190391,2016-10-15,2016,10,15,0.4637879920976924
1796,"Blooms, Billets And Slabs",607612,255919,2016-11-15,2016,11,15,0.4211881924649283
1835,"Blooms, Billets And Slabs",488763,217453,2016-12-15,2016,12,15,0.44490479025621826
1874,"Blooms, Billets And Slabs",435683,199379,2017-01-15,2017,1,15,0.45762400644505297
1913,"Blooms, Billets And Slabs",579578,281445,2017-02-15,2017,2,15,0.48560331827640113
1952,"Blooms, Billets And Slabs",796627,394070,2017-03-15,2017,3,15,0.49467316573503034
1991,"Blooms, Billets And Slabs",744722,408318,2017-04-15,2017,4,15,0.5482824463356796
2030,"Blooms, Billets And Slabs",776905,404013,2017-05-15,2017,5,15,0.5200288323540201
2069,"Blooms, Billets And Slabs",846103,434927,2017-06-15,2017,6,15,0.5140355252256522
2108,"Blooms, Billets And Slabs",545981,296192,2017-07-15,2017,7,15,0.5424950685097101
2147,"Blooms, Billets And Slabs",836866,393001,2017-08-15,2017,8,15,0.4696104274758444
2186,"Blooms, Billets And Slabs",553861,272700,2017-09-15,2017,9,15,0.4923618019683639
2225,"Blooms, Billets And Slabs",566294,290392,2017-10-15,2017,10,15,0.512793707861994
2264,"Blooms, Billets And Slabs",532957,279577,2017-11-15,2017,11,15,0.5245770296665585
2303,"Blooms, Billets And Slabs",513251,335026,2017-12-15,2017,12,15,0.652752746706777
2342,"Blooms, Billets And Slabs",492646,288591,2018-01-15,2018,1,15,0.5857979157447741
2381,"Blooms, Billets And Slabs",416515,274261,2018-02-15,2018,2,15,0.658466081653722
2420,"Blooms, Billets And Slabs",766088,435716,2018-03-15,2018,3,15,0.5687545033990873
2459,"Blooms, Billets And Slabs",794431,478341,2018-04-15,2018,4,15,0.6021177421324193
2498,"Blooms, Billets And Slabs",443991,310363,2018-05-15,2018,5,15,0.6990299352914812
2537,"Blooms, Billets And Slabs",579986,372695,2018-06-15,2018,6,15,0.642593097074757
2576,"Blooms, Billets And Slabs",727574,464177,2018-07-15,2018,7,15,0.6379790921610723
2615,"Blooms, Billets And Slabs",913395,570085,2018-08-15,2018,8,15,0.6241385161950744
