data/p.csv
,Product,Quantity,Value,date,year,month,day,price
3,Wire Rods,65698,57304,2013-01-15,2013,1,15,0.872233553532832
42,Wire Rods,55750,49288,2013-02-15,2013,2,15,0.8840896860986547
81,Wire Rods,55934,48867,2013-03-15,2013,3,15,0.8736546644259305
120,Wire Rods,77825,66084,2013-04-15,2013,4,15,0.8491358817860585
159,Wire Rods,102119,81081,2013-05-15,2013,5,15,0.7939854483494746
198,Wire Rods,56841,50734,2013-06-15,2013,6,15,0.8925599479249133
237,Wire Rods,86424,68526,2013-07-15,2013,7,15,0.792904748680922
276,Wire Rods,68088,55146,2013-08-15,2013,8,15,0.809922453295735
315,Wire Rods,59601,49547,2013-09-15,2013,9,15,0.8313115551752487
354,Wire Rods,56303,47884,2013-10-15,2013,10,15,0.8504697795854572
393,Wire Rods,58751,50852,2013-11-15,2013,11,15,0.8655512246600058
432,Wire Rods,53700,45995,2013-12-15,2013,12,15,0.8565176908752328
471,Wire Rods,131331,92329,2014-01-15,2014,1,15,0.7030251806504176
510,Wire Rods,119214,85319,2014-02-15,2014,2,15,0.7156793665173553
549,Wire Rods,119214,85319,2014-03-15,2014,3,15,0.7156793665173553
588,Wire Rods,204175,137804,2014-04-15,2014,4,15,0.6749308191502388
627,Wire Rods,155532,106086,2014-05-15,2014,5,15,0.6820847156855181
666,Wire Rods,138323,101674,2014-06-15,2014,6,15,0.7350476782603038
705,Wire Rods,79133,65596,2014-07-15,2014,7,15,0.8289335675381951
744,Wire Rods,96115,77536,2014-08-15,2014,8,15,0.8067003069239973
783,Wire Rods,131370,96025,2014-09-15,2014,9,15,0.7309507497906675
822,Wire Rods,139027,103048,2014-10-15,2014,10,15,0.7412085422256108
861,Wire Rods,81173,63872,2014-11-15,2014,11,15,0.7868626267354909
900,Wire Rods,110026,87097,2014-12-15,2014,12,15,0.7916038027375347
939,Wire Rods,117567,87042,2015-01-15,2015,1,15,0.7403608155349716
978,Wire Rods,128568,89371,2015-02-15,2015,2,15,0.6951263144794972
1017,Wire Rods,121451,83720,2015-03-15,2015,3,15,0.6893314999464805
1056,Wire Rods,107997,79698,2015-04-15,2015,4,15,0.737964943470652
1095,Wire Rods,98656,67893,2015-05-15,2015,5,15,0.6881791274732404
1134,Wire Rods,112364,81289,2015-06-15,2015,6,15,0.7234434516393151
1173,Wire Rods,93328,62521,2015-07-15,2015,7,15,0.6699061374935711
1212,Wire Rods,136842,88864,2015-08-15,2015,8,15,0.6493912687625144
1251,Wire Rods,123319,73789,2015-09-15,2015,9,15,0.5983587281765178
1290,Wire Rods,159392,93729,2015-10-15,2015,10,15,0.5880408050592251
1329,Wire Rods,87349,57628,2015-11-15,2015,11,15,0.6597442443531122
1368,Wire Rods,155034,79271,2015-12-15,2015,12,15,0.511313647328973
1407,Wire Rods,116668,68905,2016-01-15,2016,1,15,0.5906075359138753
1446,Wire Rods,126347,62687,2016-02-15,2016,2,15,0.49614949306275574
1485,Wire Rods,127069,68590,2016-03-15,2016,3,15,0.5397854708858967
1524,Wire Rods,118582,62443,2016-04-15,2016,4,15,0.52658076267899
1563,Wire Rods,131860,70136,2016-05-15,2016,5,15,0.5318974670104657
1602,Wire Rods,124507,71631,2016-06-15,2016,6,15,0.5753170504469628
1641,Wire Rods,115358,66515,2016-07-15,2016,7,15,0.5765963348879142
1680,Wire Rods,142352,76908,2016-08-15,2016,8,15,0.5402663819264921
1719,Wire Rods,119009,65954,2016-09-15,2016,9,15,0.5541933803325799
1758,Wire Rods,137094,77175,2016-10-15,2016,10,15,0.5629349205654515
1797,Wire Rods,94042,54174,2016-11-15,2016,11,15,0.5760617596393101
1836,Wire Rods,92816,56451,2016-12-15,2016,12,15,0.6082033270125841
1875,Wire Rods,97582,58621,2017-01-15,2017,1,15,0.6007357914369453
1914,Wire Rods,124274,67823,2017-02-15,2017,2,15,0.5457537377086116
1953,Wire Rods,154042,96067,2017-03-15,2017,3,15,0.6236416042378052
1992,Wire Rods,142642,89997,2017-04-15,2017,4,15,0.6309291793440922
2031,Wire Rods,155393,99581,2017-05-15,2017,5,15,0.6408332421666355
2070,Wire Rods,157351,97464,2017-06-15,2017,6,15,0.6194050244358155
2109,Wire Rods,144442,89153,2017-07-15,2017,7,15,0.6172235222442226
2148,Wire Rods,114869,75888,2017-08-15,2017,8,15,0.6606482166642
2187,Wire Rods,84043,56943,2017-09-15,2017,9,15,0.6775460181097771
2226,Wire Rods,110770,73878,2017-10-15,2017,10,15,0.6669495350726731
2265,Wire Rods,72784,52038,2017-11-15,2017,11,15,0.714964827434601
2304,Wire Rods,76138,52293,2017-12-15,2017,12,15,0.6868186713598992
2343,Wire Rods,66264,52900,2018-01-15,2018,1,15,0.7983218640589158
2382,Wire Rods,99673,67911,2018-02-15,2018,2,15,0.6813379751788348
2421,Wire Rods,81332,67639,2018-03-15,2018,3,15,0.8316406826341416
2460,Wire Rods,76359,67132,2018-04-15,2018,4,15,0.8791629015571184
2499,Wire Rods,123018,98656,2018-05-15,2018,5,15,0.8019639402363882
2538,Wire Rods,74635,63879,2018-06-15,2018,6,15,0.8558853085013733
2577,Wire Rods,77439,65285,2018-07-15,2018,7,15,0.843050659228554
2616,Wire Rods,108328,86110,2018-08-15,2018,8,15,0.7949006720330847
4,Structural Shapes Heavy,44451,37207,2013-01-15,2013,1,15,0.8370340374794718
43,Structural Shapes Heavy,44633,34851,2013-02-15,2013,2,15,0.7808348083256783
82,Structural Shapes Heavy,48563,39883,2013-03-15,2013,3,15,0.8212631015382081
121,Structural Shapes Heavy,47256,40699,2013-04-15,2013,4,15,0.8612451328931776
160,Structural Shapes Heavy,50093,41641,2013-05-15,2013,5,15,0.8312738306749446
199,Structural Shapes Heavy,48300,39900,2013-06-15,2013,6,15,0.8260869565217391
238,Structural Shapes Heavy,45490,39695,2013-07-15,2013,7,15,0.8726093646955375
277,Structural Shapes Heavy,36091,32601,2013-08-15,2013,8,15,0.9032999916876784
316,Structural Shapes Heavy,38122,33451,2013-09-15,2013,9,15,0.8774723256912019
355,Structural Shapes Heavy,42284,35785,2013-10-15,2013,10,15,0.8463012014000567
394,Structural Shapes Heavy,40007,33792,2013-11-15,2013,11,15,0.8446521858674731
433,Structural Shapes Heavy,33258,29659,2013-12-15,2013,12,15,0.8917854350832882
472,Structural Shapes Heavy,36630,33514,2014-01-15,2014,1,15,0.9149331149331149
511,Structural Shapes Heavy,45724,38322,2014-02-15,2014,2,15,0.8381156504242848
550,Structural Shapes Heavy,45724,38322,2014-03-15,2014,3,15,0.8381156504242848
589,Structural Shapes Heavy,65464,52646,2014-04-15,2014,4,15,0.8041977269949896
628,Structural Shapes Heavy,94257,73963,2014-05-15,2014,5,15,0.7846950359124522
667,Structural Shapes Heavy,72243,56478,2014-06-15,2014,6,15,0.7817781653585815
706,Structural Shapes Heavy,100206,81866,2014-07-15,2014,7,15,0.8169770273237131
745,Structural Shapes Heavy,70530,59404,2014-08-15,2014,8,15,0.8422515241741103
784,Structural Shapes Heavy,63595,55183,2014-09-15,2014,9,15,0.8677254501140027
823,Structural Shapes Heavy,104652,83981,2014-10-15,2014,10,15,0.8024786912815809
862,Structural Shapes Heavy,71274,62371,2014-11-15,2014,11,15,0.875087689760642
901,Structural Shapes Heavy,63909,54208,2014-12-15,2014,12,15,0.8482060429673441
940,Structural Shapes Heavy,57414,49937,2015-01-15,2015,1,15,0.8697704392656843
979,Structural Shapes Heavy,83916,64841,2015-02-15,2015,2,15,0.7726893560226894
1018,Structural Shapes Heavy,88075,68684,2015-03-15,2015,3,15,0.779835367584445
1057,Structural Shapes Heavy,110530,83118,2015-04-15,2015,4,15,0.7519949335022166
1096,Structural Shapes Heavy,45355,35917,2015-05-15,2015,5,15,0.7919082791312976
1135,Structural Shapes Heavy,59840,45948,2015-06-15,2015,6,15,0.7678475935828877
1174,Structural Shapes Heavy,67164,48471,2015-07-15,2015,7,15,0.7216812578166875
1213,Structural Shapes Heavy,64515,49270,2015-08-15,2015,8,15,0.7636983647213826
1252,Structural Shapes Heavy,47810,35071,2015-09-15,2015,9,15,0.7335494666387785
1291,Structural Shapes Heavy,63685,44576,2015-10-15,2015,10,15,0.6999450420036115
1330,Structural Shapes Heavy,55168,37929,2015-11-15,2015,11,15,0.687518126450116
1369,Structural Shapes Heavy,80555,49223,2015-12-15,2015,12,15,0.6110483520576004
1408,Structural Shapes Heavy,87010,49950,2016-01-15,2016,1,15,0.5740719457533617
1447,Structural Shapes Heavy,57822,38735,2016-02-15,2016,2,15,0.6699007298260178
1486,Structural Shapes Heavy,63315,41189,2016-03-15,2016,3,15,0.6505409460633341
1525,Structural Shapes Heavy,57496,35262,2016-04-15,2016,4,15,0.6132948379017671
1564,Structural Shapes Heavy,76231,43082,2016-05-15,2016,5,15,0.5651506604924506
1603,Structural Shapes Heavy,90400,51151,2016-06-15,2016,6,15,0.5658296460176991
1642,Structural Shapes Heavy,62218,38484,2016-07-15,2016,7,15,0.6185348291491208
1681,Structural Shapes Heavy,62725,41455,2016-08-15,2016,8,15,0.6609007572738143
1720,Structural Shapes Heavy,49029,32309,2016-09-15,2016,9,15,0.6589773399416672
1759,Structural Shapes Heavy,82270,47083,2016-10-15,2016,10,15,0.5722985292330133
1798,Structural Shapes Heavy,53490,33830,2016-11-15,2016,11,15,0.6324546644232567
1837,Structural Shapes Heavy,52474,33270,2016-12-15,2016,12,15,0.634028280672333
1876,Structural Shapes Heavy,58369,38168,2017-01-15,2017,1,15,0.6539087529339204
1915,Structural Shapes Heavy,39084,29536,2017-02-15,2017,2,15,0.7557056596049534
1954,Structural Shapes Heavy,71558,47761,2017-03-15,2017,3,15,0.6674445904021913
1993,Structural Shapes Heavy,89369,56446,2017-04-15,2017,4,15,0.6316060378878582
2032,Structural Shapes Heavy,63604,42938,2017-05-15,2017,5,15,0.6750833280925728
2071,Structural Shapes Heavy,89065,56906,2017-06-15,2017,6,15,0.6389266266210071
2110,Structural Shapes Heavy,91691,57881,2017-07-15,2017,7,15,0.6312615196693241
2149,Structural Shapes Heavy,77800,49942,2017-08-15,2017,8,15,0.6419280205655526
2188,Structural Shapes Heavy,59950,40560,2017-09-15,2017,9,15,0.6765638031693078
2227,Structural Shapes Heavy,56047,39650,2017-10-15,2017,10,15,0.7074419683479937
2266,Structural Shapes Heavy,34784,29430,2017-11-15,2017,11,15,0.8460786568537259
2305,Structural Shapes Heavy,48684,34965,2017-12-15,2017,12,15,0.7182031057431599
2344,Structural Shapes Heavy,35752,28250,2018-01-15,2018,1,15,0.7901655851420899
2383,Structural Shapes Heavy,59134,42826,2018-02-15,2018,2,15,0.7242195691142151
2422,Structural Shapes Heavy,58791,42918,2018-03-15,2018,3,15,0.7300096953615349
2461,Structural Shapes Heavy,92064,64706,2018-04-15,2018,4,15,0.7028371567605144
2500,Structural Shapes Heavy,61541,47459,2018-05-15,2018,5,15,0.7711769389512683
2539,Structural Shapes Heavy,20458,16817,2018-06-15,2018,6,15,0.8220256134519504
2578,Structural Shapes Heavy,45522,33714,2018-07-15,2018,7,15,0.7406089363384737
2617,Structural Shapes Heavy,33324,26927,2018-08-15,2018,8,15,0.808036250150042
5,Steel Piling,15959,17231,2013-01-15,2013,1,15,1.0797042421204337
44,Steel Piling,3476,3709,2013-02-15,2013,2,15,1.0670310701956272
83,Steel Piling,20370,24402,2013-03-15,2013,3,15,1.1979381443298969
122,Steel Piling,7466,8325,2013-04-15,2013,4,15,1.1150549156174658
161,Steel Piling,14250,17152,2013-05-15,2013,5,15,1.2036491228070176
200,Steel Piling,7044,8923,2013-06-15,2013,6,15,1.2667518455423055
239,Steel Piling,5663,6431,2013-07-15,2013,7,15,1.1356171640473247
278,Steel Piling,6995,7754,2013-08-15,2013,8,15,1.108506075768406
317,Steel Piling,6714,7517,2013-09-15,2013,9,15,1.119600834078046
356,Steel Piling,9194,10701,2013-10-15,2013,10,15,1.163911246465086
395,Steel Piling,8671,9285,2013-11-15,2013,11,15,1.0708107484719178
434,Steel Piling,9366,9727,2013-12-15,2013,12,15,1.0385436685885117
473,Steel Piling,6480,7232,2014-01-15,2014,1,15,1.1160493827160494
512,Steel Piling,13733,15311,2014-02-15,2014,2,15,1.1149057015946988
551,Steel Piling,13733,15311,2014-03-15,2014,3,15,1.1149057015946988
590,Steel Piling,18127,19760,2014-04-15,2014,4,15,1.0900866111325647
629,Steel Piling,14202,14941,2014-05-15,2014,5,15,1.0520349246584988
668,Steel Piling,16398,18674,2014-06-15,2014,6,15,1.1387974143188193
707,Steel Piling,11408,11952,2014-07-15,2014,7,15,1.0476858345021038
746,Steel Piling,3880,4259,2014-08-15,2014,8,15,1.0976804123711341
785,Steel Piling,12169,13775,2014-09-15,2014,9,15,1.1319746897855205
824,Steel Piling,10562,12593,2014-10-15,2014,10,15,1.1922931263018368
863,Steel Piling,12927,14706,2014-11-15,2014,11,15,1.1376189371083778
902,Steel Piling,9681,11132,2014-12-15,2014,12,15,1.1498812106187377
941,Steel Piling,9528,11235,2015-01-15,2015,1,15,1.1791561712846348
980,Steel Piling,8650,9591,2015-02-15,2015,2,15,1.10878612716763
1019,Steel Piling,17224,19100,2015-03-15,2015,3,15,1.1089177891314446
1058,Steel Piling,12886,13689,2015-04-15,2015,4,15,1.0623156914480831
1097,Steel Piling,6330,7919,2015-05-15,2015,5,15,1.2510268562401263
1136,Steel Piling,13105,12939,2015-06-15,2015,6,15,0.9873330789774895
1175,Steel Piling,2864,2814,2015-07-15,2015,7,15,0.9825418994413407
1214,Steel Piling,7458,7312,2015-08-15,2015,8,15,0.9804237060874229
1253,Steel Piling,14237,14415,2015-09-15,2015,9,15,1.0125026339818781
1292,Steel Piling,8864,9416,2015-10-15,2015,10,15,1.062274368231047
1331,Steel Piling,10967,10409,2015-11-15,2015,11,15,0.9491200875353333
1370,Steel Piling,13937,13803,2015-12-15,2015,12,15,0.9903853053024324
1409,Steel Piling,9840,9995,2016-01-15,2016,1,15,1.0157520325203253
1448,Steel Piling,9871,9738,2016-02-15,2016,2,15,0.9865261878229156
1487,Steel Piling,7657,7570,2016-03-15,2016,3,15,0.9886378477210396
1526,Steel Piling,5992,6471,2016-04-15,2016,4,15,1.079939919893191
1565,Steel Piling,8092,8224,2016-05-15,2016,5,15,1.0163124073158676
1604,Steel Piling,4262,4486,2016-06-15,2016,6,15,1.052557484748944
1643,Steel Piling,3725,3893,2016-07-15,2016,7,15,1.0451006711409396
1682,Steel Piling,5203,4883,2016-08-15,2016,8,15,0.9384970209494522
1721,Steel Piling,5447,4899,2016-09-15,2016,9,15,0.8993941619239949
1760,Steel Piling,10399,9930,2016-10-15,2016,10,15,0.9548995095682277
1799,Steel Piling,2382,2177,2016-11-15,2016,11,15,0.9139378673383711
1838,Steel Piling,10490,9330,2016-12-15,2016,12,15,0.8894184938036225
1877,Steel Piling,11205,10461,2017-01-15,2017,1,15,0.9336010709504685
1916,Steel Piling,3486,2726,2017-02-15,2017,2,15,0.7819850831899025
1955,Steel Piling,6119,4702,2017-03-15,2017,3,15,0.7684262134335675
1994,Steel Piling,12182,10204,2017-04-15,2017,4,15,0.8376292891150878
2033,Steel Piling,10147,8800,2017-05-15,2017,5,15,0.8672514043559673
2072,Steel Piling,12381,10214,2017-06-15,2017,6,15,0.8249737501009612
2111,Steel Piling,4870,4202,2017-07-15,2017,7,15,0.8628336755646817
2150,Steel Piling,8224,7822,2017-08-15,2017,8,15,0.9511186770428015
2189,Steel Piling,4114,4212,2017-09-15,2017,9,15,1.0238210986874088
2228,Steel Piling,8749,7136,2017-10-15,2017,10,15,0.8156360726940222
2267,Steel Piling,11396,11186,2017-11-15,2017,11,15,0.9815724815724816
2306,Steel Piling,8301,8185,2017-12-15,2017,12,15,0.9860257800265029
2345,Steel Piling,7466,5868,2018-01-15,2018,1,15,0.7859630324136083
2384,Steel Piling,9501,9802,2018-02-15,2018,2,15,1.031680875697295
2423,Steel Piling,9323,8382,2018-03-15,2018,3,15,0.8990668239836962
2462,Steel Piling,2444,1928,2018-04-15,2018,4,15,0.7888707037643208
2501,Steel Piling,9629,7869,2018-05-15,2018,5,15,0.8172188181534946
2540,Steel Piling,885,1088,2018-06-15,2018,6,15,1.2293785310734464
2579,Steel Piling,4863,3580,2018-07-15,2018,7,15,0.7361710878058811
2618,Steel Piling,3346,2531,2018-08-15,2018,8,15,0.7564255827854154
