data/p.csv
,Product,Quantity,Value,date,year,month,day,price
6,Plates Cut Lengths,62327,92521,2013-01-15,2013,1,15,1.4844449436038956
45,Plates Cut Lengths,101507,114323,2013-02-15,2013,2,15,1.1262573024520477
84,Plates Cut Lengths,72963,93246,2013-03-15,2013,3,15,1.2779902142181654
123,Plates Cut Lengths,125788,130024,2013-04-15,2013,4,15,1.0336757083346584
162,Plates Cut Lengths,70326,83997,2013-05-15,2013,5,15,1.1943946762221653
201,Plates Cut Lengths,70704,79762,2013-06-15,2013,6,15,1.128111563702195
240,Plates Cut Lengths,60188,72569,2013-07-15,2013,7,15,1.2057054562371237
279,Plates Cut Lengths,53843,65024,2013-08-15,2013,8,15,1.2076593057593374
318,Plates Cut Lengths,86295,87802,2013-09-15,2013,9,15,1.0174633524537922
357,Plates Cut Lengths,79673,82813,2013-10-15,2013,10,15,1.0394110928419917
396,Plates Cut Lengths,72106,76269,2013-11-15,2013,11,15,1.0577344465093057
435,Plates Cut Lengths,66551,77475,2013-12-15,2013,12,15,1.164144791212754
474,Plates Cut Lengths,65641,69789,2014-01-15,2014,1,15,1.063192212184458
513,Plates Cut Lengths,118122,108946,2014-02-15,2014,2,15,0.9223176038333248
552,Plates Cut Lengths,118122,108946,2014-03-15,2014,3,15,0.9223176038333248
591,Plates Cut Lengths,125806,116883,2014-04-15,2014,4,15,0.9290733351350492
630,Plates Cut Lengths,125277,117336,2014-05-15,2014,5,15,0.9366124667736296
669,Plates Cut Lengths,157485,146370,2014-06-15,2014,6,15,0.9294218496999714
708,Plates Cut Lengths,146810,147132,2014-07-15,2014,7,15,1.0021933110823513
747,Plates Cut Lengths,137078,140981,2014-08-15,2014,8,15,1.0284728402807162
786,Plates Cut Lengths,171473,160089,2014-09-15,2014,9,15,0.9336105392685728
825,Plates Cut Lengths,182278,179622,2014-10-15,2014,10,15,0.9854288504372443
864,Plates Cut Lengths,173709,157334,2014-11-15,2014,11,15,0.9057331514199034
903,Plates Cut Lengths,186872,191976,2014-12-15,2014,12,15,1.0273128130485039
942,Plates Cut Lengths,195764,172565,2015-01-15,2015,1,15,0.881495065487015
981,Plates Cut Lengths,167809,150937,2015-02-15,2015,2,15,0.8994571208933967
1020,Plates Cut Lengths,141878,133096,2015-03-15,2015,3,15,0.9381017493903213
1059,Plates Cut Lengths,103948,101896,2015-04-15,2015,4,15,0.9802593604494555
1098,Plates Cut Lengths,117349,104960,2015-05-15,2015,5,15,0.8944260283428065
1137,Plates Cut Lengths,102594,89901,2015-06-15,2015,6,15,0.8762793145798
1176,Plates Cut Lengths,114108,100277,2015-07-15,2015,7,15,0.8787902688680899
1215,Plates Cut Lengths,77188,67288,2015-08-15,2015,8,15,0.8717417215111157
1254,Plates Cut Lengths,128541,99951,2015-09-15,2015,9,15,0.7775806940976031
1293,Plates Cut Lengths,53172,47257,2015-10-15,2015,10,15,0.8887572406529752
1332,Plates Cut Lengths,76441,65024,2015-11-15,2015,11,15,0.8506429795528577
1371,Plates Cut Lengths,126296,93199,2015-12-15,2015,12,15,0.7379410274276303
1410,Plates Cut Lengths,93617,81285,2016-01-15,2016,1,15,0.8682717882435882
1449,Plates Cut Lengths,97843,82424,2016-02-15,2016,2,15,0.8424108009770755
1488,Plates Cut Lengths,118044,95895,2016-03-15,2016,3,15,0.8123665751753584
1527,Plates Cut Lengths,111274,82149,2016-04-15,2016,4,15,0.738258712727142
1566,Plates Cut Lengths,106667,76235,2016-05-15,2016,5,15,0.7147008915597138
1605,Plates Cut Lengths,94960,73213,2016-06-15,2016,6,15,0.7709877843302443
1644,Plates Cut Lengths,119368,92213,2016-07-15,2016,7,15,0.7725102204946049
1683,Plates Cut Lengths,101355,78258,2016-08-15,2016,8,15,0.7721178037590647
1722,Plates Cut Lengths,92730,72896,2016-09-15,2016,9,15,0.786110212444732
1761,Plates Cut Lengths,71657,56399,2016-10-15,2016,10,15,0.7870689534867493
1800,Plates Cut Lengths,63452,50006,2016-11-15,2016,11,15,0.7880917859169135
1839,Plates Cut Lengths,43030,42296,2016-12-15,2016,12,15,0.9829421333953056
1878,Plates Cut Lengths,56677,48518,2017-01-15,2017,1,15,0.8560438978774458
1917,Plates Cut Lengths,44432,40957,2017-02-15,2017,2,15,0.9217906013683832
1956,Plates Cut Lengths,54778,48200,2017-03-15,2017,3,15,0.87991529446128
1995,Plates Cut Lengths,50206,53123,2017-04-15,2017,4,15,1.0581006254232561
2034,Plates Cut Lengths,73187,64028,2017-05-15,2017,5,15,0.874854823944143
2073,Plates Cut Lengths,72418,68620,2017-06-15,2017,6,15,0.9475544754066668
2112,Plates Cut Lengths,93148,78810,2017-07-15,2017,7,15,0.8460729162193499
2151,Plates Cut Lengths,69232,61206,2017-08-15,2017,8,15,0.8840709498497804
2190,Plates Cut Lengths,57182,52234,2017-09-15,2017,9,15,0.9134692735476199
2229,Plates Cut Lengths,72577,64539,2017-10-15,2017,10,15,0.8892486600438155
2268,Plates Cut Lengths,60216,54190,2017-11-15,2017,11,15,0.8999269297196758
2307,Plates Cut Lengths,47104,47719,2017-12-15,2017,12,15,1.0130562160326086
2346,Plates Cut Lengths,48968,51608,2018-01-15,2018,1,15,1.0539127593530468
2385,Plates Cut Lengths,53193,55894,2018-02-15,2018,2,15,1.050777357923035
2424,Plates Cut Lengths,55629,62121,2018-03-15,2018,3,15,1.1167017203257295
2463,Plates Cut Lengths,64480,74089,2018-04-15,2018,4,15,1.149022952853598
2502,Plates Cut Lengths,66853,73708,2018-05-15,2018,5,15,1.1025384051575846
2541,Plates Cut Lengths,31336,40041,2018-06-15,2018,6,15,1.2777955067653817
2580,Plates Cut Lengths,41174,54255,2018-07-15,2018,7,15,1.3177004906008647
2619,Plates Cut Lengths,46570,55409,2018-08-15,2018,8,15,1.1898003006227185
7,Plates In Coils,73768,66680,2013-01-15,2013,1,15,0.9039149766836568
46,Plates In Coils,91415,78479,2013-02-15,2013,2,15,0.858491494831264
85,Plates In Coils,70916,53969,2013-03-15,2013,3,15,0.7610271306898302
124,Plates In Coils,114405,96228,2013-04-15,2013,4,15,0.8411170840435296
163,Plates In Coils,65047,52486,2013-05-15,2013,5,15,0.8068934770243055
202,Plates In Coils,84425,61924,2013-06-15,2013,6,15,0.7334794196031981
241,Plates In Coils,79524,56651,2013-07-15,2013,7,15,0.7123761380212263
280,Plates In Coils,89674,65595,2013-08-15,2013,8,15,0.7314829270468586
319,Plates In Coils,117383,79676,2013-09-15,2013,9,15,0.678769498138572
358,Plates In Coils,90962,73003,2013-10-15,2013,10,15,0.8025659066423342
397,Plates In Coils,90880,69889,2013-11-15,2013,11,15,0.769025088028169
436,Plates In Coils,98320,75304,2013-12-15,2013,12,15,0.7659072416598861
475,Plates In Coils,140179,101007,2014-01-15,2014,1,15,0.7205572874681657
514,Plates In Coils,131262,96182,2014-02-15,2014,2,15,0.7327482439700751
553,Plates In Coils,131262,96182,2014-03-15,2014,3,15,0.7327482439700751
592,Plates In Coils,153973,111594,2014-04-15,2014,4,15,0.7247634325498626
631,Plates In Coils,136914,99551,2014-05-15,2014,5,15,0.727106066581942
670,Plates In Coils,112780,85172,2014-06-15,2014,6,15,0.7552048235502749
709,Plates In Coils,224226,159158,2014-07-15,2014,7,15,0.7098106374818264
748,Plates In Coils,170057,120898,2014-08-15,2014,8,15,0.7109263364636563
787,Plates In Coils,168150,116094,2014-09-15,2014,9,15,0.6904192685102587
826,Plates In Coils,231595,164461,2014-10-15,2014,10,15,0.7101232755456724
865,Plates In Coils,183683,131994,2014-11-15,2014,11,15,0.7185967128150128
904,Plates In Coils,202772,139056,2014-12-15,2014,12,15,0.6857751563332215
943,Plates In Coils,227392,158240,2015-01-15,2015,1,15,0.6958907965099915
982,Plates In Coils,203396,143936,2015-02-15,2015,2,15,0.7076638675293516
1021,Plates In Coils,218583,154374,2015-03-15,2015,3,15,0.7062488848629582
1060,Plates In Coils,135632,80903,2015-04-15,2015,4,15,0.5964890291376667
1099,Plates In Coils,146291,81719,2015-05-15,2015,5,15,0.5586057925641359
1138,Plates In Coils,135229,80134,2015-06-15,2015,6,15,0.5925799939362119
1177,Plates In Coils,174316,98941,2015-07-15,2015,7,15,0.567595630923151
1216,Plates In Coils,123558,67568,2015-08-15,2015,8,15,0.5468524903284288
1255,Plates In Coils,105425,58071,2015-09-15,2015,9,15,0.5508276025610623
1294,Plates In Coils,106084,59983,2015-10-15,2015,10,15,0.5654292824554127
1333,Plates In Coils,124783,85603,2015-11-15,2015,11,15,0.686014921904426
1372,Plates In Coils,116262,68643,2015-12-15,2015,12,15,0.5904164731382567
1411,Plates In Coils,145167,78942,2016-01-15,2016,1,15,0.5438012771497654
1450,Plates In Coils,85496,44175,2016-02-15,2016,2,15,0.5166908393375129
1489,Plates In Coils,70582,36297,2016-03-15,2016,3,15,0.5142529256751013
1528,Plates In Coils,72977,39028,2016-04-15,2016,4,15,0.5347986351864286
1567,Plates In Coils,72970,38871,2016-05-15,2016,5,15,0.532698369192819
1606,Plates In Coils,101984,55612,2016-06-15,2016,6,15,0.545301223721368
1645,Plates In Coils,120140,67549,2016-07-15,2016,7,15,0.5622523722323955
1684,Plates In Coils,96671,58432,2016-08-15,2016,8,15,0.6044418698472137
1723,Plates In Coils,96077,58218,2016-09-15,2016,9,15,0.6059514764199548
1762,Plates In Coils,107702,65543,2016-10-15,2016,10,15,0.6085588011364691
1801,Plates In Coils,135250,74305,2016-11-15,2016,11,15,0.5493900184842884
1840,Plates In Coils,111056,66204,2016-12-15,2016,12,15,0.5961316813139317
1879,Plates In Coils,96122,57930,2017-01-15,2017,1,15,0.6026716048355215
1918,Plates In Coils,64201,45915,2017-02-15,2017,2,15,0.7151757760782542
1957,Plates In Coils,84390,62266,2017-03-15,2017,3,15,0.7378362365209148
1996,Plates In Coils,90838,69003,2017-04-15,2017,4,15,0.7596270283361589
2035,Plates In Coils,123734,92490,2017-05-15,2017,5,15,0.7474905846412465
2074,Plates In Coils,137568,98649,2017-06-15,2017,6,15,0.7170926378227495
2113,Plates In Coils,108134,76933,2017-07-15,2017,7,15,0.7114598553646402
2152,Plates In Coils,91668,66591,2017-08-15,2017,8,15,0.72643670637518
2191,Plates In Coils,101677,73585,2017-09-15,2017,9,15,0.7237133274978609
2230,Plates In Coils,125084,90268,2017-10-15,2017,10,15,0.7216590451216782
2269,Plates In Coils,122503,90821,2017-11-15,2017,11,15,0.7413777621772528
2308,Plates In Coils,92676,64576,2017-12-15,2017,12,15,0.6967931287496223
2347,Plates In Coils,102408,71316,2018-01-15,2018,1,15,0.6963909069603937
2386,Plates In Coils,85961,61977,2018-02-15,2018,2,15,0.7209897511662265
2425,Plates In Coils,137282,100909,2018-03-15,2018,3,15,0.7350490231785668
2464,Plates In Coils,152527,114865,2018-04-15,2018,4,15,0.7530797825958683
2503,Plates In Coils,146850,121474,2018-05-15,2018,5,15,0.827197820905686
2542,Plates In Coils,98027,78861,2018-06-15,2018,6,15,0.8044824385118385
2581,Plates In Coils,121625,102073,2018-07-15,2018,7,15,0.8392435765673176
2620,Plates In Coils,115147,98063,2018-08-15,2018,8,15,0.8516331298253537
8,Rails Standard,27094,27405,2013-01-15,2013,1,15,1.0114785561378903
47,Rails Standard,27469,25524,2013-02-15,2013,2,15,0.9291929083694347
86,Rails Standard,18113,18539,2013-03-15,2013,3,15,1.023519019488765
125,Rails Standard,48899,42739,2013-04-15,2013,4,15,0.8740260537025297
164,Rails Standard,35370,32478,2013-05-15,2013,5,15,0.9182357930449534
203,Rails Standard,33514,29808,2013-06-15,2013,6,15,0.8894193471385092
242,Rails Standard,8189,7829,2013-07-15,2013,7,15,0.9560385883502259
281,Rails Standard,40590,37024,2013-08-15,2013,8,15,0.9121458487312146
320,Rails Standard,26122,22547,2013-09-15,2013,9,15,0.8631421790062017
359,Rails Standard,6236,6075,2013-10-15,2013,10,15,0.9741821680564464
398,Rails Standard,20328,17696,2013-11-15,2013,11,15,0.8705234159779615
437,Rails Standard,13093,11674,2013-12-15,2013,12,15,0.8916214771251814
476,Rails Standard,25681,23511,2014-01-15,2014,1,15,0.9155017327985671
515,Rails Standard,16350,16072,2014-02-15,2014,2,15,0.9829969418960245
554,Rails Standard,16350,16072,2014-03-15,2014,3,15,0.9829969418960245
593,Rails Standard,33224,30645,2014-04-15,2014,4,15,0.9223753912834096
632,Rails Standard,12394,11427,2014-05-15,2014,5,15,0.9219783766338551
671,Rails Standard,14503,13506,2014-06-15,2014,6,15,0.9312556022891816
710,Rails Standard,24246,22101,2014-07-15,2014,7,15,0.9115317990596387
749,Rails Standard,30817,25665,2014-08-15,2014,8,15,0.8328195476522698
788,Rails Standard,13458,11631,2014-09-15,2014,9,15,0.8642443156486848
827,Rails Standard,44399,38586,2014-10-15,2014,10,15,0.8690736277844096
866,Rails Standard,14704,12696,2014-11-15,2014,11,15,0.8634385201305768
905,Rails Standard,39283,33094,2014-12-15,2014,12,15,0.8424509329735509
944,Rails Standard,25918,21870,2015-01-15,2015,1,15,0.8438151091905239
983,Rails Standard,31434,25657,2015-02-15,2015,2,15,0.8162181077813833
1022,Rails Standard,2720,2446,2015-03-15,2015,3,15,0.899264705882353
1061,Rails Standard,11594,9111,2015-04-15,2015,4,15,0.7858375021562878
1100,Rails Standard,25871,19972,2015-05-15,2015,5,15,0.7719840748328244
1139,Rails Standard,9114,7449,2015-06-15,2015,6,15,0.8173140223831468
1178,Rails Standard,46167,35368,2015-07-15,2015,7,15,0.7660883314921914
1217,Rails Standard,9855,7447,2015-08-15,2015,8,15,0.7556570268899035
1256,Rails Standard,41848,31144,2015-09-15,2015,9,15,0.7442171668896961
1295,Rails Standard,26197,20019,2015-10-15,2015,10,15,0.7641714700156507
1334,Rails Standard,19609,13820,2015-11-15,2015,11,15,0.7047784180733336
1373,Rails Standard,7490,7311,2015-12-15,2015,12,15,0.9761014686248332
1412,Rails Standard,28505,26140,2016-01-15,2016,1,15,0.9170320996316436
1451,Rails Standard,7354,5398,2016-02-15,2016,2,15,0.7340223007886865
1490,Rails Standard,32353,22882,2016-03-15,2016,3,15,0.7072605322535778
1529,Rails Standard,8643,6549,2016-04-15,2016,4,15,0.7577230128427629
1568,Rails Standard,7518,5751,2016-05-15,2016,5,15,0.7649640861931365
1607,Rails Standard,20497,13687,2016-06-15,2016,6,15,0.6677562570132215
1646,Rails Standard,29582,20070,2016-07-15,2016,7,15,0.678453113379758
1685,Rails Standard,47093,33395,2016-08-15,2016,8,15,0.7091287452487631
1724,Rails Standard,18388,12068,2016-09-15,2016,9,15,0.6562975853817707
1763,Rails Standard,28765,20904,2016-10-15,2016,10,15,0.7267164957413523
1802,Rails Standard,10753,7208,2016-11-15,2016,11,15,0.6703245605877429
1841,Rails Standard,13707,9303,2016-12-15,2016,12,15,0.6787043116655723
1880,Rails Standard,38134,25592,2017-01-15,2017,1,15,0.6711071484764253
1919,Rails Standard,1763,1634,2017-02-15,2017,2,15,0.926829268292683
1958,Rails Standard,23638,19930,2017-03-15,2017,3,15,0.8431339368812928
1997,Rails Standard,19465,14417,2017-04-15,2017,4,15,0.7406627279732854
2036,Rails Standard,31064,24159,2017-05-15,2017,5,15,0.7777169714138553
2075,Rails Standard,23645,15236,2017-06-15,2017,6,15,0.6443645591034045
2114,Rails Standard,25070,22317,2017-07-15,2017,7,15,0.8901874750698046
2153,Rails Standard,8059,5144,2017-08-15,2017,8,15,0.638292592133019
2192,Rails Standard,19269,14932,2017-09-15,2017,9,15,0.774923452177072
2231,Rails Standard,1312,1184,2017-10-15,2017,10,15,0.9024390243902439
2270,Rails Standard,21463,16981,2017-11-15,2017,11,15,0.7911755113451056
2309,Rails Standard,2111,2298,2017-12-15,2017,12,15,1.0885836096636665
2348,Rails Standard,30388,22630,2018-01-15,2018,1,15,0.7447018559957879
2387,Rails Standard,18897,11527,2018-02-15,2018,2,15,0.609991003863047
2426,Rails Standard,38410,29705,2018-03-15,2018,3,15,0.7733663108565477
2465,Rails Standard,418,455,2018-04-15,2018,4,15,1.0885167464114833
2504,Rails Standard,787,871,2018-05-15,2018,5,15,1.1067344345616263
2543,Rails Standard,26898,20345,2018-06-15,2018,6,15,0.7563759387315042
2582,Rails Standard,743,634,2018-07-15,2018,7,15,0.8532974427994616
2621,Rails Standard,975,779,2018-08-15,2018,8,15,0.798974358974359
