data/p.csv
,Product,Quantity,Value,date,year,month,day,price
9,Rails All Other,2406,2352,2013-01-15,2013,1,15,0.9775561097256857
48,Rails All Other,358,415,2013-02-15,2013,2,15,1.1592178770949721
87,Rails All Other,1410,1283,2013-03-15,2013,3,15,0.9099290780141844
126,Rails All Other,13337,11240,2013-04-15,2013,4,15,0.842768238734348
165,Rails All Other,2158,2217,2013-05-15,2013,5,15,1.0273401297497684
204,Rails All Other,1259,1250,2013-06-15,2013,6,15,0.9928514694201748
243,Rails All Other,985,1159,2013-07-15,2013,7,15,1.1766497461928933
282,Rails All Other,2512,2343,2013-08-15,2013,8,15,0.9327229299363057
321,Rails All Other,1067,1026,2013-09-15,2013,9,15,0.9615745079662605
360,Rails All Other,962,890,2013-10-15,2013,10,15,0.9251559251559252
399,Rails All Other,1095,1095,2013-11-15,2013,11,15,1.0
438,Rails All Other,5211,7028,2013-12-15,2013,12,15,1.3486854730378046
477,Rails All Other,2005,1874,2014-01-15,2014,1,15,0.9346633416458853
516,Rails All Other,1516,1782,2014-02-15,2014,2,15,1.175461741424802
555,Rails All Other,1516,1782,2014-03-15,2014,3,15,1.175461741424802
594,Rails All Other,3501,3471,2014-04-15,2014,4,15,0.9914310197086547
633,Rails All Other,1855,1980,2014-05-15,2014,5,15,1.0673854447439353
672,Rails All Other,1532,1573,2014-06-15,2014,6,15,1.026762402088773
711,Rails All Other,1495,1428,2014-07-15,2014,7,15,0.9551839464882943
750,Rails All Other,11859,9519,2014-08-15,2014,8,15,0.802681507715659
789,Rails All Other,1493,1444,2014-09-15,2014,9,15,0.9671801741460148
828,Rails All Other,1870,1502,2014-10-15,2014,10,15,0.8032085561497326
867,Rails All Other,3280,2919,2014-11-15,2014,11,15,0.8899390243902439
906,Rails All Other,3115,2847,2014-12-15,2014,12,15,0.9139646869983948
945,Rails All Other,1397,1229,2015-01-15,2015,1,15,0.8797423049391553
984,Rails All Other,1361,1304,2015-02-15,2015,2,15,0.9581190301249082
1023,Rails All Other,1256,1009,2015-03-15,2015,3,15,0.803343949044586
1062,Rails All Other,21249,16693,2015-04-15,2015,4,15,0.7855899101134171
1101,Rails All Other,19768,15095,2015-05-15,2015,5,15,0.7636078510724403
1140,Rails All Other,1154,1128,2015-06-15,2015,6,15,0.9774696707105719
1179,Rails All Other,1752,1652,2015-07-15,2015,7,15,0.9429223744292238
1218,Rails All Other,2927,2269,2015-08-15,2015,8,15,0.7751964468739323
1257,Rails All Other,12069,8564,2015-09-15,2015,9,15,0.7095865440384456
1296,Rails All Other,1298,862,2015-10-15,2015,10,15,0.6640986132511556
1335,Rails All Other,2836,2020,2015-11-15,2015,11,15,0.7122708039492243
1374,Rails All Other,1901,1616,2015-12-15,2015,12,15,0.8500789058390321
1413,Rails All Other,822,813,2016-01-15,2016,1,15,0.9890510948905109
1452,Rails All Other,2063,2034,2016-02-15,2016,2,15,0.9859428017450315
1491,Rails All Other,2218,2256,2016-03-15,2016,3,15,1.0171325518485121
1530,Rails All Other,13141,8700,2016-04-15,2016,4,15,0.662050072292824
1569,Rails All Other,1130,983,2016-05-15,2016,5,15,0.8699115044247787
1608,Rails All Other,1426,1564,2016-06-15,2016,6,15,1.096774193548387
1647,Rails All Other,3245,2137,2016-07-15,2016,7,15,0.6585516178736518
1686,Rails All Other,466,490,2016-08-15,2016,8,15,1.0515021459227467
1725,Rails All Other,33811,15213,2016-09-15,2016,9,15,0.4499423264618024
1764,Rails All Other,2581,2007,2016-10-15,2016,10,15,0.7776055792328554
1803,Rails All Other,282,286,2016-11-15,2016,11,15,1.0141843971631206
1842,Rails All Other,994,867,2016-12-15,2016,12,15,0.8722334004024145
1881,Rails All Other,1779,1262,2017-01-15,2017,1,15,0.7093872962338392
1920,Rails All Other,555,484,2017-02-15,2017,2,15,0.872072072072072
1959,Rails All Other,2758,2195,2017-03-15,2017,3,15,0.7958665699782451
1998,Rails All Other,879,726,2017-04-15,2017,4,15,0.825938566552901
2037,Rails All Other,1560,1397,2017-05-15,2017,5,15,0.8955128205128206
2076,Rails All Other,1014,1033,2017-06-15,2017,6,15,1.0187376725838264
2115,Rails All Other,2017,1733,2017-07-15,2017,7,15,0.8591968269707486
2154,Rails All Other,280,264,2017-08-15,2017,8,15,0.9428571428571428
2193,Rails All Other,1017,916,2017-09-15,2017,9,15,0.9006882989183874
2232,Rails All Other,1524,1869,2017-10-15,2017,10,15,1.2263779527559056
2271,Rails All Other,2526,1929,2017-11-15,2017,11,15,0.7636579572446556
2310,Rails All Other,1140,1167,2017-12-15,2017,12,15,1.0236842105263158
2349,Rails All Other,818,837,2018-01-15,2018,1,15,1.0232273838630808
2388,Rails All Other,3684,3210,2018-02-15,2018,2,15,0.8713355048859935
2427,Rails All Other,5666,5146,2018-03-15,2018,3,15,0.908224496999647
2466,Rails All Other,606,730,2018-04-15,2018,4,15,1.2046204620462047
2505,Rails All Other,817,1057,2018-05-15,2018,5,15,1.2937576499388004
2544,Rails All Other,139,272,2018-06-15,2018,6,15,1.9568345323741008
2583,Rails All Other,196,263,2018-07-15,2018,7,15,1.3418367346938775
2622,Rails All Other,1130,1132,2018-08-15,2018,8,15,1.0017699115044247
10,Railroad Accessories,537,595,2013-01-15,2013,1,15,1.1080074487895717
49,Railroad Accessories,470,619,2013-02-15,2013,2,15,1.3170212765957447
88,Railroad Accessories,917,1043,2013-03-15,2013,3,15,1.1374045801526718
127,Railroad Accessories,546,676,2013-04-15,2013,4,15,1.2380952380952381
166,Railroad Accessories,307,440,2013-05-15,2013,5,15,1.4332247557003257
205,Railroad Accessories,394,540,2013-06-15,2013,6,15,1.3705583756345177
244,Railroad Accessories,626,809,2013-07-15,2013,7,15,1.292332268370607
283,Railroad Accessories,413,477,2013-08-15,2013,8,15,1.1549636803874093
322,Railroad Accessories,599,733,2013-09-15,2013,9,15,1.2237061769616027
361,Railroad Accessories,603,804,2013-10-15,2013,10,15,1.3333333333333333
400,Railroad Accessories,585,668,2013-11-15,2013,11,15,1.1418803418803418
439,Railroad Accessories,1139,1090,2013-12-15,2013,12,15,0.9569798068481123
478,Railroad Accessories,702,629,2014-01-15,2014,1,15,0.896011396011396
517,Railroad Accessories,633,918,2014-02-15,2014,2,15,1.4502369668246446
556,Railroad Accessories,633,918,2014-03-15,2014,3,15,1.4502369668246446
595,Railroad Accessories,683,968,2014-04-15,2014,4,15,1.417276720351391
634,Railroad Accessories,466,534,2014-05-15,2014,5,15,1.145922746781116
673,Railroad Accessories,690,746,2014-06-15,2014,6,15,1.0811594202898551
712,Railroad Accessories,590,713,2014-07-15,2014,7,15,1.2084745762711864
751,Railroad Accessories,729,759,2014-08-15,2014,8,15,1.0411522633744856
790,Railroad Accessories,646,515,2014-09-15,2014,9,15,0.7972136222910217
829,Railroad Accessories,476,487,2014-10-15,2014,10,15,1.023109243697479
868,Railroad Accessories,278,261,2014-11-15,2014,11,15,0.9388489208633094
907,Railroad Accessories,678,751,2014-12-15,2014,12,15,1.107669616519174
946,Railroad Accessories,729,848,2015-01-15,2015,1,15,1.1632373113854595
985,Railroad Accessories,364,575,2015-02-15,2015,2,15,1.5796703296703296
1024,Railroad Accessories,1303,1683,2015-03-15,2015,3,15,1.2916346891788182
1063,Railroad Accessories,1035,1229,2015-04-15,2015,4,15,1.1874396135265701
1102,Railroad Accessories,762,775,2015-05-15,2015,5,15,1.0170603674540681
1141,Railroad Accessories,588,660,2015-06-15,2015,6,15,1.1224489795918366
1180,Railroad Accessories,761,843,2015-07-15,2015,7,15,1.1077529566360051
1219,Railroad Accessories,1016,1134,2015-08-15,2015,8,15,1.1161417322834646
1258,Railroad Accessories,1358,1387,2015-09-15,2015,9,15,1.0213549337260677
1297,Railroad Accessories,632,622,2015-10-15,2015,10,15,0.9841772151898734
1336,Railroad Accessories,718,788,2015-11-15,2015,11,15,1.0974930362116992
1375,Railroad Accessories,1450,1576,2015-12-15,2015,12,15,1.086896551724138
1414,Railroad Accessories,1615,1779,2016-01-15,2016,1,15,1.1015479876160992
1453,Railroad Accessories,801,968,2016-02-15,2016,2,15,1.2084893882646692
1492,Railroad Accessories,1533,1331,2016-03-15,2016,3,15,0.868232224396608
1531,Railroad Accessories,576,642,2016-04-15,2016,4,15,1.1145833333333333
1570,Railroad Accessories,635,674,2016-05-15,2016,5,15,1.0614173228346457
1609,Railroad Accessories,536,715,2016-06-15,2016,6,15,1.333955223880597
1648,Railroad Accessories,472,618,2016-07-15,2016,7,15,1.3093220338983051
1687,Railroad Accessories,801,885,2016-08-15,2016,8,15,1.104868913857678
1726,Railroad Accessories,520,639,2016-09-15,2016,9,15,1.228846153846154
1765,Railroad Accessories,392,399,2016-10-15,2016,10,15,1.0178571428571428
1804,Railroad Accessories,498,481,2016-11-15,2016,11,15,0.9658634538152611
1843,Railroad Accessories,581,707,2016-12-15,2016,12,15,1.216867469879518
1882,Railroad Accessories,463,682,2017-01-15,2017,1,15,1.4730021598272138
1921,Railroad Accessories,101,94,2017-02-15,2017,2,15,0.9306930693069307
1960,Railroad Accessories,396,458,2017-03-15,2017,3,15,1.1565656565656566
1999,Railroad Accessories,912,795,2017-04-15,2017,4,15,0.8717105263157895
2038,Railroad Accessories,430,447,2017-05-15,2017,5,15,1.0395348837209302
2077,Railroad Accessories,537,520,2017-06-15,2017,6,15,0.9683426443202979
2116,Railroad Accessories,710,707,2017-07-15,2017,7,15,0.995774647887324
2155,Railroad Accessories,414,438,2017-08-15,2017,8,15,1.0579710144927537
2194,Railroad Accessories,713,658,2017-09-15,2017,9,15,0.9228611500701263
2233,Railroad Accessories,1304,988,2017-10-15,2017,10,15,0.7576687116564417
2272,Railroad Accessories,389,402,2017-11-15,2017,11,15,1.0334190231362468
2311,Railroad Accessories,328,335,2017-12-15,2017,12,15,1.021341463414634
2350,Railroad Accessories,369,357,2018-01-15,2018,1,15,0.967479674796748
2389,Railroad Accessories,520,638,2018-02-15,2018,2,15,1.226923076923077
2428,Railroad Accessories,1263,1513,2018-03-15,2018,3,15,1.1979414093428344
2467,Railroad Accessories,611,616,2018-04-15,2018,4,15,1.0081833060556464
2506,Railroad Accessories,401,518,2018-05-15,2018,5,15,1.2917705735660847
2545,Railroad Accessories,798,747,2018-06-15,2018,6,15,0.9360902255639098
2584,Railroad Accessories,666,705,2018-07-15,2018,7,15,1.0585585585585586
2623,Railroad Accessories,980,917,2018-08-15,2018,8,15,0.9357142857142857
11,Bars - Hot Rolled,127151,119671,2013-01-15,2013,1,15,0.9411723069421397
50,Bars - Hot Rolled,99925,102505,2013-02-15,2013,2,15,1.0258193645233926
89,Bars - Hot Rolled,123587,124697,2013-03-15,2013,3,15,1.0089815271832798
128,Bars - Hot Rolled,109707,118680,2013-04-15,2013,4,15,1.0817905876562115
167,Bars - Hot Rolled,178978,167173,2013-05-15,2013,5,15,0.9340421727810122
206,Bars - Hot Rolled,136340,126978,2013-06-15,2013,6,15,0.9313334311280622
245,Bars - Hot Rolled,163606,151244,2013-07-15,2013,7,15,0.9244404239453321
284,Bars - Hot Rolled,114557,121268,2013-08-15,2013,8,15,1.0585821905252406
323,Bars - Hot Rolled,163371,136339,2013-09-15,2013,9,15,0.8345361171811398
362,Bars - Hot Rolled,164257,150298,2013-10-15,2013,10,15,0.9150173204186123
401,Bars - Hot Rolled,115794,118955,2013-11-15,2013,11,15,1.0272984783322106
440,Bars - Hot Rolled,144578,131653,2013-12-15,2013,12,15,0.9106018896374275
479,Bars - Hot Rolled,99574,114919,2014-01-15,2014,1,15,1.1541064936630043
518,Bars - Hot Rolled,120689,129248,2014-02-15,2014,2,15,1.070917813553845
557,Bars - Hot Rolled,120689,129248,2014-03-15,2014,3,15,1.070917813553845
596,Bars - Hot Rolled,145976,157337,2014-04-15,2014,4,15,1.0778278621143202
635,Bars - Hot Rolled,139448,151405,2014-05-15,2014,5,15,1.0857452240261602
674,Bars - Hot Rolled,128282,141135,2014-06-15,2014,6,15,1.1001933240828798
713,Bars - Hot Rolled,147896,167130,2014-07-15,2014,7,15,1.1300508465408126
752,Bars - Hot Rolled,117901,134943,2014-08-15,2014,8,15,1.144544999618324
791,Bars - Hot Rolled,122300,132111,2014-09-15,2014,9,15,1.0802207686017988
830,Bars - Hot Rolled,142785,164772,2014-10-15,2014,10,15,1.1539867633154743
869,Bars - Hot Rolled,110993,128153,2014-11-15,2014,11,15,1.1546043444181164
908,Bars - Hot Rolled,119713,139377,2014-12-15,2014,12,15,1.1642595206869764
947,Bars - Hot Rolled,128781,143322,2015-01-15,2015,1,15,1.1129126190975376
986,Bars - Hot Rolled,99435,105859,2015-02-15,2015,2,15,1.0646050183536984
1025,Bars - Hot Rolled,126388,141446,2015-03-15,2015,3,15,1.1191410576953509
1064,Bars - Hot Rolled,121377,125893,2015-04-15,2015,4,15,1.0372063900079915
1103,Bars - Hot Rolled,141177,140563,2015-05-15,2015,5,15,0.9956508496426472
1142,Bars - Hot Rolled,118474,115102,2015-06-15,2015,6,15,0.9715380589834056
1181,Bars - Hot Rolled,103963,105758,2015-07-15,2015,7,15,1.0172657580100612
1220,Bars - Hot Rolled,110687,105791,2015-08-15,2015,8,15,0.9557671632621717
1259,Bars - Hot Rolled,97572,90549,2015-09-15,2015,9,15,0.9280223834706678
1298,Bars - Hot Rolled,91023,83440,2015-10-15,2015,10,15,0.9166913856937258
1337,Bars - Hot Rolled,94576,81954,2015-11-15,2015,11,15,0.8665411943833531
1376,Bars - Hot Rolled,114472,96079,2015-12-15,2015,12,15,0.8393231532601859
1415,Bars - Hot Rolled,84734,74677,2016-01-15,2016,1,15,0.8813109259565227
1454,Bars - Hot Rolled,88359,75437,2016-02-15,2016,2,15,0.8537557011736212
1493,Bars - Hot Rolled,78640,74554,2016-03-15,2016,3,15,0.9480417090539166
1532,Bars - Hot Rolled,106683,85822,2016-04-15,2016,4,15,0.8044580673584357
1571,Bars - Hot Rolled,79503,73367,2016-05-15,2016,5,15,0.9228205224960064
1610,Bars - Hot Rolled,90849,85662,2016-06-15,2016,6,15,0.9429052603771093
1649,Bars - Hot Rolled,86365,81975,2016-07-15,2016,7,15,0.9491692236438372
1688,Bars - Hot Rolled,99367,86500,2016-08-15,2016,8,15,0.8705103303913774
1727,Bars - Hot Rolled,74977,64857,2016-09-15,2016,9,15,0.865025274417488
1766,Bars - Hot Rolled,87555,79226,2016-10-15,2016,10,15,0.9048712238021814
1805,Bars - Hot Rolled,94963,84602,2016-11-15,2016,11,15,0.8908943483251371
1844,Bars - Hot Rolled,105070,90869,2016-12-15,2016,12,15,0.8648424859617397
1883,Bars - Hot Rolled,95178,83157,2017-01-15,2017,1,15,0.8736998045766879
1922,Bars - Hot Rolled,77944,70837,2017-02-15,2017,2,15,0.9088191522118444
1961,Bars - Hot Rolled,100214,87814,2017-03-15,2017,3,15,0.8762647933422476
2000,Bars - Hot Rolled,125007,112027,2017-04-15,2017,4,15,0.896165814714376
2039,Bars - Hot Rolled,145687,125440,2017-05-15,2017,5,15,0.8610239760582619
2078,Bars - Hot Rolled,147027,126810,2017-06-15,2017,6,15,0.8624946438409272
2117,Bars - Hot Rolled,122162,106003,2017-07-15,2017,7,15,0.8677248244134838
2156,Bars - Hot Rolled,71467,74078,2017-08-15,2017,8,15,1.036534344522647
2195,Bars - Hot Rolled,71563,73077,2017-09-15,2017,9,15,1.0211561840615961
2234,Bars - Hot Rolled,87799,90873,2017-10-15,2017,10,15,1.0350117882891605
2273,Bars - Hot Rolled,130168,124664,2017-11-15,2017,11,15,0.9577161821645873
2312,Bars - Hot Rolled,98462,102867,2017-12-15,2017,12,15,1.0447380715402896
2351,Bars - Hot Rolled,120361,115540,2018-01-15,2018,1,15,0.9599454972956356
2390,Bars - Hot Rolled,102218,110751,2018-02-15,2018,2,15,1.0834784480228532
2429,Bars - Hot Rolled,92368,101297,2018-03-15,2018,3,15,1.0966676771176165
2468,Bars - Hot Rolled,134857,139723,2018-04-15,2018,4,15,1.0360826653418065
2507,Bars - Hot Rolled,99207,110264,2018-05-15,2018,5,15,1.1114538288628826
2546,Bars - Hot Rolled,80251,87484,2018-06-15,2018,6,15,1.0901297180097445
2585,Bars - Hot Rolled,84891,91276,2018-07-15,2018,7,15,1.0752140980787126
2624,Bars - Hot Rolled,72972,82958,2018-08-15,2018,8,15,1.1368470098119827
