data/p.csv
,Product,Quantity,Value,date,year,month,day,price
12,Bars - Light Shaped,11537,11170,2013-01-15,2013,1,15,0.9681893039785039
51,Bars - Light Shaped,11320,10583,2013-02-15,2013,2,15,0.9348939929328622
90,Bars - Light Shaped,16030,14929,2013-03-15,2013,3,15,0.9313162819713038
129,Bars - Light Shaped,12869,12438,2013-04-15,2013,4,15,0.9665086642318751
168,Bars - Light Shaped,13414,13012,2013-05-15,2013,5,15,0.9700313105710452
207,Bars - Light Shaped,13901,13104,2013-06-15,2013,6,15,0.9426659952521401
246,Bars - Light Shaped,12992,12365,2013-07-15,2013,7,15,0.9517395320197044
285,Bars - Light Shaped,10641,10649,2013-08-15,2013,8,15,1.0007518090405036
324,Bars - Light Shaped,12489,11690,2013-09-15,2013,9,15,0.9360237008567539
363,Bars - Light Shaped,7938,7535,2013-10-15,2013,10,15,0.9492315444696398
402,Bars - Light Shaped,16611,14273,2013-11-15,2013,11,15,0.8592498946481247
441,Bars - Light Shaped,9676,9318,2013-12-15,2013,12,15,0.9630012401818934
480,Bars - Light Shaped,13792,12577,2014-01-15,2014,1,15,0.9119054524361949
519,Bars - Light Shaped,11627,11222,2014-02-15,2014,2,15,0.9651672830480778
558,Bars - Light Shaped,11627,11222,2014-03-15,2014,3,15,0.9651672830480778
597,Bars - Light Shaped,16998,16139,2014-04-15,2014,4,15,0.9494646428991647
636,Bars - Light Shaped,17321,15361,2014-05-15,2014,5,15,0.886842561053057
675,Bars - Light Shaped,13960,13592,2014-06-15,2014,6,15,0.9736389684813753
714,Bars - Light Shaped,18345,17562,2014-07-15,2014,7,15,0.9573180703188879
753,Bars - Light Shaped,20170,17607,2014-08-15,2014,8,15,0.8729300941993059
792,Bars - Light Shaped,14540,14453,2014-09-15,2014,9,15,0.9940165061898212
831,Bars - Light Shaped,19811,19152,2014-10-15,2014,10,15,0.9667356519105548
870,Bars - Light Shaped,10137,11265,2014-11-15,2014,11,15,1.1112755253033442
909,Bars - Light Shaped,12067,12052,2014-12-15,2014,12,15,0.9987569404160106
948,Bars - Light Shaped,10989,12280,2015-01-15,2015,1,15,1.1174811174811174
987,Bars - Light Shaped,16267,14494,2015-02-15,2015,2,15,0.8910063318374624
1026,Bars - Light Shaped,14456,14421,2015-03-15,2015,3,15,0.9975788599889319
1065,Bars - Light Shaped,17387,14918,2015-04-15,2015,4,15,0.8579973543452004
1104,Bars - Light Shaped,11346,10618,2015-05-15,2015,5,15,0.9358364181209237
1143,Bars - Light Shaped,15162,12579,2015-06-15,2015,6,15,0.8296398891966759
1182,Bars - Light Shaped,13074,11625,2015-07-15,2015,7,15,0.8891693437356586
1221,Bars - Light Shaped,10846,9171,2015-08-15,2015,8,15,0.8455651853217776
1260,Bars - Light Shaped,11164,9809,2015-09-15,2015,9,15,0.8786277319957004
1299,Bars - Light Shaped,11485,9744,2015-10-15,2015,10,15,0.8484109708315194
1338,Bars - Light Shaped,11123,14678,2015-11-15,2015,11,15,1.3196080194192215
1377,Bars - Light Shaped,23809,15772,2015-12-15,2015,12,15,0.6624385736486202
1416,Bars - Light Shaped,12939,13552,2016-01-15,2016,1,15,1.0473761496251641
1455,Bars - Light Shaped,10709,8832,2016-02-15,2016,2,15,0.8247268652535251
1494,Bars - Light Shaped,13214,10721,2016-03-15,2016,3,15,0.8113364613288936
1533,Bars - Light Shaped,16768,12408,2016-04-15,2016,4,15,0.7399809160305344
1572,Bars - Light Shaped,17313,12088,2016-05-15,2016,5,15,0.6982036619881015
1611,Bars - Light Shaped,14498,10424,2016-06-15,2016,6,15,0.7189957235480756
1650,Bars - Light Shaped,14976,13142,2016-07-15,2016,7,15,0.8775373931623932
1689,Bars - Light Shaped,12551,8486,2016-08-15,2016,8,15,0.6761214245876822
1728,Bars - Light Shaped,15352,10607,2016-09-15,2016,9,15,0.6909197498697238
1767,Bars - Light Shaped,13349,9350,2016-10-15,2016,10,15,0.7004269982770245
1806,Bars - Light Shaped,12576,9194,2016-11-15,2016,11,15,0.7310750636132316
1845,Bars - Light Shaped,13011,9560,2016-12-15,2016,12,15,0.7347628929367458
1884,Bars - Light Shaped,13720,9703,2017-01-15,2017,1,15,0.7072157434402332
1923,Bars - Light Shaped,12521,9425,2017-02-15,2017,2,15,0.7527354045204058
1962,Bars - Light Shaped,11721,8922,2017-03-15,2017,3,15,0.7611978500127975
2001,Bars - Light Shaped,15406,11482,2017-04-15,2017,4,15,0.7452940412826171
2040,Bars - Light Shaped,15933,11564,2017-05-15,2017,5,15,0.725789242452771
2079,Bars - Light Shaped,15853,11869,2017-06-15,2017,6,15,0.7486910994764397
2118,Bars - Light Shaped,13505,11258,2017-07-15,2017,7,15,0.8336171788226583
2157,Bars - Light Shaped,14570,13058,2017-08-15,2017,8,15,0.8962251201098147
2196,Bars - Light Shaped,10588,8706,2017-09-15,2017,9,15,0.8222516055912353
2235,Bars - Light Shaped,9819,7866,2017-10-15,2017,10,15,0.8010999083409716
2274,Bars - Light Shaped,9679,8698,2017-11-15,2017,11,15,0.8986465543961153
2313,Bars - Light Shaped,10065,8514,2017-12-15,2017,12,15,0.8459016393442623
2352,Bars - Light Shaped,11541,9938,2018-01-15,2018,1,15,0.8611038904774283
2391,Bars - Light Shaped,11034,10058,2018-02-15,2018,2,15,0.9115461301431937
2430,Bars - Light Shaped,15369,14672,2018-03-15,2018,3,15,0.9546489687032338
2469,Bars - Light Shaped,14864,14115,2018-04-15,2018,4,15,0.9496097954790097
2508,Bars - Light Shaped,14585,15561,2018-05-15,2018,5,15,1.0669180665066849
2547,Bars - Light Shaped,6651,7631,2018-06-15,2018,6,15,1.1473462637197414
2586,Bars - Light Shaped,7076,6898,2018-07-15,2018,7,15,0.9748445449406444
2625,Bars - Light Shaped,5497,5820,2018-08-15,2018,8,15,1.0587593232672368
13,Bars - Reinforcing,106487,63145,2013-01-15,2013,1,15,0.5929831810455737
52,Bars - Reinforcing,74584,45081,2013-02-15,2013,2,15,0.6044325860774429
91,Bars - Reinforcing,140423,83015,2013-03-15,2013,3,15,0.5911780833624122
130,Bars - Reinforcing,34770,22030,2013-04-15,2013,4,15,0.633592177164222
169,Bars - Reinforcing,128777,78682,2013-05-15,2013,5,15,0.6109941992747152
208,Bars - Reinforcing,91124,55820,2013-06-15,2013,6,15,0.6125718800755016
247,Bars - Reinforcing,44693,27743,2013-07-15,2013,7,15,0.6207459781173785
286,Bars - Reinforcing,97490,56338,2013-08-15,2013,8,15,0.577884911272951
325,Bars - Reinforcing,110890,63068,2013-09-15,2013,9,15,0.5687438001623231
364,Bars - Reinforcing,74666,42347,2013-10-15,2013,10,15,0.5671523852891543
403,Bars - Reinforcing,93838,54721,2013-11-15,2013,11,15,0.5831432894989237
442,Bars - Reinforcing,72567,44054,2013-12-15,2013,12,15,0.607080353328648
481,Bars - Reinforcing,194512,116147,2014-01-15,2014,1,15,0.5971199720325738
520,Bars - Reinforcing,139004,85425,2014-02-15,2014,2,15,0.6145506604126499
559,Bars - Reinforcing,139004,85425,2014-03-15,2014,3,15,0.6145506604126499
598,Bars - Reinforcing,114462,72324,2014-04-15,2014,4,15,0.6318603554017928
637,Bars - Reinforcing,75398,44879,2014-05-15,2014,5,15,0.5952279901323643
676,Bars - Reinforcing,62957,37481,2014-06-15,2014,6,15,0.5953428530584367
715,Bars - Reinforcing,39769,23907,2014-07-15,2014,7,15,0.6011466217405517
754,Bars - Reinforcing,119778,70900,2014-08-15,2014,8,15,0.591928400874952
793,Bars - Reinforcing,98391,56101,2014-09-15,2014,9,15,0.5701842648209694
832,Bars - Reinforcing,138356,79750,2014-10-15,2014,10,15,0.5764115759345456
871,Bars - Reinforcing,139407,80036,2014-11-15,2014,11,15,0.5741175120331117
910,Bars - Reinforcing,93717,51586,2014-12-15,2014,12,15,0.5504444231035991
949,Bars - Reinforcing,133020,71987,2015-01-15,2015,1,15,0.5411742595098481
988,Bars - Reinforcing,141573,71168,2015-02-15,2015,2,15,0.5026947228638229
1027,Bars - Reinforcing,247875,121181,2015-03-15,2015,3,15,0.4888794755421079
1066,Bars - Reinforcing,188324,88999,2015-04-15,2015,4,15,0.4725844820628279
1105,Bars - Reinforcing,138416,62229,2015-05-15,2015,5,15,0.4495795283782222
1144,Bars - Reinforcing,92318,39831,2015-06-15,2015,6,15,0.43145432093416236
1183,Bars - Reinforcing,171730,77813,2015-07-15,2015,7,15,0.4531124439527165
1222,Bars - Reinforcing,168744,74672,2015-08-15,2015,8,15,0.44251647465983973
1261,Bars - Reinforcing,101624,46034,2015-09-15,2015,9,15,0.4529835471935763
1300,Bars - Reinforcing,208667,89260,2015-10-15,2015,10,15,0.4277628949474522
1339,Bars - Reinforcing,112519,46868,2015-11-15,2015,11,15,0.41653409646370837
1378,Bars - Reinforcing,114490,46490,2015-12-15,2015,12,15,0.40606166477421607
1417,Bars - Reinforcing,124419,45088,2016-01-15,2016,1,15,0.3623883811957981
1456,Bars - Reinforcing,163752,54085,2016-02-15,2016,2,15,0.3302860423078802
1495,Bars - Reinforcing,222189,72989,2016-03-15,2016,3,15,0.32849961069179845
1534,Bars - Reinforcing,96127,30730,2016-04-15,2016,4,15,0.31968125500639777
1573,Bars - Reinforcing,135887,48450,2016-05-15,2016,5,15,0.35654624798545853
1612,Bars - Reinforcing,190530,71753,2016-06-15,2016,6,15,0.37659686138665827
1651,Bars - Reinforcing,264156,110848,2016-07-15,2016,7,15,0.4196308242099365
1690,Bars - Reinforcing,202629,94570,2016-08-15,2016,8,15,0.4667150309185753
1729,Bars - Reinforcing,151750,62556,2016-09-15,2016,9,15,0.4122306425041186
1768,Bars - Reinforcing,106169,42618,2016-10-15,2016,10,15,0.401416609368083
1807,Bars - Reinforcing,125882,51148,2016-11-15,2016,11,15,0.4063170270570852
1846,Bars - Reinforcing,129159,49547,2016-12-15,2016,12,15,0.3836124466742542
1885,Bars - Reinforcing,199112,80552,2017-01-15,2017,1,15,0.404556229659689
1924,Bars - Reinforcing,148454,71415,2017-02-15,2017,2,15,0.4810581055411104
1963,Bars - Reinforcing,221728,99561,2017-03-15,2017,3,15,0.4490231274354164
2002,Bars - Reinforcing,71872,32907,2017-04-15,2017,4,15,0.4578556322350846
2041,Bars - Reinforcing,80403,36451,2017-05-15,2017,5,15,0.4533537305821922
2080,Bars - Reinforcing,179906,85620,2017-06-15,2017,6,15,0.4759152001600836
2119,Bars - Reinforcing,103970,50192,2017-07-15,2017,7,15,0.4827546407617582
2158,Bars - Reinforcing,60074,28211,2017-08-15,2017,8,15,0.4696041548756534
2197,Bars - Reinforcing,110968,55670,2017-09-15,2017,9,15,0.5016761588926537
2236,Bars - Reinforcing,72512,37186,2017-10-15,2017,10,15,0.5128254633715799
2275,Bars - Reinforcing,54707,29824,2017-11-15,2017,11,15,0.5451587548211381
2314,Bars - Reinforcing,47891,27730,2017-12-15,2017,12,15,0.5790231985132906
2353,Bars - Reinforcing,86913,46741,2018-01-15,2018,1,15,0.5377906642274458
2392,Bars - Reinforcing,36299,19769,2018-02-15,2018,2,15,0.5446155541474972
2431,Bars - Reinforcing,114241,65791,2018-03-15,2018,3,15,0.5758965695328297
2470,Bars - Reinforcing,169334,99756,2018-04-15,2018,4,15,0.5891079168979649
2509,Bars - Reinforcing,149302,93977,2018-05-15,2018,5,15,0.6294423383477783
2548,Bars - Reinforcing,43502,26031,2018-06-15,2018,6,15,0.5983862810905246
2587,Bars - Reinforcing,136871,80653,2018-07-15,2018,7,15,0.5892628825682577
2626,Bars - Reinforcing,131542,74178,2018-08-15,2018,8,15,0.5639111462498669
14,Bars - Cold Finished,24507,65479,2013-01-15,2013,1,15,2.6718488595095278
53,Bars - Cold Finished,26165,66261,2013-02-15,2013,2,15,2.53242881712211
92,Bars - Cold Finished,23660,62583,2013-03-15,2013,3,15,2.645097210481826
131,Bars - Cold Finished,25041,67099,2013-04-15,2013,4,15,2.6795655125594027
170,Bars - Cold Finished,26644,68033,2013-05-15,2013,5,15,2.5534078967122054
209,Bars - Cold Finished,21476,57759,2013-06-15,2013,6,15,2.6894673123486683
248,Bars - Cold Finished,23617,64886,2013-07-15,2013,7,15,2.7474277003853156
287,Bars - Cold Finished,23983,64112,2013-08-15,2013,8,15,2.673226869032231
326,Bars - Cold Finished,21543,52342,2013-09-15,2013,9,15,2.4296523232604557
365,Bars - Cold Finished,23290,62447,2013-10-15,2013,10,15,2.681279519106913
404,Bars - Cold Finished,24269,61491,2013-11-15,2013,11,15,2.533726152705097
443,Bars - Cold Finished,22461,57252,2013-12-15,2013,12,15,2.548951515960999
482,Bars - Cold Finished,25371,67235,2014-01-15,2014,1,15,2.6500729178983877
521,Bars - Cold Finished,29940,74578,2014-02-15,2014,2,15,2.4909151636606546
560,Bars - Cold Finished,29940,74578,2014-03-15,2014,3,15,2.4909151636606546
599,Bars - Cold Finished,33269,79151,2014-04-15,2014,4,15,2.3791217048904385
638,Bars - Cold Finished,27115,69470,2014-05-15,2014,5,15,2.5620505255393695
677,Bars - Cold Finished,28124,77096,2014-06-15,2014,6,15,2.7412885791494808
716,Bars - Cold Finished,28366,78555,2014-07-15,2014,7,15,2.7693365296481702
755,Bars - Cold Finished,29813,83931,2014-08-15,2014,8,15,2.815248381578506
794,Bars - Cold Finished,28565,69217,2014-09-15,2014,9,15,2.423140206546473
833,Bars - Cold Finished,34385,85413,2014-10-15,2014,10,15,2.48401919441617
872,Bars - Cold Finished,27188,76101,2014-11-15,2014,11,15,2.799065764307783
911,Bars - Cold Finished,30139,78660,2014-12-15,2014,12,15,2.6099074289127047
950,Bars - Cold Finished,32410,80731,2015-01-15,2015,1,15,2.4909287257019437
989,Bars - Cold Finished,26603,72365,2015-02-15,2015,2,15,2.7201819343683042
1028,Bars - Cold Finished,35472,89781,2015-03-15,2015,3,15,2.531038565629229
1067,Bars - Cold Finished,34385,86587,2015-04-15,2015,4,15,2.518161989239494
1106,Bars - Cold Finished,30777,78606,2015-05-15,2015,5,15,2.554050102349157
1145,Bars - Cold Finished,31640,69860,2015-06-15,2015,6,15,2.2079646017699117
1184,Bars - Cold Finished,28369,69848,2015-07-15,2015,7,15,2.4621241495999153
1223,Bars - Cold Finished,28017,66278,2015-08-15,2015,8,15,2.365635150087447
1262,Bars - Cold Finished,26086,53374,2015-09-15,2015,9,15,2.046078356206394
1301,Bars - Cold Finished,22365,50553,2015-10-15,2015,10,15,2.2603621730382293
1340,Bars - Cold Finished,22018,47500,2015-11-15,2015,11,15,2.157325824325552
1379,Bars - Cold Finished,19361,42136,2015-12-15,2015,12,15,2.1763338670523216
1418,Bars - Cold Finished,24657,47347,2016-01-15,2016,1,15,1.9202254937745873
1457,Bars - Cold Finished,23324,44084,2016-02-15,2016,2,15,1.8900703138398216
1496,Bars - Cold Finished,25004,48589,2016-03-15,2016,3,15,1.9432490801471765
1535,Bars - Cold Finished,24102,45620,2016-04-15,2016,4,15,1.892788980167621
1574,Bars - Cold Finished,22667,44480,2016-05-15,2016,5,15,1.9623240834693607
1613,Bars - Cold Finished,25196,50419,2016-06-15,2016,6,15,2.001071598666455
1652,Bars - Cold Finished,22859,47841,2016-07-15,2016,7,15,2.092873704011549
1691,Bars - Cold Finished,26304,52443,2016-08-15,2016,8,15,1.9937271897810218
1730,Bars - Cold Finished,20322,38277,2016-09-15,2016,9,15,1.883525243578388
1769,Bars - Cold Finished,22841,43872,2016-10-15,2016,10,15,1.920756534302351
1808,Bars - Cold Finished,23088,45938,2016-11-15,2016,11,15,1.9896916146916146
1847,Bars - Cold Finished,20914,44558,2016-12-15,2016,12,15,2.130534570144401
1886,Bars - Cold Finished,24648,50946,2017-01-15,2017,1,15,2.0669425511197663
1925,Bars - Cold Finished,21025,45246,2017-02-15,2017,2,15,2.1520095124851366
1964,Bars - Cold Finished,28568,62664,2017-03-15,2017,3,15,2.193503220386446
2003,Bars - Cold Finished,25681,59080,2017-04-15,2017,4,15,2.3005334683228846
2042,Bars - Cold Finished,27156,59366,2017-05-15,2017,5,15,2.1861098836352926
2081,Bars - Cold Finished,30392,65801,2017-06-15,2017,6,15,2.1650763358778624
2120,Bars - Cold Finished,25567,60682,2017-07-15,2017,7,15,2.373450150584738
2159,Bars - Cold Finished,28073,62605,2017-08-15,2017,8,15,2.230078723328465
2198,Bars - Cold Finished,24003,53483,2017-09-15,2017,9,15,2.228179810856976
2237,Bars - Cold Finished,26889,62215,2017-10-15,2017,10,15,2.3137714306965673
2276,Bars - Cold Finished,28141,64963,2017-11-15,2017,11,15,2.3084822856330622
2315,Bars - Cold Finished,26534,63313,2017-12-15,2017,12,15,2.386108389236451
2354,Bars - Cold Finished,26365,62223,2018-01-15,2018,1,15,2.360060686516215
2393,Bars - Cold Finished,29690,68985,2018-02-15,2018,2,15,2.323509599191647
2432,Bars - Cold Finished,29009,71698,2018-03-15,2018,3,15,2.4715777862042816
2471,Bars - Cold Finished,27971,64764,2018-04-15,2018,4,15,2.3153980908798397
2510,Bars - Cold Finished,30482,73378,2018-05-15,2018,5,15,2.4072567416836166
2549,Bars - Cold Finished,24105,56128,2018-06-15,2018,6,15,2.3284795685542417
2588,Bars - Cold Finished,23702,52451,2018-07-15,2018,7,15,2.21293561724749
2627,Bars - Cold Finished,22052,53054,2018-08-15,2018,8,15,2.4058588790132416
