data/p.csv
,Product,Quantity,Value,date,year,month,day,price
15,Tool Steel,9948,29404,2013-01-15,2013,1,15,2.9557700040209087
54,Tool Steel,8304,26528,2013-02-15,2013,2,15,3.1946050096339116
93,Tool Steel,9525,29988,2013-03-15,2013,3,15,3.1483464566929134
132,Tool Steel,11881,32466,2013-04-15,2013,4,15,2.732598266139214
171,Tool Steel,13161,36699,2013-05-15,2013,5,15,2.788465922042398
210,Tool Steel,10826,29598,2013-06-15,2013,6,15,2.733973766857565
249,Tool Steel,14026,37562,2013-07-15,2013,7,15,2.678026522173107
288,Tool Steel,12200,33250,2013-08-15,2013,8,15,2.7254098360655736
327,Tool Steel,9400,27658,2013-09-15,2013,9,15,2.9423404255319148
366,Tool Steel,14523,37332,2013-10-15,2013,10,15,2.570543276182607
405,Tool Steel,11464,33245,2013-11-15,2013,11,15,2.899947662247034
444,Tool Steel,11521,32406,2013-12-15,2013,12,15,2.8127766686919538
483,Tool Steel,10928,29757,2014-01-15,2014,1,15,2.723005124450952
522,Tool Steel,12142,34616,2014-02-15,2014,2,15,2.8509306539285126
561,Tool Steel,12142,34616,2014-03-15,2014,3,15,2.8509306539285126
600,Tool Steel,12841,35811,2014-04-15,2014,4,15,2.7888014952106532
639,Tool Steel,12727,36159,2014-05-15,2014,5,15,2.8411251669678634
678,Tool Steel,12663,37174,2014-06-15,2014,6,15,2.935639263997473
717,Tool Steel,21050,45941,2014-07-15,2014,7,15,2.1824703087885986
756,Tool Steel,13121,35642,2014-08-15,2014,8,15,2.7164088103040926
795,Tool Steel,13350,38039,2014-09-15,2014,9,15,2.84936329588015
834,Tool Steel,14032,41632,2014-10-15,2014,10,15,2.966932725199544
873,Tool Steel,13645,38974,2014-11-15,2014,11,15,2.856284353242946
912,Tool Steel,13479,38174,2014-12-15,2014,12,15,2.8321092069144593
951,Tool Steel,21700,46505,2015-01-15,2015,1,15,2.1430875576036867
990,Tool Steel,13381,33316,2015-02-15,2015,2,15,2.4897989686869444
1029,Tool Steel,11221,35243,2015-03-15,2015,3,15,3.140807414668924
1068,Tool Steel,22216,50065,2015-04-15,2015,4,15,2.25355599567879
1107,Tool Steel,14456,39356,2015-05-15,2015,5,15,2.7224681793027115
1146,Tool Steel,19934,41442,2015-06-15,2015,6,15,2.078960569880606
1185,Tool Steel,12910,35689,2015-07-15,2015,7,15,2.7644461657629744
1224,Tool Steel,13519,34008,2015-08-15,2015,8,15,2.5155706783046083
1263,Tool Steel,12870,33242,2015-09-15,2015,9,15,2.582905982905983
1302,Tool Steel,11235,27771,2015-10-15,2015,10,15,2.471829105473965
1341,Tool Steel,13047,27031,2015-11-15,2015,11,15,2.0718172760021463
1380,Tool Steel,11821,29283,2015-12-15,2015,12,15,2.477201590389984
1419,Tool Steel,13819,28179,2016-01-15,2016,1,15,2.039148997756712
1458,Tool Steel,9651,21263,2016-02-15,2016,2,15,2.203191379131696
1497,Tool Steel,12662,33613,2016-03-15,2016,3,15,2.654635918496288
1536,Tool Steel,12654,27202,2016-04-15,2016,4,15,2.149675991781255
1575,Tool Steel,11476,25597,2016-05-15,2016,5,15,2.2304810038340883
1614,Tool Steel,10369,24736,2016-06-15,2016,6,15,2.3855723792072525
1653,Tool Steel,11999,27030,2016-07-15,2016,7,15,2.2526877239769982
1692,Tool Steel,12991,29991,2016-08-15,2016,8,15,2.3085982603340773
1731,Tool Steel,13234,26962,2016-09-15,2016,9,15,2.0373280943025542
1770,Tool Steel,10594,24734,2016-10-15,2016,10,15,2.334717764772513
1809,Tool Steel,9417,23217,2016-11-15,2016,11,15,2.465434851863651
1848,Tool Steel,9978,23022,2016-12-15,2016,12,15,2.307276007215875
1887,Tool Steel,11947,24989,2017-01-15,2017,1,15,2.0916548087385953
1926,Tool Steel,10819,22582,2017-02-15,2017,2,15,2.087253905166836
1965,Tool Steel,11283,23812,2017-03-15,2017,3,15,2.110431622795356
2004,Tool Steel,14668,28993,2017-04-15,2017,4,15,1.9766157622034362
2043,Tool Steel,12635,35171,2017-05-15,2017,5,15,2.783616937079541
2082,Tool Steel,14382,28832,2017-06-15,2017,6,15,2.0047281323877066
2121,Tool Steel,13254,29491,2017-07-15,2017,7,15,2.2250641315829185
2160,Tool Steel,13371,31633,2017-08-15,2017,8,15,2.365791638620896
2199,Tool Steel,15006,32054,2017-09-15,2017,9,15,2.1360789017726245
2238,Tool Steel,15203,34429,2017-10-15,2017,10,15,2.264618825231862
2277,Tool Steel,10742,28630,2017-11-15,2017,11,15,2.6652392478123255
2316,Tool Steel,14123,34112,2017-12-15,2017,12,15,2.4153508461375064
2355,Tool Steel,13979,31718,2018-01-15,2018,1,15,2.2689748909077903
2394,Tool Steel,12920,34984,2018-02-15,2018,2,15,2.707739938080495
2433,Tool Steel,17476,39085,2018-03-15,2018,3,15,2.2364957656214237
2472,Tool Steel,14675,34415,2018-04-15,2018,4,15,2.345144804088586
2511,Tool Steel,15745,38827,2018-05-15,2018,5,15,2.465989202921562
2550,Tool Steel,13824,34401,2018-06-15,2018,6,15,2.488498263888889
2589,Tool Steel,13938,35100,2018-07-15,2018,7,15,2.518295307791649
2628,Tool Steel,13167,34785,2018-08-15,2018,8,15,2.6418318523581683
16,Standard Pipe,64573,74455,2013-01-15,2013,1,15,1.1530360986790145
55,Standard Pipe,62765,70804,2013-02-15,2013,2,15,1.12808093682785
94,Standard Pipe,59428,66372,2013-03-15,2013,3,15,1.1168472773776672
133,Standard Pipe,84909,95195,2013-04-15,2013,4,15,1.1211414573249008
172,Standard Pipe,70398,73712,2013-05-15,2013,5,15,1.0470752010000284
211,Standard Pipe,75012,78864,2013-06-15,2013,6,15,1.0513517837146056
250,Standard Pipe,68040,74709,2013-07-15,2013,7,15,1.0980158730158731
289,Standard Pipe,78546,81085,2013-08-15,2013,8,15,1.0323250070022663
328,Standard Pipe,64492,71431,2013-09-15,2013,9,15,1.1075947404329218
367,Standard Pipe,61040,65995,2013-10-15,2013,10,15,1.0811762778505898
406,Standard Pipe,47303,53628,2013-11-15,2013,11,15,1.1337124495275142
445,Standard Pipe,56375,58306,2013-12-15,2013,12,15,1.0342527716186252
484,Standard Pipe,56576,62067,2014-01-15,2014,1,15,1.0970552884615385
523,Standard Pipe,55451,69627,2014-02-15,2014,2,15,1.255649131665795
562,Standard Pipe,55451,69627,2014-03-15,2014,3,15,1.255649131665795
601,Standard Pipe,68647,81695,2014-04-15,2014,4,15,1.1900738561044182
640,Standard Pipe,83851,91429,2014-05-15,2014,5,15,1.0903745930281095
679,Standard Pipe,75266,85093,2014-06-15,2014,6,15,1.130563601094784
718,Standard Pipe,68355,74148,2014-07-15,2014,7,15,1.0847487382049594
757,Standard Pipe,69730,74390,2014-08-15,2014,8,15,1.0668291983364406
796,Standard Pipe,78055,83993,2014-09-15,2014,9,15,1.0760745628082762
835,Standard Pipe,71011,72582,2014-10-15,2014,10,15,1.0221233330047457
874,Standard Pipe,66147,73538,2014-11-15,2014,11,15,1.1117359819795305
913,Standard Pipe,74925,79909,2014-12-15,2014,12,15,1.0665198531865199
952,Standard Pipe,105173,104916,2015-01-15,2015,1,15,0.9975564070626491
991,Standard Pipe,68100,72106,2015-02-15,2015,2,15,1.0588252569750367
1030,Standard Pipe,76840,79483,2015-03-15,2015,3,15,1.0343961478396668
1069,Standard Pipe,100103,99424,2015-04-15,2015,4,15,0.993216986503901
1108,Standard Pipe,111017,107312,2015-05-15,2015,5,15,0.9666267328427178
1147,Standard Pipe,87139,82481,2015-06-15,2015,6,15,0.9465451749503666
1186,Standard Pipe,67852,63707,2015-07-15,2015,7,15,0.938911159582621
1225,Standard Pipe,77574,70192,2015-08-15,2015,8,15,0.9048392502642638
1264,Standard Pipe,62806,60967,2015-09-15,2015,9,15,0.9707193580231188
1303,Standard Pipe,61037,54485,2015-10-15,2015,10,15,0.8926552746694628
1342,Standard Pipe,63080,55795,2015-11-15,2015,11,15,0.8845117311350665
1381,Standard Pipe,47566,42563,2015-12-15,2015,12,15,0.8948198292898288
1420,Standard Pipe,80499,71210,2016-01-15,2016,1,15,0.8846072622020149
1459,Standard Pipe,63320,54554,2016-02-15,2016,2,15,0.8615603284902085
1498,Standard Pipe,61389,53185,2016-03-15,2016,3,15,0.8663604228770627
1537,Standard Pipe,71857,59709,2016-04-15,2016,4,15,0.8309420098250693
1576,Standard Pipe,67075,57819,2016-05-15,2016,5,15,0.862005218039508
1615,Standard Pipe,63274,52687,2016-06-15,2016,6,15,0.8326800897683092
1654,Standard Pipe,45232,41376,2016-07-15,2016,7,15,0.9147506190307747
1693,Standard Pipe,60210,51408,2016-08-15,2016,8,15,0.8538116591928251
1732,Standard Pipe,58883,53652,2016-09-15,2016,9,15,0.911162814394647
1771,Standard Pipe,65717,57737,2016-10-15,2016,10,15,0.8785702329686382
1810,Standard Pipe,62041,52099,2016-11-15,2016,11,15,0.8397511323157267
1849,Standard Pipe,58300,49458,2016-12-15,2016,12,15,0.8483361921097771
1888,Standard Pipe,84973,66910,2017-01-15,2017,1,15,0.7874265943299636
1927,Standard Pipe,86175,77987,2017-02-15,2017,2,15,0.9049840440963156
1966,Standard Pipe,93846,77472,2017-03-15,2017,3,15,0.8255226647912538
2005,Standard Pipe,89743,75217,2017-04-15,2017,4,15,0.8381377934769285
2044,Standard Pipe,111009,92198,2017-05-15,2017,5,15,0.8305452711041447
2083,Standard Pipe,84597,74867,2017-06-15,2017,6,15,0.8849841010910552
2122,Standard Pipe,117007,100254,2017-07-15,2017,7,15,0.8568205321049168
2161,Standard Pipe,88384,83899,2017-08-15,2017,8,15,0.9492555213613324
2200,Standard Pipe,75690,70369,2017-09-15,2017,9,15,0.9297000924824944
2239,Standard Pipe,83642,75090,2017-10-15,2017,10,15,0.897754716529973
2278,Standard Pipe,73941,65985,2017-11-15,2017,11,15,0.8924006978536941
2317,Standard Pipe,67926,62167,2017-12-15,2017,12,15,0.9152165591967729
2356,Standard Pipe,88320,82236,2018-01-15,2018,1,15,0.9311141304347826
2395,Standard Pipe,65835,64471,2018-02-15,2018,2,15,0.979281537176274
2434,Standard Pipe,83710,81558,2018-03-15,2018,3,15,0.9742921992593477
2473,Standard Pipe,100174,96117,2018-04-15,2018,4,15,0.9595004691836205
2512,Standard Pipe,63147,65579,2018-05-15,2018,5,15,1.0385133102126785
2551,Standard Pipe,61990,59384,2018-06-15,2018,6,15,0.9579609614453944
2590,Standard Pipe,67901,65596,2018-07-15,2018,7,15,0.9660535190939751
2629,Standard Pipe,51007,54280,2018-08-15,2018,8,15,1.0641676632619053
17,Oil Country Goods,270288,371114,2013-01-15,2013,1,15,1.3730317291185699
56,Oil Country Goods,184145,264228,2013-02-15,2013,2,15,1.4348909826495424
95,Oil Country Goods,230473,316908,2013-03-15,2013,3,15,1.3750330841356688
134,Oil Country Goods,238787,328784,2013-04-15,2013,4,15,1.376892376888189
173,Oil Country Goods,223227,311747,2013-05-15,2013,5,15,1.3965470126821575
212,Oil Country Goods,243561,338216,2013-06-15,2013,6,15,1.388629542496541
251,Oil Country Goods,212591,301918,2013-07-15,2013,7,15,1.4201824160006773
290,Oil Country Goods,329486,371623,2013-08-15,2013,8,15,1.1278870725918553
329,Oil Country Goods,232745,285410,2013-09-15,2013,9,15,1.226277685879396
368,Oil Country Goods,361372,439035,2013-10-15,2013,10,15,1.2149115039350034
407,Oil Country Goods,266575,341204,2013-11-15,2013,11,15,1.2799549845259308
446,Oil Country Goods,191178,256594,2013-12-15,2013,12,15,1.3421732626138991
485,Oil Country Goods,309552,403691,2014-01-15,2014,1,15,1.3041136868765184
524,Oil Country Goods,231151,320769,2014-02-15,2014,2,15,1.3877032762133843
563,Oil Country Goods,231151,320769,2014-03-15,2014,3,15,1.3877032762133843
602,Oil Country Goods,248684,343108,2014-04-15,2014,4,15,1.379694712969069
641,Oil Country Goods,396287,508633,2014-05-15,2014,5,15,1.2834965567883883
680,Oil Country Goods,319020,437096,2014-06-15,2014,6,15,1.3701209955488685
719,Oil Country Goods,353124,431939,2014-07-15,2014,7,15,1.22319355240652
758,Oil Country Goods,299960,433062,2014-08-15,2014,8,15,1.4437324976663555
797,Oil Country Goods,296952,407031,2014-09-15,2014,9,15,1.3706962741453164
836,Oil Country Goods,290988,391573,2014-10-15,2014,10,15,1.3456671752787057
875,Oil Country Goods,319849,447407,2014-11-15,2014,11,15,1.398806937023408
914,Oil Country Goods,301739,428718,2014-12-15,2014,12,15,1.4208239571285117
953,Oil Country Goods,498280,661556,2015-01-15,2015,1,15,1.3276792165047764
992,Oil Country Goods,321086,466538,2015-02-15,2015,2,15,1.453000130806077
1031,Oil Country Goods,268349,375109,2015-03-15,2015,3,15,1.3978401261044386
1070,Oil Country Goods,219368,317510,2015-04-15,2015,4,15,1.4473852157105869
1109,Oil Country Goods,151808,221953,2015-05-15,2015,5,15,1.4620639228499157
1148,Oil Country Goods,103091,157430,2015-06-15,2015,6,15,1.527097418785345
1187,Oil Country Goods,88377,119374,2015-07-15,2015,7,15,1.35073605123505
1226,Oil Country Goods,101772,138413,2015-08-15,2015,8,15,1.3600302637267618
1265,Oil Country Goods,87534,129756,2015-09-15,2015,9,15,1.4823497155391048
1304,Oil Country Goods,69898,106737,2015-10-15,2015,10,15,1.5270394002689633
1343,Oil Country Goods,79265,119685,2015-11-15,2015,11,15,1.5099350280703967
1382,Oil Country Goods,43011,75317,2015-12-15,2015,12,15,1.7511101811164587
1421,Oil Country Goods,89261,124941,2016-01-15,2016,1,15,1.399726644335152
1460,Oil Country Goods,97041,116795,2016-02-15,2016,2,15,1.203563442256366
1499,Oil Country Goods,55778,65017,2016-03-15,2016,3,15,1.1656387823156082
1538,Oil Country Goods,49505,70014,2016-04-15,2016,4,15,1.4142813857186143
1577,Oil Country Goods,58014,63143,2016-05-15,2016,5,15,1.088409694211742
1616,Oil Country Goods,67245,68361,2016-06-15,2016,6,15,1.0165960294445684
1655,Oil Country Goods,89288,94617,2016-07-15,2016,7,15,1.059683272108234
1694,Oil Country Goods,76822,82448,2016-08-15,2016,8,15,1.0732342297779283
1733,Oil Country Goods,75434,81948,2016-09-15,2016,9,15,1.0863536336400033
1772,Oil Country Goods,139039,125709,2016-10-15,2016,10,15,0.9041276188695259
1811,Oil Country Goods,97127,89296,2016-11-15,2016,11,15,0.9193736036323576
1850,Oil Country Goods,150974,139864,2016-12-15,2016,12,15,0.9264111701352551
1889,Oil Country Goods,169268,156162,2017-01-15,2017,1,15,0.922572488597963
1928,Oil Country Goods,182307,159733,2017-02-15,2017,2,15,0.8761759010899197
1967,Oil Country Goods,239909,226757,2017-03-15,2017,3,15,0.9451792137852268
2006,Oil Country Goods,318161,285284,2017-04-15,2017,4,15,0.8966655246871866
2045,Oil Country Goods,246284,222264,2017-05-15,2017,5,15,0.9024703188189245
2084,Oil Country Goods,300500,279886,2017-06-15,2017,6,15,0.9314009983361065
2123,Oil Country Goods,340046,322473,2017-07-15,2017,7,15,0.9483216976526705
2162,Oil Country Goods,243625,244543,2017-08-15,2017,8,15,1.0037680861980502
2201,Oil Country Goods,311811,326430,2017-09-15,2017,9,15,1.0468841702184977
2240,Oil Country Goods,307527,315588,2017-10-15,2017,10,15,1.0262123325756762
2279,Oil Country Goods,250034,282479,2017-11-15,2017,11,15,1.1297623523200844
2318,Oil Country Goods,189649,239116,2017-12-15,2017,12,15,1.260834488977005
2357,Oil Country Goods,339214,363774,2018-01-15,2018,1,15,1.0724026720595259
2396,Oil Country Goods,218645,250429,2018-02-15,2018,2,15,1.1453680623842302
2435,Oil Country Goods,277522,330089,2018-03-15,2018,3,15,1.1894156138972767
2474,Oil Country Goods,300454,333644,2018-04-15,2018,4,15,1.1104661612093698
2513,Oil Country Goods,239353,305106,2018-05-15,2018,5,15,1.2747114095081324
2552,Oil Country Goods,181748,219012,2018-06-15,2018,6,15,1.20503114202082
2591,Oil Country Goods,197567,235590,2018-07-15,2018,7,15,1.1924562300384174
2630,Oil Country Goods,196740,255032,2018-08-15,2018,8,15,1.2962895191623462
