data/p.csv
,Product,Quantity,Value,date,year,month,day,price
18,Line Pipe > 16 Inches In Diameter,99576,145242,2013-01-15,2013,1,15,1.4586044830079536
57,Line Pipe > 16 Inches In Diameter,86097,122780,2013-02-15,2013,2,15,1.4260659488716216
96,Line Pipe > 16 Inches In Diameter,79382,109580,2013-03-15,2013,3,15,1.3804136958000555
135,Line Pipe > 16 Inches In Diameter,87472,118700,2013-04-15,2013,4,15,1.357005670385952
174,Line Pipe > 16 Inches In Diameter,79379,105582,2013-05-15,2013,5,15,1.3300999004774563
213,Line Pipe > 16 Inches In Diameter,54644,69733,2013-06-15,2013,6,15,1.276132786765244
252,Line Pipe > 16 Inches In Diameter,48639,62088,2013-07-15,2013,7,15,1.276506507123913
291,Line Pipe > 16 Inches In Diameter,69017,83716,2013-08-15,2013,8,15,1.2129765130330208
330,Line Pipe > 16 Inches In Diameter,72365,94820,2013-09-15,2013,9,15,1.3103019415463277
369,Line Pipe > 16 Inches In Diameter,70594,96562,2013-10-15,2013,10,15,1.3678499589200215
408,Line Pipe > 16 Inches In Diameter,56138,80845,2013-11-15,2013,11,15,1.4401118671844384
447,Line Pipe > 16 Inches In Diameter,66439,83888,2013-12-15,2013,12,15,1.2626318878971687
486,Line Pipe > 16 Inches In Diameter,41461,49197,2014-01-15,2014,1,15,1.1865849834784497
525,Line Pipe > 16 Inches In Diameter,63333,77218,2014-02-15,2014,2,15,1.2192379959894526
564,Line Pipe > 16 Inches In Diameter,63333,77218,2014-03-15,2014,3,15,1.2192379959894526
603,Line Pipe > 16 Inches In Diameter,71433,87362,2014-04-15,2014,4,15,1.222992174485182
642,Line Pipe > 16 Inches In Diameter,67862,87247,2014-05-15,2014,5,15,1.2856532374524772
681,Line Pipe > 16 Inches In Diameter,38982,51097,2014-06-15,2014,6,15,1.3107844646246987
720,Line Pipe > 16 Inches In Diameter,82352,98077,2014-07-15,2014,7,15,1.1909486108412668
759,Line Pipe > 16 Inches In Diameter,64236,77803,2014-08-15,2014,8,15,1.2112055545177158
798,Line Pipe > 16 Inches In Diameter,40712,53809,2014-09-15,2014,9,15,1.3216987620357634
837,Line Pipe > 16 Inches In Diameter,56697,81425,2014-10-15,2014,10,15,1.4361430058027762
876,Line Pipe > 16 Inches In Diameter,86977,99222,2014-11-15,2014,11,15,1.140784345286685
915,Line Pipe > 16 Inches In Diameter,105573,134989,2014-12-15,2014,12,15,1.2786318471578908
954,Line Pipe > 16 Inches In Diameter,153897,185227,2015-01-15,2015,1,15,1.203577717564345
993,Line Pipe > 16 Inches In Diameter,68324,82257,2015-02-15,2015,2,15,1.2039254142029154
1032,Line Pipe > 16 Inches In Diameter,138110,160523,2015-03-15,2015,3,15,1.1622836869162263
1071,Line Pipe > 16 Inches In Diameter,105661,124351,2015-04-15,2015,4,15,1.1768864576333746
1110,Line Pipe > 16 Inches In Diameter,125402,149458,2015-05-15,2015,5,15,1.1918310712747804
1149,Line Pipe > 16 Inches In Diameter,140920,154358,2015-06-15,2015,6,15,1.0953590689753052
1188,Line Pipe > 16 Inches In Diameter,140229,164764,2015-07-15,2015,7,15,1.174963809197812
1227,Line Pipe > 16 Inches In Diameter,100282,112339,2015-08-15,2015,8,15,1.1202309487245967
1266,Line Pipe > 16 Inches In Diameter,74415,75838,2015-09-15,2015,9,15,1.0191224887455486
1305,Line Pipe > 16 Inches In Diameter,71890,73096,2015-10-15,2015,10,15,1.0167756294338572
1344,Line Pipe > 16 Inches In Diameter,37905,35263,2015-11-15,2015,11,15,0.9302994327925076
1383,Line Pipe > 16 Inches In Diameter,49261,71556,2015-12-15,2015,12,15,1.452589269401758
1422,Line Pipe > 16 Inches In Diameter,73372,87327,2016-01-15,2016,1,15,1.1901951698195496
1461,Line Pipe > 16 Inches In Diameter,59138,47443,2016-02-15,2016,2,15,0.8022422131286144
1500,Line Pipe > 16 Inches In Diameter,49564,44419,2016-03-15,2016,3,15,0.8961948188201113
1539,Line Pipe > 16 Inches In Diameter,85203,76950,2016-04-15,2016,4,15,0.9031372134783986
1578,Line Pipe > 16 Inches In Diameter,31880,37752,2016-05-15,2016,5,15,1.1841907151819322
1617,Line Pipe > 16 Inches In Diameter,54949,66778,2016-06-15,2016,6,15,1.2152723434457406
1656,Line Pipe > 16 Inches In Diameter,50517,44622,2016-07-15,2016,7,15,0.8833066096561554
1695,Line Pipe > 16 Inches In Diameter,52802,42903,2016-08-15,2016,8,15,0.8125260406802772
1734,Line Pipe > 16 Inches In Diameter,28020,28125,2016-09-15,2016,9,15,1.003747323340471
1773,Line Pipe > 16 Inches In Diameter,41693,33938,2016-10-15,2016,10,15,0.8139975535461589
1812,Line Pipe > 16 Inches In Diameter,48704,43506,2016-11-15,2016,11,15,0.8932736530880421
1851,Line Pipe > 16 Inches In Diameter,54352,50065,2016-12-15,2016,12,15,0.9211252575802178
1890,Line Pipe > 16 Inches In Diameter,35559,34050,2017-01-15,2017,1,15,0.9575634860372901
1929,Line Pipe > 16 Inches In Diameter,78302,64163,2017-02-15,2017,2,15,0.8194298996194223
1968,Line Pipe > 16 Inches In Diameter,99944,83347,2017-03-15,2017,3,15,0.8339370047226446
2007,Line Pipe > 16 Inches In Diameter,50169,40676,2017-04-15,2017,4,15,0.8107795650700632
2046,Line Pipe > 16 Inches In Diameter,87154,79830,2017-05-15,2017,5,15,0.9159648438396402
2085,Line Pipe > 16 Inches In Diameter,66460,66406,2017-06-15,2017,6,15,0.9991874811916942
2124,Line Pipe > 16 Inches In Diameter,83690,83463,2017-07-15,2017,7,15,0.9972876090333374
2163,Line Pipe > 16 Inches In Diameter,84979,81900,2017-08-15,2017,8,15,0.9637675190341143
2202,Line Pipe > 16 Inches In Diameter,128632,118988,2017-09-15,2017,9,15,0.9250264319920393
2241,Line Pipe > 16 Inches In Diameter,85328,82492,2017-10-15,2017,10,15,0.9667635477217326
2280,Line Pipe > 16 Inches In Diameter,52660,54967,2017-11-15,2017,11,15,1.0438093429548043
2319,Line Pipe > 16 Inches In Diameter,50701,53796,2017-12-15,2017,12,15,1.0610441608646772
2358,Line Pipe > 16 Inches In Diameter,54007,59774,2018-01-15,2018,1,15,1.106782454126317
2397,Line Pipe > 16 Inches In Diameter,56979,63641,2018-02-15,2018,2,15,1.1169202688709876
2436,Line Pipe > 16 Inches In Diameter,59619,66297,2018-03-15,2018,3,15,1.112011271574498
2475,Line Pipe > 16 Inches In Diameter,78788,84695,2018-04-15,2018,4,15,1.074973346194852
2514,Line Pipe > 16 Inches In Diameter,70220,70362,2018-05-15,2018,5,15,1.002022215892908
2553,Line Pipe > 16 Inches In Diameter,57396,62060,2018-06-15,2018,6,15,1.0812600181197296
2592,Line Pipe > 16 Inches In Diameter,93554,100959,2018-07-15,2018,7,15,1.0791521474228787
2631,Line Pipe > 16 Inches In Diameter,93814,106825,2018-08-15,2018,8,15,1.1386893214232416
19,Line Pipe <= 16 Inches In Diameter,56963,78946,2013-01-15,2013,1,15,1.3859171743061285
58,Line Pipe <= 16 Inches In Diameter,47678,65891,2013-02-15,2013,2,15,1.3820000838961366
97,Line Pipe <= 16 Inches In Diameter,44424,57986,2013-03-15,2013,3,15,1.3052854312983972
136,Line Pipe <= 16 Inches In Diameter,57135,75888,2013-04-15,2013,4,15,1.328222630611709
175,Line Pipe <= 16 Inches In Diameter,52712,79986,2013-05-15,2013,5,15,1.5174153892851723
214,Line Pipe <= 16 Inches In Diameter,71433,95971,2013-06-15,2013,6,15,1.3435107023364552
253,Line Pipe <= 16 Inches In Diameter,59071,93379,2013-07-15,2013,7,15,1.5807926055086252
292,Line Pipe <= 16 Inches In Diameter,37844,47045,2013-08-15,2013,8,15,1.2431296903075786
331,Line Pipe <= 16 Inches In Diameter,40270,49059,2013-09-15,2013,9,15,1.2182518003476532
370,Line Pipe <= 16 Inches In Diameter,44193,63366,2013-10-15,2013,10,15,1.4338469893422034
409,Line Pipe <= 16 Inches In Diameter,36828,51793,2013-11-15,2013,11,15,1.4063484305419789
448,Line Pipe <= 16 Inches In Diameter,37307,51271,2013-12-15,2013,12,15,1.3742997292733268
487,Line Pipe <= 16 Inches In Diameter,40666,53918,2014-01-15,2014,1,15,1.3258741946589288
526,Line Pipe <= 16 Inches In Diameter,29061,41743,2014-02-15,2014,2,15,1.4363924159526513
565,Line Pipe <= 16 Inches In Diameter,29061,41743,2014-03-15,2014,3,15,1.4363924159526513
604,Line Pipe <= 16 Inches In Diameter,40789,56925,2014-04-15,2014,4,15,1.395596852092476
643,Line Pipe <= 16 Inches In Diameter,72290,94554,2014-05-15,2014,5,15,1.307981740213031
682,Line Pipe <= 16 Inches In Diameter,53438,72848,2014-06-15,2014,6,15,1.3632246715820202
721,Line Pipe <= 16 Inches In Diameter,52498,66926,2014-07-15,2014,7,15,1.2748295173149453
760,Line Pipe <= 16 Inches In Diameter,67475,80599,2014-08-15,2014,8,15,1.1945016672841793
799,Line Pipe <= 16 Inches In Diameter,65214,84892,2014-09-15,2014,9,15,1.3017450240745851
838,Line Pipe <= 16 Inches In Diameter,60018,75822,2014-10-15,2014,10,15,1.2633210036988904
877,Line Pipe <= 16 Inches In Diameter,59670,73458,2014-11-15,2014,11,15,1.2310708898944194
916,Line Pipe <= 16 Inches In Diameter,59872,78857,2014-12-15,2014,12,15,1.3170931320149653
955,Line Pipe <= 16 Inches In Diameter,56560,68523,2015-01-15,2015,1,15,1.211509900990099
994,Line Pipe <= 16 Inches In Diameter,70870,86114,2015-02-15,2015,2,15,1.2150980668830254
1033,Line Pipe <= 16 Inches In Diameter,52051,77738,2015-03-15,2015,3,15,1.4934967627903402
1072,Line Pipe <= 16 Inches In Diameter,73190,89855,2015-04-15,2015,4,15,1.2276950403060527
1111,Line Pipe <= 16 Inches In Diameter,47967,59149,2015-05-15,2015,5,15,1.2331186023724645
1150,Line Pipe <= 16 Inches In Diameter,34278,43618,2015-06-15,2015,6,15,1.272477974210864
1189,Line Pipe <= 16 Inches In Diameter,28452,34518,2015-07-15,2015,7,15,1.2132011809363137
1228,Line Pipe <= 16 Inches In Diameter,20054,29232,2015-08-15,2015,8,15,1.4576643063727934
1267,Line Pipe <= 16 Inches In Diameter,23048,33615,2015-09-15,2015,9,15,1.4584779590419994
1306,Line Pipe <= 16 Inches In Diameter,19295,24391,2015-10-15,2015,10,15,1.2641098730240996
1345,Line Pipe <= 16 Inches In Diameter,20034,25479,2015-11-15,2015,11,15,1.2717879604672058
1384,Line Pipe <= 16 Inches In Diameter,20272,32606,2015-12-15,2015,12,15,1.6084254143646408
1423,Line Pipe <= 16 Inches In Diameter,23354,28855,2016-01-15,2016,1,15,1.2355485141731608
1462,Line Pipe <= 16 Inches In Diameter,14402,12688,2016-02-15,2016,2,15,0.8809887515622831
1501,Line Pipe <= 16 Inches In Diameter,24100,31261,2016-03-15,2016,3,15,1.297136929460581
1540,Line Pipe <= 16 Inches In Diameter,32582,32550,2016-04-15,2016,4,15,0.9990178626235344
1579,Line Pipe <= 16 Inches In Diameter,24506,26421,2016-05-15,2016,5,15,1.0781441279686608
1618,Line Pipe <= 16 Inches In Diameter,24383,24103,2016-06-15,2016,6,15,0.9885165894270599
1657,Line Pipe <= 16 Inches In Diameter,22681,23821,2016-07-15,2016,7,15,1.0502623341122526
1696,Line Pipe <= 16 Inches In Diameter,26597,25108,2016-08-15,2016,8,15,0.9440162424333571
1735,Line Pipe <= 16 Inches In Diameter,16787,19022,2016-09-15,2016,9,15,1.133138738309406
1774,Line Pipe <= 16 Inches In Diameter,23601,26440,2016-10-15,2016,10,15,1.1202915130714801
1813,Line Pipe <= 16 Inches In Diameter,17206,19665,2016-11-15,2016,11,15,1.1429152621178658
1852,Line Pipe <= 16 Inches In Diameter,30182,27717,2016-12-15,2016,12,15,0.9183288052481612
1891,Line Pipe <= 16 Inches In Diameter,18847,22080,2017-01-15,2017,1,15,1.1715392370138484
1930,Line Pipe <= 16 Inches In Diameter,34506,31048,2017-02-15,2017,2,15,0.899785544542978
1969,Line Pipe <= 16 Inches In Diameter,36313,40008,2017-03-15,2017,3,15,1.1017541927133534
2008,Line Pipe <= 16 Inches In Diameter,38701,34358,2017-04-15,2017,4,15,0.8877806775018733
2047,Line Pipe <= 16 Inches In Diameter,39788,42926,2017-05-15,2017,5,15,1.0788680004021314
2086,Line Pipe <= 16 Inches In Diameter,44335,49862,2017-06-15,2017,6,15,1.1246644862975077
2125,Line Pipe <= 16 Inches In Diameter,45253,44538,2017-07-15,2017,7,15,0.9841999425452456
2164,Line Pipe <= 16 Inches In Diameter,38879,37754,2017-08-15,2017,8,15,0.971064070577947
2203,Line Pipe <= 16 Inches In Diameter,41203,45226,2017-09-15,2017,9,15,1.0976385214668836
2242,Line Pipe <= 16 Inches In Diameter,54902,56972,2017-10-15,2017,10,15,1.0377035444974683
2281,Line Pipe <= 16 Inches In Diameter,40076,44372,2017-11-15,2017,11,15,1.1071963269787404
2320,Line Pipe <= 16 Inches In Diameter,30651,36368,2017-12-15,2017,12,15,1.1865192000261002
2359,Line Pipe <= 16 Inches In Diameter,47551,49776,2018-01-15,2018,1,15,1.0467918655759079
2398,Line Pipe <= 16 Inches In Diameter,36296,42837,2018-02-15,2018,2,15,1.1802126956138417
2437,Line Pipe <= 16 Inches In Diameter,40993,46434,2018-03-15,2018,3,15,1.1327299782889761
2476,Line Pipe <= 16 Inches In Diameter,49613,56096,2018-04-15,2018,4,15,1.1306713966097595
2515,Line Pipe <= 16 Inches In Diameter,53061,61804,2018-05-15,2018,5,15,1.1647726201918547
2554,Line Pipe <= 16 Inches In Diameter,35449,43120,2018-06-15,2018,6,15,1.2163953849191798
2593,Line Pipe <= 16 Inches In Diameter,40359,49854,2018-07-15,2018,7,15,1.23526350999777
2632,Line Pipe <= 16 Inches In Diameter,35984,48529,2018-08-15,2018,8,15,1.3486271676300579
