data/p.csv
,Product,Quantity,Value,date,year,month,day,price
20,Line Pipe - Not Specified,65891,60099,2013-01-15,2013,1,15,0.912097251521452
59,Line Pipe - Not Specified,59339,57222,2013-02-15,2013,2,15,0.9643236320126729
98,Line Pipe - Not Specified,76236,69910,2013-03-15,2013,3,15,0.9170208300540427
137,Line Pipe - Not Specified,71282,63358,2013-04-15,2013,4,15,0.8888358912488427
176,Line Pipe - Not Specified,63004,54711,2013-05-15,2013,5,15,0.8683734366071996
215,Line Pipe - Not Specified,63394,52591,2013-06-15,2013,6,15,0.8295895510616147
254,Line Pipe - Not Specified,75657,65329,2013-07-15,2013,7,15,0.8634891682197285
293,Line Pipe - Not Specified,54888,47229,2013-08-15,2013,8,15,0.8604613030170529
332,Line Pipe - Not Specified,53290,46721,2013-09-15,2013,9,15,0.8767310940138863
371,Line Pipe - Not Specified,47834,43967,2013-10-15,2013,10,15,0.9191579211439562
410,Line Pipe - Not Specified,28031,24662,2013-11-15,2013,11,15,0.87981163711605
449,Line Pipe - Not Specified,32584,27961,2013-12-15,2013,12,15,0.8581205499631721
488,Line Pipe - Not Specified,46804,40369,2014-01-15,2014,1,15,0.8625117511323819
527,Line Pipe - Not Specified,37189,33030,2014-02-15,2014,2,15,0.8881658554949045
566,Line Pipe - Not Specified,37189,33030,2014-03-15,2014,3,15,0.8881658554949045
605,Line Pipe - Not Specified,65525,59468,2014-04-15,2014,4,15,0.9075619992369325
644,Line Pipe - Not Specified,78641,74517,2014-05-15,2014,5,15,0.9475591612517643
683,Line Pipe - Not Specified,47449,43357,2014-06-15,2014,6,15,0.9137600370924571
722,Line Pipe - Not Specified,61332,53753,2014-07-15,2014,7,15,0.8764266614491619
761,Line Pipe - Not Specified,79820,67058,2014-08-15,2014,8,15,0.8401152593335004
800,Line Pipe - Not Specified,58926,52666,2014-09-15,2014,9,15,0.8937650612632794
839,Line Pipe - Not Specified,92693,80124,2014-10-15,2014,10,15,0.8644018426418392
878,Line Pipe - Not Specified,54258,47157,2014-11-15,2014,11,15,0.8691252902797744
917,Line Pipe - Not Specified,71728,63253,2014-12-15,2014,12,15,0.8818453044836048
956,Line Pipe - Not Specified,103045,90326,2015-01-15,2015,1,15,0.8765684894948809
995,Line Pipe - Not Specified,64973,54500,2015-02-15,2015,2,15,0.8388099672171517
1034,Line Pipe - Not Specified,82856,74635,2015-03-15,2015,3,15,0.9007796659264266
1073,Line Pipe - Not Specified,109810,92224,2015-04-15,2015,4,15,0.8398506511246698
1112,Line Pipe - Not Specified,45506,42735,2015-05-15,2015,5,15,0.9391069309541599
1151,Line Pipe - Not Specified,52217,44094,2015-06-15,2015,6,15,0.844437635252887
1190,Line Pipe - Not Specified,37359,29564,2015-07-15,2015,7,15,0.79134880483953
1229,Line Pipe - Not Specified,23488,18050,2015-08-15,2015,8,15,0.7684775204359673
1268,Line Pipe - Not Specified,28914,22769,2015-09-15,2015,9,15,0.7874731963754582
1307,Line Pipe - Not Specified,24027,19959,2015-10-15,2015,10,15,0.8306904732176301
1346,Line Pipe - Not Specified,49188,35474,2015-11-15,2015,11,15,0.7211921606895991
1385,Line Pipe - Not Specified,11065,9980,2015-12-15,2015,12,15,0.9019430637144148
1424,Line Pipe - Not Specified,21541,13259,2016-01-15,2016,1,15,0.6155238846850193
1463,Line Pipe - Not Specified,38516,21562,2016-02-15,2016,2,15,0.5598192958770382
1502,Line Pipe - Not Specified,31119,24219,2016-03-15,2016,3,15,0.7782705099778271
1541,Line Pipe - Not Specified,27176,15973,2016-04-15,2016,4,15,0.587761259935237
1580,Line Pipe - Not Specified,27169,18918,2016-05-15,2016,5,15,0.696308292539291
1619,Line Pipe - Not Specified,25535,17274,2016-06-15,2016,6,15,0.6764832582729586
1658,Line Pipe - Not Specified,42415,24798,2016-07-15,2016,7,15,0.5846516562536839
1697,Line Pipe - Not Specified,32720,21304,2016-08-15,2016,8,15,0.6511002444987775
1736,Line Pipe - Not Specified,15665,11937,2016-09-15,2016,9,15,0.762017235876157
1775,Line Pipe - Not Specified,24840,17357,2016-10-15,2016,10,15,0.6987520128824477
1814,Line Pipe - Not Specified,16645,17962,2016-11-15,2016,11,15,1.079122859717633
1853,Line Pipe - Not Specified,30434,23351,2016-12-15,2016,12,15,0.7672668725767234
1892,Line Pipe - Not Specified,33874,23093,2017-01-15,2017,1,15,0.6817323020605774
1931,Line Pipe - Not Specified,34824,23709,2017-02-15,2017,2,15,0.6808235699517574
1970,Line Pipe - Not Specified,32180,35035,2017-03-15,2017,3,15,1.088719701678061
2009,Line Pipe - Not Specified,41300,26907,2017-04-15,2017,4,15,0.651501210653753
2048,Line Pipe - Not Specified,41358,37007,2017-05-15,2017,5,15,0.8947966536099424
2087,Line Pipe - Not Specified,66362,63643,2017-06-15,2017,6,15,0.959027756848799
2126,Line Pipe - Not Specified,78140,65365,2017-07-15,2017,7,15,0.8365113898131559
2165,Line Pipe - Not Specified,63807,50994,2017-08-15,2017,8,15,0.7991913112981335
2204,Line Pipe - Not Specified,82846,67519,2017-09-15,2017,9,15,0.8149940854114863
2243,Line Pipe - Not Specified,88679,74598,2017-10-15,2017,10,15,0.8412138161233212
2282,Line Pipe - Not Specified,55095,51266,2017-11-15,2017,11,15,0.9305018604229058
2321,Line Pipe - Not Specified,42024,34958,2017-12-15,2017,12,15,0.8318579859128117
2360,Line Pipe - Not Specified,75692,61997,2018-01-15,2018,1,15,0.8190693864609205
2399,Line Pipe - Not Specified,41427,33906,2018-02-15,2018,2,15,0.8184517343761315
2438,Line Pipe - Not Specified,34403,29024,2018-03-15,2018,3,15,0.8436473563352034
2477,Line Pipe - Not Specified,123748,105647,2018-04-15,2018,4,15,0.8537269289200633
2516,Line Pipe - Not Specified,35798,34499,2018-05-15,2018,5,15,0.9637130565953406
2555,Line Pipe - Not Specified,54189,48498,2018-06-15,2018,6,15,0.8949786857111222
2594,Line Pipe - Not Specified,37602,36844,2018-07-15,2018,7,15,0.9798414977926706
2633,Line Pipe - Not Specified,28799,27480,2018-08-15,2018,8,15,0.9541997986041182
21,Mechanical Tubing,47242,79830,2013-01-15,2013,1,15,1.6898099149062276
60,Mechanical Tubing,34942,57215,2013-02-15,2013,2,15,1.6374277373933948
99,Mechanical Tubing,35220,61584,2013-03-15,2013,3,15,1.7485519591141396
138,Mechanical Tubing,45820,82711,2013-04-15,2013,4,15,1.8051287647315584
177,Mechanical Tubing,40196,68978,2013-05-15,2013,5,15,1.7160413971539457
216,Mechanical Tubing,47611,79342,2013-06-15,2013,6,15,1.6664636323538677
255,Mechanical Tubing,45369,74383,2013-07-15,2013,7,15,1.6395115607573454
294,Mechanical Tubing,48900,82730,2013-08-15,2013,8,15,1.6918200408997954
333,Mechanical Tubing,47442,79146,2013-09-15,2013,9,15,1.6682686227393448
372,Mechanical Tubing,45239,77472,2013-10-15,2013,10,15,1.7125046972744755
411,Mechanical Tubing,49102,80425,2013-11-15,2013,11,15,1.6379169891246792
450,Mechanical Tubing,44228,73408,2013-12-15,2013,12,15,1.6597630460341866
489,Mechanical Tubing,46513,81523,2014-01-15,2014,1,15,1.7526927955625309
528,Mechanical Tubing,51817,89169,2014-02-15,2014,2,15,1.7208445104888357
567,Mechanical Tubing,51817,89169,2014-03-15,2014,3,15,1.7208445104888357
606,Mechanical Tubing,58861,101151,2014-04-15,2014,4,15,1.7184723331238
645,Mechanical Tubing,60009,99089,2014-05-15,2014,5,15,1.6512356479861354
684,Mechanical Tubing,64952,109791,2014-06-15,2014,6,15,1.6903405591821652
723,Mechanical Tubing,69304,114531,2014-07-15,2014,7,15,1.6525885951748818
762,Mechanical Tubing,61464,105613,2014-08-15,2014,8,15,1.7182903813614474
801,Mechanical Tubing,51494,86807,2014-09-15,2014,9,15,1.6857692158309705
840,Mechanical Tubing,51332,83895,2014-10-15,2014,10,15,1.6343606327437077
879,Mechanical Tubing,51926,88523,2014-11-15,2014,11,15,1.7047914339637176
918,Mechanical Tubing,53910,94092,2014-12-15,2014,12,15,1.745353366722315
957,Mechanical Tubing,60123,102722,2015-01-15,2015,1,15,1.7085308451008765
996,Mechanical Tubing,50470,83660,2015-02-15,2015,2,15,1.6576183871606895
1035,Mechanical Tubing,51812,82618,2015-03-15,2015,3,15,1.5945726858642786
1074,Mechanical Tubing,54309,87860,2015-04-15,2015,4,15,1.617779741847576
1113,Mechanical Tubing,47053,72340,2015-05-15,2015,5,15,1.5374152551378233
1152,Mechanical Tubing,44835,70562,2015-06-15,2015,6,15,1.573815099810416
1191,Mechanical Tubing,38389,57581,2015-07-15,2015,7,15,1.4999348771783585
1230,Mechanical Tubing,39941,61849,2015-08-15,2015,8,15,1.5485090508500037
1269,Mechanical Tubing,33801,49875,2015-09-15,2015,9,15,1.4755480607082632
1308,Mechanical Tubing,37014,53944,2015-10-15,2015,10,15,1.4573944993786134
1347,Mechanical Tubing,34373,50579,2015-11-15,2015,11,15,1.4714747039827771
1386,Mechanical Tubing,31484,44196,2015-12-15,2015,12,15,1.4037606403252445
1425,Mechanical Tubing,35895,51019,2016-01-15,2016,1,15,1.4213400195013233
1464,Mechanical Tubing,33038,44438,2016-02-15,2016,2,15,1.3450572068527151
1503,Mechanical Tubing,37524,50844,2016-03-15,2016,3,15,1.354972817396866
1542,Mechanical Tubing,37763,47574,2016-04-15,2016,4,15,1.2598045706114451
1581,Mechanical Tubing,42827,56476,2016-05-15,2016,5,15,1.3187008195764354
1620,Mechanical Tubing,43017,54065,2016-06-15,2016,6,15,1.2568286956319594
1659,Mechanical Tubing,37294,51087,2016-07-15,2016,7,15,1.3698450152839599
1698,Mechanical Tubing,41657,58221,2016-08-15,2016,8,15,1.397628249753943
1737,Mechanical Tubing,38508,50867,2016-09-15,2016,9,15,1.320946296873377
1776,Mechanical Tubing,40051,53335,2016-10-15,2016,10,15,1.3316771116826047
1815,Mechanical Tubing,42075,55162,2016-11-15,2016,11,15,1.3110398098633393
1854,Mechanical Tubing,38058,47675,2016-12-15,2016,12,15,1.2526932576593621
1893,Mechanical Tubing,43190,56132,2017-01-15,2017,1,15,1.2996526973836535
1932,Mechanical Tubing,42781,55370,2017-02-15,2017,2,15,1.2942661461863911
1971,Mechanical Tubing,46290,61204,2017-03-15,2017,3,15,1.3221862173255563
2010,Mechanical Tubing,52818,72826,2017-04-15,2017,4,15,1.3788102540800484
2049,Mechanical Tubing,50096,68613,2017-05-15,2017,5,15,1.369630309805174
2088,Mechanical Tubing,62636,85538,2017-06-15,2017,6,15,1.3656363752474616
2127,Mechanical Tubing,55547,74836,2017-07-15,2017,7,15,1.3472554773435108
2166,Mechanical Tubing,53234,73980,2017-08-15,2017,8,15,1.3897133410977947
2205,Mechanical Tubing,53885,74447,2017-09-15,2017,9,15,1.3815904240512202
2244,Mechanical Tubing,57705,84441,2017-10-15,2017,10,15,1.4633220691447881
2283,Mechanical Tubing,43172,63053,2017-11-15,2017,11,15,1.4605068099694247
2322,Mechanical Tubing,46271,70648,2017-12-15,2017,12,15,1.5268310604914526
2361,Mechanical Tubing,52916,79567,2018-01-15,2018,1,15,1.503647290044599
2400,Mechanical Tubing,50075,73582,2018-02-15,2018,2,15,1.469435846230654
2439,Mechanical Tubing,63386,97405,2018-03-15,2018,3,15,1.5366958003344586
2478,Mechanical Tubing,60959,92657,2018-04-15,2018,4,15,1.5199888449613674
2517,Mechanical Tubing,61000,90820,2018-05-15,2018,5,15,1.4888524590163934
2556,Mechanical Tubing,42434,66470,2018-06-15,2018,6,15,1.5664325776499977
2595,Mechanical Tubing,48385,71083,2018-07-15,2018,7,15,1.4691123282008887
2634,Mechanical Tubing,47134,73886,2018-08-15,2018,8,15,1.567573301650613
22,Pressure Tubing,7292,14901,2013-01-15,2013,1,15,2.0434722984092155
61,Pressure Tubing,3219,8984,2013-02-15,2013,2,15,2.790928859894377
100,Pressure Tubing,5849,12166,2013-03-15,2013,3,15,2.0800136775517184
139,Pressure Tubing,4824,11636,2013-04-15,2013,4,15,2.412106135986733
178,Pressure Tubing,3185,8159,2013-05-15,2013,5,15,2.561695447409733
217,Pressure Tubing,5188,12551,2013-06-15,2013,6,15,2.419236700077101
256,Pressure Tubing,5442,13277,2013-07-15,2013,7,15,2.4397280411613376
295,Pressure Tubing,4702,10899,2013-08-15,2013,8,15,2.3179498085920884
334,Pressure Tubing,5827,11086,2013-09-15,2013,9,15,1.902522738973743
373,Pressure Tubing,3090,6889,2013-10-15,2013,10,15,2.229449838187702
412,Pressure Tubing,3522,7899,2013-11-15,2013,11,15,2.2427597955706986
451,Pressure Tubing,4247,10355,2013-12-15,2013,12,15,2.4381916647044974
490,Pressure Tubing,3567,15034,2014-01-15,2014,1,15,4.214746285393889
529,Pressure Tubing,4389,9220,2014-02-15,2014,2,15,2.100706311232627
568,Pressure Tubing,4389,9220,2014-03-15,2014,3,15,2.100706311232627
607,Pressure Tubing,5628,13617,2014-04-15,2014,4,15,2.4195095948827294
646,Pressure Tubing,6615,17225,2014-05-15,2014,5,15,2.6039304610733183
685,Pressure Tubing,4850,10680,2014-06-15,2014,6,15,2.2020618556701033
724,Pressure Tubing,5756,12952,2014-07-15,2014,7,15,2.2501737317581654
763,Pressure Tubing,9393,19864,2014-08-15,2014,8,15,2.1147663153412117
802,Pressure Tubing,5367,12018,2014-09-15,2014,9,15,2.239239798770263
841,Pressure Tubing,4850,12038,2014-10-15,2014,10,15,2.482061855670103
880,Pressure Tubing,7388,15018,2014-11-15,2014,11,15,2.0327558202490525
919,Pressure Tubing,7366,14024,2014-12-15,2014,12,15,1.9038827043171327
958,Pressure Tubing,8053,15336,2015-01-15,2015,1,15,1.9043834595802807
997,Pressure Tubing,5615,9844,2015-02-15,2015,2,15,1.7531611754229741
1036,Pressure Tubing,6331,12812,2015-03-15,2015,3,15,2.023692939504028
1075,Pressure Tubing,4836,10771,2015-04-15,2015,4,15,2.227253928866832
1114,Pressure Tubing,6356,13437,2015-05-15,2015,5,15,2.1140654499685336
1153,Pressure Tubing,5361,14412,2015-06-15,2015,6,15,2.688304420817012
1192,Pressure Tubing,3886,9749,2015-07-15,2015,7,15,2.5087493566649512
1231,Pressure Tubing,6460,14491,2015-08-15,2015,8,15,2.2431888544891643
1270,Pressure Tubing,3948,7724,2015-09-15,2015,9,15,1.956433637284701
1309,Pressure Tubing,3520,6822,2015-10-15,2015,10,15,1.9380681818181817
1348,Pressure Tubing,4009,6742,2015-11-15,2015,11,15,1.681716138687952
1387,Pressure Tubing,3826,7836,2015-12-15,2015,12,15,2.0480920020909568
1426,Pressure Tubing,4133,8792,2016-01-15,2016,1,15,2.127268328090975
1465,Pressure Tubing,2228,5032,2016-02-15,2016,2,15,2.258527827648115
1504,Pressure Tubing,4310,8561,2016-03-15,2016,3,15,1.9863109048723897
1543,Pressure Tubing,4199,6447,2016-04-15,2016,4,15,1.5353655632293404
1582,Pressure Tubing,4194,8990,2016-05-15,2016,5,15,2.143538388173581
1621,Pressure Tubing,3749,8148,2016-06-15,2016,6,15,2.173379567884769
1660,Pressure Tubing,3528,6206,2016-07-15,2016,7,15,1.7590702947845804
1699,Pressure Tubing,4039,6444,2016-08-15,2016,8,15,1.595444416934885
1738,Pressure Tubing,3337,8251,2016-09-15,2016,9,15,2.472580161821996
1777,Pressure Tubing,4020,7072,2016-10-15,2016,10,15,1.7592039800995025
1816,Pressure Tubing,2849,4386,2016-11-15,2016,11,15,1.5394875394875396
1855,Pressure Tubing,3514,6476,2016-12-15,2016,12,15,1.8429140580535004
1894,Pressure Tubing,4201,7967,2017-01-15,2017,1,15,1.8964532254225184
1933,Pressure Tubing,3614,10087,2017-02-15,2017,2,15,2.7910902047592696
1972,Pressure Tubing,4293,10736,2017-03-15,2017,3,15,2.5008152806894945
2011,Pressure Tubing,3722,6905,2017-04-15,2017,4,15,1.8551853842020418
2050,Pressure Tubing,5961,11994,2017-05-15,2017,5,15,2.012078510317061
2089,Pressure Tubing,5070,8434,2017-06-15,2017,6,15,1.6635108481262328
2128,Pressure Tubing,5255,9737,2017-07-15,2017,7,15,1.8529019980970505
2167,Pressure Tubing,4404,9084,2017-08-15,2017,8,15,2.0626702997275204
2206,Pressure Tubing,5284,11269,2017-09-15,2017,9,15,2.132664647993944
2245,Pressure Tubing,7513,24187,2017-10-15,2017,10,15,3.2193531212564888
2284,Pressure Tubing,6724,16247,2017-11-15,2017,11,15,2.4162700773349197
2323,Pressure Tubing,4322,16555,2017-12-15,2017,12,15,3.8304025913928736
2362,Pressure Tubing,6043,13815,2018-01-15,2018,1,15,2.2861161674664903
2401,Pressure Tubing,4980,13219,2018-02-15,2018,2,15,2.6544176706827307
2440,Pressure Tubing,6483,12264,2018-03-15,2018,3,15,1.891716797778806
2479,Pressure Tubing,4731,10620,2018-04-15,2018,4,15,2.2447685478757133
2518,Pressure Tubing,5970,11383,2018-05-15,2018,5,15,1.9067001675041877
2557,Pressure Tubing,3077,6417,2018-06-15,2018,6,15,2.0854728631784205
2596,Pressure Tubing,4422,9134,2018-07-15,2018,7,15,2.06558118498417
2635,Pressure Tubing,3264,7390,2018-08-15,2018,8,15,2.264093137254902
