data/p.csv
,Product,Quantity,Value,date,year,month,day,price
23,Stainless Pipe & Tubing,10453,69990,2013-01-15,2013,1,15,6.695685449153353
62,Stainless Pipe & Tubing,8579,57048,2013-02-15,2013,2,15,6.649726075300151
101,Stainless Pipe & Tubing,9437,89507,2013-03-15,2013,3,15,9.484687930486384
140,Stainless Pipe & Tubing,10855,76486,2013-04-15,2013,4,15,7.046153846153846
179,Stainless Pipe & Tubing,10030,74130,2013-05-15,2013,5,15,7.390827517447657
218,Stainless Pipe & Tubing,10363,70718,2013-06-15,2013,6,15,6.82408568947216
257,Stainless Pipe & Tubing,12108,81616,2013-07-15,2013,7,15,6.740667327386852
296,Stainless Pipe & Tubing,11731,86473,2013-08-15,2013,8,15,7.37132384280965
335,Stainless Pipe & Tubing,8345,62970,2013-09-15,2013,9,15,7.545835829838227
374,Stainless Pipe & Tubing,8708,66710,2013-10-15,2013,10,15,7.660771704180064
413,Stainless Pipe & Tubing,8147,56843,2013-11-15,2013,11,15,6.977169510249172
452,Stainless Pipe & Tubing,9088,66889,2013-12-15,2013,12,15,7.360145246478873
491,Stainless Pipe & Tubing,9621,67577,2014-01-15,2014,1,15,7.023906038873298
530,Stainless Pipe & Tubing,10465,89073,2014-02-15,2014,2,15,8.511514572384138
569,Stainless Pipe & Tubing,10465,89073,2014-03-15,2014,3,15,8.511514572384138
608,Stainless Pipe & Tubing,11389,73831,2014-04-15,2014,4,15,6.482658705768724
647,Stainless Pipe & Tubing,13347,83303,2014-05-15,2014,5,15,6.241327639169851
686,Stainless Pipe & Tubing,11830,74717,2014-06-15,2014,6,15,6.315891800507185
725,Stainless Pipe & Tubing,13523,89346,2014-07-15,2014,7,15,6.606965909931228
764,Stainless Pipe & Tubing,13344,87647,2014-08-15,2014,8,15,6.568270383693045
803,Stainless Pipe & Tubing,13426,90461,2014-09-15,2014,9,15,6.737747653806048
842,Stainless Pipe & Tubing,13277,85562,2014-10-15,2014,10,15,6.44437749491602
881,Stainless Pipe & Tubing,11375,84605,2014-11-15,2014,11,15,7.437802197802198
920,Stainless Pipe & Tubing,13739,100457,2014-12-15,2014,12,15,7.311813086833103
959,Stainless Pipe & Tubing,13468,106396,2015-01-15,2015,1,15,7.8999108999109
998,Stainless Pipe & Tubing,10435,68998,2015-02-15,2015,2,15,6.612170579779588
1037,Stainless Pipe & Tubing,12787,83282,2015-03-15,2015,3,15,6.513021036990693
1076,Stainless Pipe & Tubing,12693,86001,2015-04-15,2015,4,15,6.775466792720397
1115,Stainless Pipe & Tubing,10671,68528,2015-05-15,2015,5,15,6.421891106737887
1154,Stainless Pipe & Tubing,10965,69217,2015-06-15,2015,6,15,6.312539899680803
1193,Stainless Pipe & Tubing,11040,71534,2015-07-15,2015,7,15,6.479528985507247
1232,Stainless Pipe & Tubing,9401,57267,2015-08-15,2015,8,15,6.091586001489203
1271,Stainless Pipe & Tubing,8718,54608,2015-09-15,2015,9,15,6.26382197751778
1310,Stainless Pipe & Tubing,8730,59109,2015-10-15,2015,10,15,6.770790378006873
1349,Stainless Pipe & Tubing,8779,51327,2015-11-15,2015,11,15,5.846565668071534
1388,Stainless Pipe & Tubing,10765,56731,2015-12-15,2015,12,15,5.269948908499768
1427,Stainless Pipe & Tubing,9447,51709,2016-01-15,2016,1,15,5.4735894993119505
1466,Stainless Pipe & Tubing,9040,46791,2016-02-15,2016,2,15,5.175995575221239
1505,Stainless Pipe & Tubing,10312,52843,2016-03-15,2016,3,15,5.124418153607448
1544,Stainless Pipe & Tubing,11212,56914,2016-04-15,2016,4,15,5.076168391009633
1583,Stainless Pipe & Tubing,10688,59824,2016-05-15,2016,5,15,5.597305389221557
1622,Stainless Pipe & Tubing,9075,51660,2016-06-15,2016,6,15,5.692561983471075
1661,Stainless Pipe & Tubing,9217,47822,2016-07-15,2016,7,15,5.18845611370294
1700,Stainless Pipe & Tubing,10226,51383,2016-08-15,2016,8,15,5.024740856639937
1739,Stainless Pipe & Tubing,9291,46260,2016-09-15,2016,9,15,4.979011947045528
1778,Stainless Pipe & Tubing,8947,49407,2016-10-15,2016,10,15,5.5221862076673744
1817,Stainless Pipe & Tubing,11205,53070,2016-11-15,2016,11,15,4.736278447121821
1856,Stainless Pipe & Tubing,9711,50828,2016-12-15,2016,12,15,5.234064462980125
1895,Stainless Pipe & Tubing,11486,62165,2017-01-15,2017,1,15,5.412240989030123
1934,Stainless Pipe & Tubing,8801,54498,2017-02-15,2017,2,15,6.192250880581752
1973,Stainless Pipe & Tubing,11655,71778,2017-03-15,2017,3,15,6.158558558558559
2012,Stainless Pipe & Tubing,9606,56965,2017-04-15,2017,4,15,5.930147824276494
2051,Stainless Pipe & Tubing,12055,67105,2017-05-15,2017,5,15,5.566569888013272
2090,Stainless Pipe & Tubing,10813,60774,2017-06-15,2017,6,15,5.620456857486359
2129,Stainless Pipe & Tubing,11074,58801,2017-07-15,2017,7,15,5.309824814881705
2168,Stainless Pipe & Tubing,12374,69715,2017-08-15,2017,8,15,5.633990625505091
2207,Stainless Pipe & Tubing,11438,70598,2017-09-15,2017,9,15,6.172232907851023
2246,Stainless Pipe & Tubing,13090,78328,2017-10-15,2017,10,15,5.9838044308632545
2285,Stainless Pipe & Tubing,11288,68207,2017-11-15,2017,11,15,6.042434443656981
2324,Stainless Pipe & Tubing,13247,78523,2017-12-15,2017,12,15,5.927606250471805
2363,Stainless Pipe & Tubing,13303,68996,2018-01-15,2018,1,15,5.1864992858753665
2402,Stainless Pipe & Tubing,12081,72491,2018-02-15,2018,2,15,6.000413873023756
2441,Stainless Pipe & Tubing,12273,68913,2018-03-15,2018,3,15,5.615008555365437
2480,Stainless Pipe & Tubing,14281,81329,2018-04-15,2018,4,15,5.694909320075625
2519,Stainless Pipe & Tubing,13298,76705,2018-05-15,2018,5,15,5.768160625657994
2558,Stainless Pipe & Tubing,10407,54630,2018-06-15,2018,6,15,5.249351398097434
2597,Stainless Pipe & Tubing,12116,62109,2018-07-15,2018,7,15,5.126196764608782
2636,Stainless Pipe & Tubing,11038,59529,2018-08-15,2018,8,15,5.39309657546657
24,Pipe & Tubing Nonclassified,1174,4659,2013-01-15,2013,1,15,3.9684838160136287
63,Pipe & Tubing Nonclassified,1224,4371,2013-02-15,2013,2,15,3.571078431372549
102,Pipe & Tubing Nonclassified,1069,3843,2013-03-15,2013,3,15,3.5949485500467726
141,Pipe & Tubing Nonclassified,1316,5331,2013-04-15,2013,4,15,4.050911854103344
180,Pipe & Tubing Nonclassified,2144,5676,2013-05-15,2013,5,15,2.6473880597014925
219,Pipe & Tubing Nonclassified,2302,4757,2013-06-15,2013,6,15,2.0664639443961774
258,Pipe & Tubing Nonclassified,1551,4248,2013-07-15,2013,7,15,2.738878143133462
297,Pipe & Tubing Nonclassified,1246,4410,2013-08-15,2013,8,15,3.539325842696629
336,Pipe & Tubing Nonclassified,1146,3403,2013-09-15,2013,9,15,2.9694589877835953
375,Pipe & Tubing Nonclassified,1555,4555,2013-10-15,2013,10,15,2.9292604501607715
414,Pipe & Tubing Nonclassified,1237,3676,2013-11-15,2013,11,15,2.9717057396928053
453,Pipe & Tubing Nonclassified,1094,3480,2013-12-15,2013,12,15,3.1809872029250457
492,Pipe & Tubing Nonclassified,1106,3253,2014-01-15,2014,1,15,2.9412296564195297
531,Pipe & Tubing Nonclassified,1708,4225,2014-02-15,2014,2,15,2.4736533957845435
570,Pipe & Tubing Nonclassified,1708,4225,2014-03-15,2014,3,15,2.4736533957845435
609,Pipe & Tubing Nonclassified,1288,4702,2014-04-15,2014,4,15,3.650621118012422
648,Pipe & Tubing Nonclassified,1049,3836,2014-05-15,2014,5,15,3.6568160152526215
687,Pipe & Tubing Nonclassified,1097,4060,2014-06-15,2014,6,15,3.7010027347310848
726,Pipe & Tubing Nonclassified,7546,9280,2014-07-15,2014,7,15,1.2297906175457196
765,Pipe & Tubing Nonclassified,1195,4344,2014-08-15,2014,8,15,3.6351464435146443
804,Pipe & Tubing Nonclassified,1408,5554,2014-09-15,2014,9,15,3.944602272727273
843,Pipe & Tubing Nonclassified,1898,7621,2014-10-15,2014,10,15,4.015279241306638
882,Pipe & Tubing Nonclassified,1634,6454,2014-11-15,2014,11,15,3.949816401468788
921,Pipe & Tubing Nonclassified,2399,9074,2014-12-15,2014,12,15,3.7824093372238434
960,Pipe & Tubing Nonclassified,1470,5031,2015-01-15,2015,1,15,3.4224489795918367
999,Pipe & Tubing Nonclassified,1202,4480,2015-02-15,2015,2,15,3.7271214642262893
1038,Pipe & Tubing Nonclassified,1488,6379,2015-03-15,2015,3,15,4.286962365591398
1077,Pipe & Tubing Nonclassified,1524,5928,2015-04-15,2015,4,15,3.8897637795275593
1116,Pipe & Tubing Nonclassified,1517,5522,2015-05-15,2015,5,15,3.6400791034937376
1155,Pipe & Tubing Nonclassified,1516,5707,2015-06-15,2015,6,15,3.7645118733509233
1194,Pipe & Tubing Nonclassified,1047,4283,2015-07-15,2015,7,15,4.0907354345749765
1233,Pipe & Tubing Nonclassified,1027,4338,2015-08-15,2015,8,15,4.223953261927946
1272,Pipe & Tubing Nonclassified,1075,3652,2015-09-15,2015,9,15,3.3972093023255816
1311,Pipe & Tubing Nonclassified,1050,3704,2015-10-15,2015,10,15,3.5276190476190474
1350,Pipe & Tubing Nonclassified,875,3317,2015-11-15,2015,11,15,3.790857142857143
1389,Pipe & Tubing Nonclassified,764,3636,2015-12-15,2015,12,15,4.7591623036649215
1428,Pipe & Tubing Nonclassified,1069,4024,2016-01-15,2016,1,15,3.764265668849392
1467,Pipe & Tubing Nonclassified,928,3166,2016-02-15,2016,2,15,3.4116379310344827
1506,Pipe & Tubing Nonclassified,3630,4518,2016-03-15,2016,3,15,1.2446280991735537
1545,Pipe & Tubing Nonclassified,1154,3851,2016-04-15,2016,4,15,3.3370883882149047
1584,Pipe & Tubing Nonclassified,1347,5851,2016-05-15,2016,5,15,4.343726800296956
1623,Pipe & Tubing Nonclassified,1025,3760,2016-06-15,2016,6,15,3.6682926829268294
1662,Pipe & Tubing Nonclassified,1831,3878,2016-07-15,2016,7,15,2.1179683233205897
1701,Pipe & Tubing Nonclassified,1332,3992,2016-08-15,2016,8,15,2.996996996996997
1740,Pipe & Tubing Nonclassified,2950,7987,2016-09-15,2016,9,15,2.707457627118644
1779,Pipe & Tubing Nonclassified,2150,5854,2016-10-15,2016,10,15,2.7227906976744185
1818,Pipe & Tubing Nonclassified,1968,5009,2016-11-15,2016,11,15,2.5452235772357725
1857,Pipe & Tubing Nonclassified,1164,3744,2016-12-15,2016,12,15,3.216494845360825
1896,Pipe & Tubing Nonclassified,1491,4015,2017-01-15,2017,1,15,2.692823608316566
1935,Pipe & Tubing Nonclassified,1110,3300,2017-02-15,2017,2,15,2.972972972972973
1974,Pipe & Tubing Nonclassified,1452,4802,2017-03-15,2017,3,15,3.3071625344352618
2013,Pipe & Tubing Nonclassified,1240,4781,2017-04-15,2017,4,15,3.8556451612903224
2052,Pipe & Tubing Nonclassified,1353,5082,2017-05-15,2017,5,15,3.7560975609756095
2091,Pipe & Tubing Nonclassified,1651,6073,2017-06-15,2017,6,15,3.6783767413688673
2130,Pipe & Tubing Nonclassified,1027,3546,2017-07-15,2017,7,15,3.4527750730282376
2169,Pipe & Tubing Nonclassified,1270,4578,2017-08-15,2017,8,15,3.604724409448819
2208,Pipe & Tubing Nonclassified,920,3898,2017-09-15,2017,9,15,4.23695652173913
2247,Pipe & Tubing Nonclassified,1366,4991,2017-10-15,2017,10,15,3.6537335285505126
2286,Pipe & Tubing Nonclassified,1252,4611,2017-11-15,2017,11,15,3.6829073482428116
2325,Pipe & Tubing Nonclassified,1230,4262,2017-12-15,2017,12,15,3.465040650406504
2364,Pipe & Tubing Nonclassified,1499,4776,2018-01-15,2018,1,15,3.1861240827218147
2403,Pipe & Tubing Nonclassified,1656,6023,2018-02-15,2018,2,15,3.6370772946859904
2442,Pipe & Tubing Nonclassified,1689,5080,2018-03-15,2018,3,15,3.0076968620485496
2481,Pipe & Tubing Nonclassified,1831,4386,2018-04-15,2018,4,15,2.395412342981977
2520,Pipe & Tubing Nonclassified,1355,4262,2018-05-15,2018,5,15,3.1453874538745388
2559,Pipe & Tubing Nonclassified,1167,3568,2018-06-15,2018,6,15,3.057412167952014
2598,Pipe & Tubing Nonclassified,1112,3898,2018-07-15,2018,7,15,3.5053956834532376
2637,Pipe & Tubing Nonclassified,1340,4237,2018-08-15,2018,8,15,3.1619402985074627
25,Structural Pipe & Tube,30805,37174,2013-01-15,2013,1,15,1.2067521506248986
64,Structural Pipe & Tube,32570,36858,2013-02-15,2013,2,15,1.1316548971446116
103,Structural Pipe & Tube,35874,41471,2013-03-15,2013,3,15,1.1560182862240063
142,Structural Pipe & Tube,28419,35721,2013-04-15,2013,4,15,1.2569407790562652
181,Structural Pipe & Tube,30684,37659,2013-05-15,2013,5,15,1.2273171685569026
220,Structural Pipe & Tube,32321,36904,2013-06-15,2013,6,15,1.1417963553107886
259,Structural Pipe & Tube,32584,36650,2013-07-15,2013,7,15,1.124785170635895
298,Structural Pipe & Tube,30302,35232,2013-08-15,2013,8,15,1.162695531648076
337,Structural Pipe & Tube,31034,30301,2013-09-15,2013,9,15,0.9763807437004576
376,Structural Pipe & Tube,30363,32741,2013-10-15,2013,10,15,1.0783190066857689
415,Structural Pipe & Tube,31844,33265,2013-11-15,2013,11,15,1.0446237909810325
454,Structural Pipe & Tube,34872,37569,2013-12-15,2013,12,15,1.0773399862353752
493,Structural Pipe & Tube,27929,33357,2014-01-15,2014,1,15,1.1943499588241613
532,Structural Pipe & Tube,34634,40138,2014-02-15,2014,2,15,1.1589189813478085
571,Structural Pipe & Tube,34634,40138,2014-03-15,2014,3,15,1.1589189813478085
610,Structural Pipe & Tube,39691,40592,2014-04-15,2014,4,15,1.0227003602831877
649,Structural Pipe & Tube,52347,51943,2014-05-15,2014,5,15,0.9922822702351615
688,Structural Pipe & Tube,36947,40942,2014-06-15,2014,6,15,1.1081278588248031
727,Structural Pipe & Tube,43508,46014,2014-07-15,2014,7,15,1.0575986025558517
766,Structural Pipe & Tube,37943,43380,2014-08-15,2014,8,15,1.1432938882007222
805,Structural Pipe & Tube,42095,44052,2014-09-15,2014,9,15,1.0464900819574772
844,Structural Pipe & Tube,50277,53073,2014-10-15,2014,10,15,1.0556119100184975
883,Structural Pipe & Tube,33934,36728,2014-11-15,2014,11,15,1.0823362998762303
922,Structural Pipe & Tube,27154,32173,2014-12-15,2014,12,15,1.1848346468291964
961,Structural Pipe & Tube,42254,42929,2015-01-15,2015,1,15,1.0159748189520519
1000,Structural Pipe & Tube,39669,42629,2015-02-15,2015,2,15,1.0746174594771736
1039,Structural Pipe & Tube,43654,49950,2015-03-15,2015,3,15,1.1442250423787053
1078,Structural Pipe & Tube,48265,47258,2015-04-15,2015,4,15,0.9791360198901896
1117,Structural Pipe & Tube,37795,39270,2015-05-15,2015,5,15,1.0390263262336288
1156,Structural Pipe & Tube,33728,33867,2015-06-15,2015,6,15,1.0041212049335864
1195,Structural Pipe & Tube,31751,31868,2015-07-15,2015,7,15,1.003684923309502
1234,Structural Pipe & Tube,40001,41694,2015-08-15,2015,8,15,1.0423239419014525
1273,Structural Pipe & Tube,36592,34896,2015-09-15,2015,9,15,0.9536510712724092
1312,Structural Pipe & Tube,32347,33854,2015-10-15,2015,10,15,1.046588555352892
1351,Structural Pipe & Tube,46049,39810,2015-11-15,2015,11,15,0.8645138873808335
1390,Structural Pipe & Tube,26456,30075,2015-12-15,2015,12,15,1.1367931660114907
1429,Structural Pipe & Tube,37705,39438,2016-01-15,2016,1,15,1.0459620739954913
1468,Structural Pipe & Tube,42777,40955,2016-02-15,2016,2,15,0.9574070177899339
1507,Structural Pipe & Tube,34791,37171,2016-03-15,2016,3,15,1.0684084964502314
1546,Structural Pipe & Tube,46305,46499,2016-04-15,2016,4,15,1.0041896123528777
1585,Structural Pipe & Tube,44038,48259,2016-05-15,2016,5,15,1.0958490394659157
1624,Structural Pipe & Tube,39410,44034,2016-06-15,2016,6,15,1.1173306267444811
1663,Structural Pipe & Tube,30009,34325,2016-07-15,2016,7,15,1.1438235196107833
1702,Structural Pipe & Tube,35311,37673,2016-08-15,2016,8,15,1.066891336977146
1741,Structural Pipe & Tube,37455,38436,2016-09-15,2016,9,15,1.0261914297156587
1780,Structural Pipe & Tube,37983,42046,2016-10-15,2016,10,15,1.1069689071426692
1819,Structural Pipe & Tube,49133,48704,2016-11-15,2016,11,15,0.9912685974803086
1858,Structural Pipe & Tube,46438,43347,2016-12-15,2016,12,15,0.9334381325638486
1897,Structural Pipe & Tube,47564,48983,2017-01-15,2017,1,15,1.0298334875115633
1936,Structural Pipe & Tube,41079,49801,2017-02-15,2017,2,15,1.212322597921079
1975,Structural Pipe & Tube,44685,50167,2017-03-15,2017,3,15,1.122680989146246
2014,Structural Pipe & Tube,51349,52214,2017-04-15,2017,4,15,1.0168455081890593
2053,Structural Pipe & Tube,42604,46902,2017-05-15,2017,5,15,1.1008825462397898
2092,Structural Pipe & Tube,55953,58639,2017-06-15,2017,6,15,1.048004575268529
2131,Structural Pipe & Tube,37793,43998,2017-07-15,2017,7,15,1.164183843568915
2170,Structural Pipe & Tube,55716,58385,2017-08-15,2017,8,15,1.047903654246536
2209,Structural Pipe & Tube,51408,54604,2017-09-15,2017,9,15,1.062169312169312
2248,Structural Pipe & Tube,61799,63927,2017-10-15,2017,10,15,1.03443421414586
2287,Structural Pipe & Tube,43278,52978,2017-11-15,2017,11,15,1.2241323536207773
2326,Structural Pipe & Tube,40621,47438,2017-12-15,2017,12,15,1.1678196006991457
2365,Structural Pipe & Tube,42051,52909,2018-01-15,2018,1,15,1.2582102684835081
2404,Structural Pipe & Tube,42315,53972,2018-02-15,2018,2,15,1.2754815077395723
2443,Structural Pipe & Tube,49578,59761,2018-03-15,2018,3,15,1.2053935213199403
2482,Structural Pipe & Tube,52960,62987,2018-04-15,2018,4,15,1.189331570996979
2521,Structural Pipe & Tube,43130,54749,2018-05-15,2018,5,15,1.2693948527706933
2560,Structural Pipe & Tube,34111,41355,2018-06-15,2018,6,15,1.2123655125912463
2599,Structural Pipe & Tube,33162,36476,2018-07-15,2018,7,15,1.0999336590072974
2638,Structural Pipe & Tube,36941,41898,2018-08-15,2018,8,15,1.1341869467529304
