data/p.csv
,Product,Quantity,Value,date,year,month,day,price
26,Pipe For Piling,970,1424,2013-01-15,2013,1,15,1.468041237113402
65,Pipe For Piling,1159,1710,2013-02-15,2013,2,15,1.4754098360655739
104,Pipe For Piling,1764,2599,2013-03-15,2013,3,15,1.4733560090702948
143,Pipe For Piling,2111,2892,2013-04-15,2013,4,15,1.369966840360019
182,Pipe For Piling,2462,3225,2013-05-15,2013,5,15,1.309910641754671
221,Pipe For Piling,1664,2353,2013-06-15,2013,6,15,1.4140625
260,Pipe For Piling,642,739,2013-07-15,2013,7,15,1.1510903426791277
299,Pipe For Piling,1918,2259,2013-08-15,2013,8,15,1.1777893639207508
338,Pipe For Piling,780,934,2013-09-15,2013,9,15,1.1974358974358974
377,Pipe For Piling,513,490,2013-10-15,2013,10,15,0.9551656920077972
416,Pipe For Piling,281,254,2013-11-15,2013,11,15,0.9039145907473309
455,Pipe For Piling,736,683,2013-12-15,2013,12,15,0.9279891304347826
494,Pipe For Piling,1652,1298,2014-01-15,2014,1,15,0.7857142857142857
533,Pipe For Piling,1063,893,2014-02-15,2014,2,15,0.8400752587017873
572,Pipe For Piling,1063,893,2014-03-15,2014,3,15,0.8400752587017873
611,Pipe For Piling,1598,1215,2014-04-15,2014,4,15,0.7603254067584481
650,Pipe For Piling,1250,1002,2014-05-15,2014,5,15,0.8016
689,Pipe For Piling,1693,1314,2014-06-15,2014,6,15,0.7761370348493798
728,Pipe For Piling,660,530,2014-07-15,2014,7,15,0.803030303030303
767,Pipe For Piling,2052,1846,2014-08-15,2014,8,15,0.8996101364522417
806,Pipe For Piling,754,643,2014-09-15,2014,9,15,0.8527851458885941
845,Pipe For Piling,1573,1391,2014-10-15,2014,10,15,0.8842975206611571
884,Pipe For Piling,1582,1602,2014-11-15,2014,11,15,1.0126422250316056
923,Pipe For Piling,1151,1254,2014-12-15,2014,12,15,1.0894874022589054
962,Pipe For Piling,4071,3524,2015-01-15,2015,1,15,0.8656349791206092
1001,Pipe For Piling,1506,1310,2015-02-15,2015,2,15,0.8698539176626826
1040,Pipe For Piling,3052,2352,2015-03-15,2015,3,15,0.7706422018348624
1079,Pipe For Piling,1265,1115,2015-04-15,2015,4,15,0.8814229249011858
1118,Pipe For Piling,282,324,2015-05-15,2015,5,15,1.148936170212766
1157,Pipe For Piling,1474,1138,2015-06-15,2015,6,15,0.7720488466757124
1196,Pipe For Piling,5169,4210,2015-07-15,2015,7,15,0.8144708841168504
1235,Pipe For Piling,1478,1611,2015-08-15,2015,8,15,1.0899864682002707
1274,Pipe For Piling,761,621,2015-09-15,2015,9,15,0.8160315374507228
1313,Pipe For Piling,509,508,2015-10-15,2015,10,15,0.9980353634577603
1352,Pipe For Piling,985,604,2015-11-15,2015,11,15,0.6131979695431472
1391,Pipe For Piling,495,419,2015-12-15,2015,12,15,0.8464646464646465
1430,Pipe For Piling,1838,948,2016-01-15,2016,1,15,0.515778019586507
1469,Pipe For Piling,810,643,2016-02-15,2016,2,15,0.7938271604938272
1508,Pipe For Piling,1860,1175,2016-03-15,2016,3,15,0.6317204301075269
1547,Pipe For Piling,2640,1787,2016-04-15,2016,4,15,0.6768939393939394
1586,Pipe For Piling,1007,842,2016-05-15,2016,5,15,0.8361469712015889
1625,Pipe For Piling,961,590,2016-06-15,2016,6,15,0.6139438085327783
1664,Pipe For Piling,2430,1351,2016-07-15,2016,7,15,0.5559670781893004
1703,Pipe For Piling,2893,2213,2016-08-15,2016,8,15,0.7649498790183201
1742,Pipe For Piling,389,312,2016-09-15,2016,9,15,0.8020565552699229
1781,Pipe For Piling,2610,1674,2016-10-15,2016,10,15,0.6413793103448275
1820,Pipe For Piling,1961,1061,2016-11-15,2016,11,15,0.5410504844467109
1859,Pipe For Piling,307,368,2016-12-15,2016,12,15,1.1986970684039089
1898,Pipe For Piling,1415,1739,2017-01-15,2017,1,15,1.2289752650176677
1937,Pipe For Piling,6620,4405,2017-02-15,2017,2,15,0.6654078549848943
1976,Pipe For Piling,2230,1715,2017-03-15,2017,3,15,0.7690582959641256
2015,Pipe For Piling,2298,1827,2017-04-15,2017,4,15,0.7950391644908616
2054,Pipe For Piling,1193,1014,2017-05-15,2017,5,15,0.8499580888516345
2093,Pipe For Piling,1194,870,2017-06-15,2017,6,15,0.7286432160804021
2132,Pipe For Piling,3644,2898,2017-07-15,2017,7,15,0.7952799121844127
2171,Pipe For Piling,4544,3601,2017-08-15,2017,8,15,0.7924735915492958
2210,Pipe For Piling,6556,5828,2017-09-15,2017,9,15,0.8889566809029896
2249,Pipe For Piling,1667,1801,2017-10-15,2017,10,15,1.080383923215357
2288,Pipe For Piling,7182,6317,2017-11-15,2017,11,15,0.8795600111389585
2327,Pipe For Piling,668,679,2017-12-15,2017,12,15,1.0164670658682635
2366,Pipe For Piling,2305,1747,2018-01-15,2018,1,15,0.7579175704989154
2405,Pipe For Piling,1582,1291,2018-02-15,2018,2,15,0.816055625790139
2444,Pipe For Piling,6392,5394,2018-03-15,2018,3,15,0.8438673341677096
2483,Pipe For Piling,2306,1835,2018-04-15,2018,4,15,0.7957502168256722
2522,Pipe For Piling,3155,2683,2018-05-15,2018,5,15,0.8503961965134706
2561,Pipe For Piling,1164,965,2018-06-15,2018,6,15,0.8290378006872853
2600,Pipe For Piling,934,680,2018-07-15,2018,7,15,0.728051391862955
2639,Pipe For Piling,607,503,2018-08-15,2018,8,15,0.828665568369028
27,Wire Drawn,54398,86869,2013-01-15,2013,1,15,1.5969153277694033
66,Wire Drawn,53427,78655,2013-02-15,2013,2,15,1.4721957062908266
105,Wire Drawn,51697,80646,2013-03-15,2013,3,15,1.559974466603478
144,Wire Drawn,58129,89982,2013-04-15,2013,4,15,1.5479708923256894
183,Wire Drawn,59184,91658,2013-05-15,2013,5,15,1.5486955934036226
222,Wire Drawn,55231,84234,2013-06-15,2013,6,15,1.5251217613296881
261,Wire Drawn,58550,87281,2013-07-15,2013,7,15,1.4907087959009393
300,Wire Drawn,57936,85779,2013-08-15,2013,8,15,1.4805820215410108
339,Wire Drawn,50320,75831,2013-09-15,2013,9,15,1.5069753577106517
378,Wire Drawn,51018,80185,2013-10-15,2013,10,15,1.5717001842486966
417,Wire Drawn,47700,74283,2013-11-15,2013,11,15,1.5572955974842768
456,Wire Drawn,49607,75911,2013-12-15,2013,12,15,1.5302477472937288
495,Wire Drawn,56636,83938,2014-01-15,2014,1,15,1.48206088000565
534,Wire Drawn,62779,92665,2014-02-15,2014,2,15,1.4760509087433695
573,Wire Drawn,62779,92665,2014-03-15,2014,3,15,1.4760509087433695
612,Wire Drawn,64372,94311,2014-04-15,2014,4,15,1.4650935189212702
651,Wire Drawn,66488,95995,2014-05-15,2014,5,15,1.4437943689086752
690,Wire Drawn,64970,92951,2014-06-15,2014,6,15,1.4306756964752962
729,Wire Drawn,67554,100688,2014-07-15,2014,7,15,1.4904816887230956
768,Wire Drawn,59597,90276,2014-08-15,2014,8,15,1.5147742336023626
807,Wire Drawn,59757,89119,2014-09-15,2014,9,15,1.491356661144301
846,Wire Drawn,64092,95373,2014-10-15,2014,10,15,1.4880640329526307
885,Wire Drawn,54816,84706,2014-11-15,2014,11,15,1.5452787507297139
924,Wire Drawn,61693,90347,2014-12-15,2014,12,15,1.4644611220073591
963,Wire Drawn,64530,93539,2015-01-15,2015,1,15,1.4495428482876183
1002,Wire Drawn,53587,77083,2015-02-15,2015,2,15,1.4384645529699367
1041,Wire Drawn,73297,102518,2015-03-15,2015,3,15,1.3986657025526283
1080,Wire Drawn,74967,104164,2015-04-15,2015,4,15,1.3894646978003655
1119,Wire Drawn,74072,98778,2015-05-15,2015,5,15,1.3335403391294955
1158,Wire Drawn,76726,102626,2015-06-15,2015,6,15,1.337564841122957
1197,Wire Drawn,68225,91946,2015-07-15,2015,7,15,1.3476877977281054
1236,Wire Drawn,66963,90495,2015-08-15,2015,8,15,1.3514179472245866
1275,Wire Drawn,64268,82001,2015-09-15,2015,9,15,1.2759226986991972
1314,Wire Drawn,66725,82265,2015-10-15,2015,10,15,1.2328962158111652
1353,Wire Drawn,64572,78457,2015-11-15,2015,11,15,1.2150312829090009
1392,Wire Drawn,57868,73932,2015-12-15,2015,12,15,1.2775972903850141
1431,Wire Drawn,65134,80934,2016-01-15,2016,1,15,1.2425768415881107
1470,Wire Drawn,64833,76633,2016-02-15,2016,2,15,1.1820060771520675
1509,Wire Drawn,72261,85251,2016-03-15,2016,3,15,1.179765018474696
1548,Wire Drawn,67173,77371,2016-04-15,2016,4,15,1.1518169502627544
1587,Wire Drawn,72866,81266,2016-05-15,2016,5,15,1.11528010320314
1626,Wire Drawn,71835,83024,2016-06-15,2016,6,15,1.1557597271525022
1665,Wire Drawn,68655,79218,2016-07-15,2016,7,15,1.1538562377102906
1704,Wire Drawn,70767,82021,2016-08-15,2016,8,15,1.159028925911795
1743,Wire Drawn,62735,70934,2016-09-15,2016,9,15,1.130692595839643
1782,Wire Drawn,64682,76367,2016-10-15,2016,10,15,1.180653041031508
1821,Wire Drawn,64184,76965,2016-11-15,2016,11,15,1.1991306244546927
1860,Wire Drawn,62741,78563,2016-12-15,2016,12,15,1.2521795954798298
1899,Wire Drawn,65662,80629,2017-01-15,2017,1,15,1.2279400566537724
1938,Wire Drawn,57635,71125,2017-02-15,2017,2,15,1.234059165437668
1977,Wire Drawn,70711,88520,2017-03-15,2017,3,15,1.251856146851268
2016,Wire Drawn,68179,85749,2017-04-15,2017,4,15,1.2577039850980507
2055,Wire Drawn,71617,87275,2017-05-15,2017,5,15,1.2186352402362568
2094,Wire Drawn,70995,88360,2017-06-15,2017,6,15,1.244594689766885
2133,Wire Drawn,67145,83774,2017-07-15,2017,7,15,1.2476580534663788
2172,Wire Drawn,72430,89546,2017-08-15,2017,8,15,1.2363109208891343
2211,Wire Drawn,58970,75016,2017-09-15,2017,9,15,1.2721044598948619
2250,Wire Drawn,60080,82203,2017-10-15,2017,10,15,1.3682256990679094
2289,Wire Drawn,57374,80953,2017-11-15,2017,11,15,1.4109701258409733
2328,Wire Drawn,56520,79921,2017-12-15,2017,12,15,1.414030431705591
2367,Wire Drawn,64529,89883,2018-01-15,2018,1,15,1.3929086147313612
2406,Wire Drawn,60785,84456,2018-02-15,2018,2,15,1.38942173233528
2445,Wire Drawn,64273,92364,2018-03-15,2018,3,15,1.4370575513823844
2484,Wire Drawn,68490,94327,2018-04-15,2018,4,15,1.3772375529274348
2523,Wire Drawn,68243,95850,2018-05-15,2018,5,15,1.404539659745322
2562,Wire Drawn,54452,76198,2018-06-15,2018,6,15,1.3993609050172628
2601,Wire Drawn,53450,78766,2018-07-15,2018,7,15,1.4736389148737137
2640,Wire Drawn,56492,84044,2018-08-15,2018,8,15,1.4877150747008425
28,Black Plate,4548,3708,2013-01-15,2013,1,15,0.8153034300791556
67,Black Plate,3958,3176,2013-02-15,2013,2,15,0.8024254674077818
106,Black Plate,7102,5758,2013-03-15,2013,3,15,0.8107575330892707
145,Black Plate,3514,2688,2013-04-15,2013,4,15,0.7649402390438247
184,Black Plate,1661,1227,2013-05-15,2013,5,15,0.7387116195063215
223,Black Plate,1886,1310,2013-06-15,2013,6,15,0.694591728525981
262,Black Plate,1501,1073,2013-07-15,2013,7,15,0.714856762158561
301,Black Plate,1973,1362,2013-08-15,2013,8,15,0.690319310694374
340,Black Plate,3348,2633,2013-09-15,2013,9,15,0.7864396654719236
379,Black Plate,1519,1122,2013-10-15,2013,10,15,0.7386438446346281
418,Black Plate,4043,3092,2013-11-15,2013,11,15,0.7647786297303982
457,Black Plate,3593,2456,2013-12-15,2013,12,15,0.6835513498469246
496,Black Plate,4335,3473,2014-01-15,2014,1,15,0.8011534025374856
535,Black Plate,3499,2585,2014-02-15,2014,2,15,0.7387825092883681
574,Black Plate,3499,2585,2014-03-15,2014,3,15,0.7387825092883681
613,Black Plate,6871,5497,2014-04-15,2014,4,15,0.8000291078445642
652,Black Plate,3804,2796,2014-05-15,2014,5,15,0.7350157728706624
691,Black Plate,4821,3817,2014-06-15,2014,6,15,0.7917444513586392
730,Black Plate,10332,8650,2014-07-15,2014,7,15,0.8372048006194348
769,Black Plate,8238,6589,2014-08-15,2014,8,15,0.7998300558387959
808,Black Plate,4488,3743,2014-09-15,2014,9,15,0.8340017825311943
847,Black Plate,9010,7121,2014-10-15,2014,10,15,0.7903440621531631
886,Black Plate,7731,5763,2014-11-15,2014,11,15,0.7454404346138921
925,Black Plate,7897,6443,2014-12-15,2014,12,15,0.8158794478916044
964,Black Plate,10210,7878,2015-01-15,2015,1,15,0.7715964740450538
1003,Black Plate,15441,11783,2015-02-15,2015,2,15,0.763098244932323
1042,Black Plate,11686,8909,2015-03-15,2015,3,15,0.7623652233441726
1081,Black Plate,8881,6800,2015-04-15,2015,4,15,0.7656795405922756
1120,Black Plate,10643,8059,2015-05-15,2015,5,15,0.7572113125998309
1159,Black Plate,19358,14442,2015-06-15,2015,6,15,0.7460481454695733
1198,Black Plate,5063,3471,2015-07-15,2015,7,15,0.685561919810389
1237,Black Plate,13827,10067,2015-08-15,2015,8,15,0.7280682722210169
1276,Black Plate,5917,4292,2015-09-15,2015,9,15,0.7253675849247929
1315,Black Plate,9528,7386,2015-10-15,2015,10,15,0.7751889168765743
1354,Black Plate,20841,14283,2015-11-15,2015,11,15,0.6853317978983734
1393,Black Plate,3171,2476,2015-12-15,2015,12,15,0.7808262377798801
1432,Black Plate,7488,4679,2016-01-15,2016,1,15,0.6248664529914529
1471,Black Plate,11007,6843,2016-02-15,2016,2,15,0.6216952848187517
1510,Black Plate,8931,5568,2016-03-15,2016,3,15,0.6234464225730602
1549,Black Plate,14014,9016,2016-04-15,2016,4,15,0.6433566433566433
1588,Black Plate,8606,5274,2016-05-15,2016,5,15,0.6128282593539391
1627,Black Plate,18769,11319,2016-06-15,2016,6,15,0.6030688901912729
1666,Black Plate,11293,7229,2016-07-15,2016,7,15,0.640131054635615
1705,Black Plate,5205,3223,2016-08-15,2016,8,15,0.6192122958693563
1744,Black Plate,1623,1163,2016-09-15,2016,9,15,0.7165742452248922
1783,Black Plate,1196,828,2016-10-15,2016,10,15,0.6923076923076923
1822,Black Plate,4081,2718,2016-11-15,2016,11,15,0.6660132320509679
1861,Black Plate,7162,4493,2016-12-15,2016,12,15,0.6273387321977102
1900,Black Plate,4626,2872,2017-01-15,2017,1,15,0.6208387375702551
1939,Black Plate,6025,3980,2017-02-15,2017,2,15,0.6605809128630705
1978,Black Plate,5019,3303,2017-03-15,2017,3,15,0.6580992229527795
2017,Black Plate,3512,2685,2017-04-15,2017,4,15,0.7645216400911162
2056,Black Plate,2441,1801,2017-05-15,2017,5,15,0.7378123719786972
2095,Black Plate,7201,5474,2017-06-15,2017,6,15,0.7601721983057909
2134,Black Plate,4692,3522,2017-07-15,2017,7,15,0.7506393861892583
2173,Black Plate,8381,6066,2017-08-15,2017,8,15,0.7237799785228493
2212,Black Plate,4820,3811,2017-09-15,2017,9,15,0.7906639004149377
2251,Black Plate,4245,2821,2017-10-15,2017,10,15,0.6645465253239105
2290,Black Plate,6093,4519,2017-11-15,2017,11,15,0.7416707697357624
2329,Black Plate,3511,2253,2017-12-15,2017,12,15,0.6416975220734833
2368,Black Plate,3343,2294,2018-01-15,2018,1,15,0.6862099910260245
2407,Black Plate,2430,1662,2018-02-15,2018,2,15,0.6839506172839506
2446,Black Plate,2025,1451,2018-03-15,2018,3,15,0.7165432098765432
2485,Black Plate,2689,1862,2018-04-15,2018,4,15,0.6924507251766456
2524,Black Plate,1766,1248,2018-05-15,2018,5,15,0.7066817667044167
2563,Black Plate,7214,5406,2018-06-15,2018,6,15,0.7493762129193235
2602,Black Plate,1561,1128,2018-07-15,2018,7,15,0.7226137091607944
2641,Black Plate,1821,1411,2018-08-15,2018,8,15,0.7748489840746843
