data/p.csv
,Product,Quantity,Value,date,year,month,day,price
29,Tin Plate,42581,48523,2013-01-15,2013,1,15,1.1395458068152462
68,Tin Plate,31976,36652,2013-02-15,2013,2,15,1.1462346760070052
107,Tin Plate,38405,43324,2013-03-15,2013,3,15,1.128082280953001
146,Tin Plate,37299,42468,2013-04-15,2013,4,15,1.1385828038285208
185,Tin Plate,47240,53170,2013-05-15,2013,5,15,1.1255292125317526
224,Tin Plate,41422,46122,2013-06-15,2013,6,15,1.1134662739606973
263,Tin Plate,41901,46848,2013-07-15,2013,7,15,1.1180640080189017
302,Tin Plate,41011,46872,2013-08-15,2013,8,15,1.142912877032991
341,Tin Plate,55371,60332,2013-09-15,2013,9,15,1.0895956367051345
380,Tin Plate,33777,37257,2013-10-15,2013,10,15,1.1030286881605826
419,Tin Plate,37654,40990,2013-11-15,2013,11,15,1.088596165082063
458,Tin Plate,38875,42475,2013-12-15,2013,12,15,1.092604501607717
497,Tin Plate,27627,31052,2014-01-15,2014,1,15,1.1239729250371013
536,Tin Plate,54948,60126,2014-02-15,2014,2,15,1.0942345490281722
575,Tin Plate,54948,60126,2014-03-15,2014,3,15,1.0942345490281722
614,Tin Plate,37808,42381,2014-04-15,2014,4,15,1.120953237410072
653,Tin Plate,52518,58411,2014-05-15,2014,5,15,1.1122091473399596
692,Tin Plate,59864,66644,2014-06-15,2014,6,15,1.113256715221168
731,Tin Plate,65402,71821,2014-07-15,2014,7,15,1.098146845662212
770,Tin Plate,48719,53307,2014-08-15,2014,8,15,1.094172704694267
809,Tin Plate,56653,63086,2014-09-15,2014,9,15,1.1135509152207297
848,Tin Plate,73657,79698,2014-10-15,2014,10,15,1.0820152870738695
887,Tin Plate,59432,63578,2014-11-15,2014,11,15,1.0697603984385515
926,Tin Plate,54697,58674,2014-12-15,2014,12,15,1.0727096550085014
965,Tin Plate,45478,49136,2015-01-15,2015,1,15,1.080434495800167
1004,Tin Plate,53494,56252,2015-02-15,2015,2,15,1.0515571839832505
1043,Tin Plate,73623,76974,2015-03-15,2015,3,15,1.0455156676582047
1082,Tin Plate,36606,39485,2015-04-15,2015,4,15,1.0786483090203791
1121,Tin Plate,73526,77419,2015-05-15,2015,5,15,1.0529472567527134
1160,Tin Plate,59176,61768,2015-06-15,2015,6,15,1.0438015411653374
1199,Tin Plate,57140,59884,2015-07-15,2015,7,15,1.048022401120056
1238,Tin Plate,55928,57523,2015-08-15,2015,8,15,1.0285188098984408
1277,Tin Plate,77823,78258,2015-09-15,2015,9,15,1.0055896071855364
1316,Tin Plate,49917,52572,2015-10-15,2015,10,15,1.053188292565659
1355,Tin Plate,42700,43708,2015-11-15,2015,11,15,1.0236065573770492
1394,Tin Plate,72957,74853,2015-12-15,2015,12,15,1.025987910687117
1433,Tin Plate,41944,40427,2016-01-15,2016,1,15,0.9638327293534236
1472,Tin Plate,64218,61955,2016-02-15,2016,2,15,0.9647606590052633
1511,Tin Plate,64021,56448,2016-03-15,2016,3,15,0.8817106886802768
1550,Tin Plate,38913,36357,2016-04-15,2016,4,15,0.9343150104078328
1589,Tin Plate,68302,60651,2016-05-15,2016,5,15,0.8879827823489795
1628,Tin Plate,76596,68303,2016-06-15,2016,6,15,0.8917306386756488
1667,Tin Plate,77247,68399,2016-07-15,2016,7,15,0.8854583349515192
1706,Tin Plate,78003,66616,2016-08-15,2016,8,15,0.8540184351883902
1745,Tin Plate,72698,67216,2016-09-15,2016,9,15,0.9245921483397067
1784,Tin Plate,68289,62429,2016-10-15,2016,10,15,0.9141882294366589
1823,Tin Plate,68911,61334,2016-11-15,2016,11,15,0.8900465818229311
1862,Tin Plate,85490,75354,2016-12-15,2016,12,15,0.8814364253129021
1901,Tin Plate,57312,51500,2017-01-15,2017,1,15,0.8985901730876605
1940,Tin Plate,67154,61862,2017-02-15,2017,2,15,0.921196056824612
1979,Tin Plate,81810,78561,2017-03-15,2017,3,15,0.9602860286028603
2018,Tin Plate,54654,53161,2017-04-15,2017,4,15,0.9726826947707395
2057,Tin Plate,79369,76973,2017-05-15,2017,5,15,0.9698118912925702
2096,Tin Plate,73047,71353,2017-06-15,2017,6,15,0.9768094514490671
2135,Tin Plate,64911,63106,2017-07-15,2017,7,15,0.9721926946126235
2174,Tin Plate,65003,63286,2017-08-15,2017,8,15,0.9735858344999462
2213,Tin Plate,84987,81834,2017-09-15,2017,9,15,0.9629002082671467
2252,Tin Plate,75908,74479,2017-10-15,2017,10,15,0.9811745797544396
2291,Tin Plate,78298,75289,2017-11-15,2017,11,15,0.9615698996142941
2330,Tin Plate,71571,68775,2017-12-15,2017,12,15,0.9609338978077713
2369,Tin Plate,72483,69723,2018-01-15,2018,1,15,0.9619221058731012
2408,Tin Plate,71998,70377,2018-02-15,2018,2,15,0.9774854857079364
2447,Tin Plate,42286,44720,2018-03-15,2018,3,15,1.0575604218890413
2486,Tin Plate,64560,68273,2018-04-15,2018,4,15,1.05751239157373
2525,Tin Plate,67212,71158,2018-05-15,2018,5,15,1.0587097542105577
2564,Tin Plate,44780,46946,2018-06-15,2018,6,15,1.0483698079499777
2603,Tin Plate,69383,74157,2018-07-15,2018,7,15,1.0688064799734804
2642,Tin Plate,61182,64494,2018-08-15,2018,8,15,1.0541335686966755
30,Tin Free Steel,16053,17541,2013-01-15,2013,1,15,1.0926929545879276
69,Tin Free Steel,13000,13978,2013-02-15,2013,2,15,1.0752307692307692
108,Tin Free Steel,14274,15954,2013-03-15,2013,3,15,1.1176965111391342
147,Tin Free Steel,11362,13834,2013-04-15,2013,4,15,1.217567329695476
186,Tin Free Steel,14463,16071,2013-05-15,2013,5,15,1.1111802530595312
225,Tin Free Steel,11214,12279,2013-06-15,2013,6,15,1.0949705724986625
264,Tin Free Steel,16343,18210,2013-07-15,2013,7,15,1.1142385119011198
303,Tin Free Steel,7495,9009,2013-08-15,2013,8,15,1.2020013342228153
342,Tin Free Steel,18312,19484,2013-09-15,2013,9,15,1.064001747487986
381,Tin Free Steel,15309,15405,2013-10-15,2013,10,15,1.006270821085636
420,Tin Free Steel,11262,11858,2013-11-15,2013,11,15,1.0529213283608596
459,Tin Free Steel,7094,8462,2013-12-15,2013,12,15,1.1928390188892022
498,Tin Free Steel,13028,15804,2014-01-15,2014,1,15,1.213079521031624
537,Tin Free Steel,10599,12084,2014-02-15,2014,2,15,1.140107557316728
576,Tin Free Steel,10599,12084,2014-03-15,2014,3,15,1.140107557316728
615,Tin Free Steel,15713,18341,2014-04-15,2014,4,15,1.167250047731178
654,Tin Free Steel,16287,19242,2014-05-15,2014,5,15,1.1814330447596242
693,Tin Free Steel,18802,20811,2014-06-15,2014,6,15,1.106850335070737
732,Tin Free Steel,16475,18750,2014-07-15,2014,7,15,1.1380880121396055
771,Tin Free Steel,9606,10930,2014-08-15,2014,8,15,1.1378305225900478
810,Tin Free Steel,12776,15125,2014-09-15,2014,9,15,1.1838603631809643
849,Tin Free Steel,22252,22943,2014-10-15,2014,10,15,1.0310533884594644
888,Tin Free Steel,11605,12858,2014-11-15,2014,11,15,1.1079707022834986
927,Tin Free Steel,10009,10774,2014-12-15,2014,12,15,1.0764312119092816
966,Tin Free Steel,12414,13567,2015-01-15,2015,1,15,1.092879007572096
1005,Tin Free Steel,9784,10976,2015-02-15,2015,2,15,1.1218315617334425
1044,Tin Free Steel,12814,13631,2015-03-15,2015,3,15,1.063758389261745
1083,Tin Free Steel,13434,15048,2015-04-15,2015,4,15,1.1201429209468512
1122,Tin Free Steel,14822,15763,2015-05-15,2015,5,15,1.063486708946161
1161,Tin Free Steel,11211,11751,2015-06-15,2015,6,15,1.048166978860048
1200,Tin Free Steel,16823,16923,2015-07-15,2015,7,15,1.0059442430006538
1239,Tin Free Steel,13147,13195,2015-08-15,2015,8,15,1.003651023047083
1278,Tin Free Steel,16115,17211,2015-09-15,2015,9,15,1.0680111697176544
1317,Tin Free Steel,8814,8980,2015-10-15,2015,10,15,1.0188336737009303
1356,Tin Free Steel,15842,16786,2015-11-15,2015,11,15,1.05958843580356
1395,Tin Free Steel,11111,11599,2015-12-15,2015,12,15,1.0439204392043921
1434,Tin Free Steel,12929,12835,2016-01-15,2016,1,15,0.9927295227782504
1473,Tin Free Steel,14503,13184,2016-02-15,2016,2,15,0.9090532993173827
1512,Tin Free Steel,14458,13670,2016-03-15,2016,3,15,0.9454973025314705
1551,Tin Free Steel,11425,11917,2016-04-15,2016,4,15,1.0430634573304158
1590,Tin Free Steel,20808,19132,2016-05-15,2016,5,15,0.9194540561322568
1629,Tin Free Steel,17911,17760,2016-06-15,2016,6,15,0.9915694266093462
1668,Tin Free Steel,18304,18083,2016-07-15,2016,7,15,0.9879261363636364
1707,Tin Free Steel,19343,18199,2016-08-15,2016,8,15,0.9408571576280825
1746,Tin Free Steel,12649,12573,2016-09-15,2016,9,15,0.9939916198909005
1785,Tin Free Steel,16632,16652,2016-10-15,2016,10,15,1.0012025012025012
1824,Tin Free Steel,20976,19165,2016-11-15,2016,11,15,0.9136632341723875
1863,Tin Free Steel,14437,13178,2016-12-15,2016,12,15,0.9127935166585855
1902,Tin Free Steel,15975,15362,2017-01-15,2017,1,15,0.9616275430359937
1941,Tin Free Steel,12021,12388,2017-02-15,2017,2,15,1.0305299059978372
1980,Tin Free Steel,16134,16030,2017-03-15,2017,3,15,0.9935539853725053
2019,Tin Free Steel,14426,15222,2017-04-15,2017,4,15,1.0551781505614861
2058,Tin Free Steel,20121,19720,2017-05-15,2017,5,15,0.9800705730331495
2097,Tin Free Steel,21124,21459,2017-06-15,2017,6,15,1.015858738875213
2136,Tin Free Steel,22612,21964,2017-07-15,2017,7,15,0.9713426499203962
2175,Tin Free Steel,20839,20862,2017-08-15,2017,8,15,1.0011036997936562
2214,Tin Free Steel,13244,14304,2017-09-15,2017,9,15,1.0800362428269406
2253,Tin Free Steel,18798,18639,2017-10-15,2017,10,15,0.9915416533673795
2292,Tin Free Steel,15501,14429,2017-11-15,2017,11,15,0.9308431714082962
2331,Tin Free Steel,21056,21563,2017-12-15,2017,12,15,1.0240786474164134
2370,Tin Free Steel,19703,20054,2018-01-15,2018,1,15,1.0178145460082222
2409,Tin Free Steel,9326,10861,2018-02-15,2018,2,15,1.164593609264422
2448,Tin Free Steel,13450,14606,2018-03-15,2018,3,15,1.0859479553903346
2487,Tin Free Steel,17416,18943,2018-04-15,2018,4,15,1.0876779972439137
2526,Tin Free Steel,27857,28084,2018-05-15,2018,5,15,1.0081487597372294
2565,Tin Free Steel,15891,17302,2018-06-15,2018,6,15,1.088792398212825
2604,Tin Free Steel,14919,16332,2018-07-15,2018,7,15,1.0947114417856425
2643,Tin Free Steel,14117,16165,2018-08-15,2018,8,15,1.1450733158603104
31,Sheets Hot Rolled,216591,161434,2013-01-15,2013,1,15,0.7453402957648286
70,Sheets Hot Rolled,191600,136219,2013-02-15,2013,2,15,0.7109551148225469
109,Sheets Hot Rolled,200117,136946,2013-03-15,2013,3,15,0.6843296671447203
148,Sheets Hot Rolled,210188,147965,2013-04-15,2013,4,15,0.7039650217900165
187,Sheets Hot Rolled,187234,127929,2013-05-15,2013,5,15,0.6832573143766624
226,Sheets Hot Rolled,206496,137293,2013-06-15,2013,6,15,0.6648700216953355
265,Sheets Hot Rolled,282229,182234,2013-07-15,2013,7,15,0.6456955167612116
304,Sheets Hot Rolled,268604,180023,2013-08-15,2013,8,15,0.6702171226042799
343,Sheets Hot Rolled,275766,181460,2013-09-15,2013,9,15,0.6580216560417165
382,Sheets Hot Rolled,219880,158063,2013-10-15,2013,10,15,0.718860287429507
421,Sheets Hot Rolled,198386,138834,2013-11-15,2013,11,15,0.6998175274464932
460,Sheets Hot Rolled,247900,167537,2013-12-15,2013,12,15,0.675824929407019
499,Sheets Hot Rolled,288004,194150,2014-01-15,2014,1,15,0.6741225816308107
538,Sheets Hot Rolled,281847,190475,2014-02-15,2014,2,15,0.6758099252431283
577,Sheets Hot Rolled,281847,190475,2014-03-15,2014,3,15,0.6758099252431283
616,Sheets Hot Rolled,245104,164223,2014-04-15,2014,4,15,0.670013545270579
655,Sheets Hot Rolled,296555,195495,2014-05-15,2014,5,15,0.6592200434995195
694,Sheets Hot Rolled,321849,213237,2014-06-15,2014,6,15,0.6625374010793882
733,Sheets Hot Rolled,408420,273226,2014-07-15,2014,7,15,0.6689829097497674
772,Sheets Hot Rolled,285551,196926,2014-08-15,2014,8,15,0.6896351264747803
811,Sheets Hot Rolled,367422,244770,2014-09-15,2014,9,15,0.6661822101017358
850,Sheets Hot Rolled,456232,304375,2014-10-15,2014,10,15,0.6671496080941276
889,Sheets Hot Rolled,360683,235721,2014-11-15,2014,11,15,0.6535406437231586
928,Sheets Hot Rolled,335071,218669,2014-12-15,2014,12,15,0.6526049702898788
967,Sheets Hot Rolled,468944,289021,2015-01-15,2015,1,15,0.6163230577638268
1006,Sheets Hot Rolled,283097,175465,2015-02-15,2015,2,15,0.6198052257706722
1045,Sheets Hot Rolled,273563,162436,2015-03-15,2015,3,15,0.5937791294875403
1084,Sheets Hot Rolled,262839,147763,2015-04-15,2015,4,15,0.5621806505122908
1123,Sheets Hot Rolled,295026,158047,2015-05-15,2015,5,15,0.5357053276660362
1162,Sheets Hot Rolled,309917,151325,2015-06-15,2015,6,15,0.4882758932230242
1201,Sheets Hot Rolled,270340,135629,2015-07-15,2015,7,15,0.5016978619516165
1240,Sheets Hot Rolled,348003,163788,2015-08-15,2015,8,15,0.4706511150765942
1279,Sheets Hot Rolled,253944,135650,2015-09-15,2015,9,15,0.5341728885108528
1318,Sheets Hot Rolled,315515,140126,2015-10-15,2015,10,15,0.44411834619590196
1357,Sheets Hot Rolled,218372,106665,2015-11-15,2015,11,15,0.48845547964024694
1396,Sheets Hot Rolled,214556,103756,2015-12-15,2015,12,15,0.48358470515856
1435,Sheets Hot Rolled,329176,144041,2016-01-15,2016,1,15,0.43758050404646753
1474,Sheets Hot Rolled,228971,105740,2016-02-15,2016,2,15,0.4618052067729101
1513,Sheets Hot Rolled,182696,83570,2016-03-15,2016,3,15,0.4574265446424662
1552,Sheets Hot Rolled,193832,89484,2016-04-15,2016,4,15,0.46165751785050974
1591,Sheets Hot Rolled,229259,109919,2016-05-15,2016,5,15,0.47945336933337407
1630,Sheets Hot Rolled,204057,107888,2016-06-15,2016,6,15,0.5287150159024194
1669,Sheets Hot Rolled,302342,167345,2016-07-15,2016,7,15,0.5534957101560485
1708,Sheets Hot Rolled,227081,132925,2016-08-15,2016,8,15,0.585363812912573
1747,Sheets Hot Rolled,217036,120910,2016-09-15,2016,9,15,0.557096518549918
1786,Sheets Hot Rolled,200879,115110,2016-10-15,2016,10,15,0.5730315264412905
1825,Sheets Hot Rolled,167636,91753,2016-11-15,2016,11,15,0.5473347013767925
1864,Sheets Hot Rolled,147882,82263,2016-12-15,2016,12,15,0.5562745973140747
1903,Sheets Hot Rolled,144777,79838,2017-01-15,2017,1,15,0.5514549963046617
1942,Sheets Hot Rolled,102181,62487,2017-02-15,2017,2,15,0.6115324766835322
1981,Sheets Hot Rolled,155912,97953,2017-03-15,2017,3,15,0.6282582482425983
2020,Sheets Hot Rolled,163736,105247,2017-04-15,2017,4,15,0.6427847266331167
2059,Sheets Hot Rolled,161129,108092,2017-05-15,2017,5,15,0.670841375543819
2098,Sheets Hot Rolled,208495,130369,2017-06-15,2017,6,15,0.6252859780810092
2137,Sheets Hot Rolled,220460,134943,2017-07-15,2017,7,15,0.6120974326408418
2176,Sheets Hot Rolled,162350,104925,2017-08-15,2017,8,15,0.6462888820449646
2215,Sheets Hot Rolled,157383,102220,2017-09-15,2017,9,15,0.6494983575100233
2254,Sheets Hot Rolled,162802,110638,2017-10-15,2017,10,15,0.6795862458692153
2293,Sheets Hot Rolled,152967,103958,2017-11-15,2017,11,15,0.6796106349735563
2332,Sheets Hot Rolled,139554,90961,2017-12-15,2017,12,15,0.6517978703584275
2371,Sheets Hot Rolled,177080,114787,2018-01-15,2018,1,15,0.6482211429862209
2410,Sheets Hot Rolled,157854,105787,2018-02-15,2018,2,15,0.6701572338996794
2449,Sheets Hot Rolled,223895,153405,2018-03-15,2018,3,15,0.6851649210567453
2488,Sheets Hot Rolled,236345,165964,2018-04-15,2018,4,15,0.7022107512323087
2527,Sheets Hot Rolled,208519,164678,2018-05-15,2018,5,15,0.7897505742881944
2566,Sheets Hot Rolled,153270,119255,2018-06-15,2018,6,15,0.7780713773080186
2605,Sheets Hot Rolled,222298,173803,2018-07-15,2018,7,15,0.7818468902104383
2644,Sheets Hot Rolled,180095,145798,2018-08-15,2018,8,15,0.809561620255976
