data/p.csv
,Product,Quantity,Value,date,year,month,day,price
32,Sheets Cold Rolled,126947,155325,2013-01-15,2013,1,15,1.2235421081238627
71,Sheets Cold Rolled,124356,134097,2013-02-15,2013,2,15,1.0783315642188556
110,Sheets Cold Rolled,106812,129456,2013-03-15,2013,3,15,1.2119986518368722
149,Sheets Cold Rolled,112783,139619,2013-04-15,2013,4,15,1.237943661722068
188,Sheets Cold Rolled,106338,131795,2013-05-15,2013,5,15,1.2393970170588124
227,Sheets Cold Rolled,102963,128812,2013-06-15,2013,6,15,1.2510513485426804
266,Sheets Cold Rolled,99747,126844,2013-07-15,2013,7,15,1.2716572929511665
305,Sheets Cold Rolled,126853,139464,2013-08-15,2013,8,15,1.099414282673646
344,Sheets Cold Rolled,112709,120688,2013-09-15,2013,9,15,1.0707929269179923
383,Sheets Cold Rolled,151020,159738,2013-10-15,2013,10,15,1.0577274533174414
422,Sheets Cold Rolled,136068,144784,2013-11-15,2013,11,15,1.0640562071905224
461,Sheets Cold Rolled,119008,135062,2013-12-15,2013,12,15,1.134898494218876
500,Sheets Cold Rolled,147569,159444,2014-01-15,2014,1,15,1.0804708305945017
539,Sheets Cold Rolled,184899,197245,2014-02-15,2014,2,15,1.0667715888133522
578,Sheets Cold Rolled,184899,197245,2014-03-15,2014,3,15,1.0667715888133522
617,Sheets Cold Rolled,235605,229857,2014-04-15,2014,4,15,0.9756032342267779
656,Sheets Cold Rolled,187603,200404,2014-05-15,2014,5,15,1.0682345165055995
695,Sheets Cold Rolled,236880,246576,2014-06-15,2014,6,15,1.0409321175278623
734,Sheets Cold Rolled,222105,241853,2014-07-15,2014,7,15,1.0889129015555705
773,Sheets Cold Rolled,211241,232205,2014-08-15,2014,8,15,1.099242097888194
812,Sheets Cold Rolled,287096,291060,2014-09-15,2014,9,15,1.013807228244211
851,Sheets Cold Rolled,295937,303376,2014-10-15,2014,10,15,1.0251371068842354
890,Sheets Cold Rolled,265256,278399,2014-11-15,2014,11,15,1.0495483608287843
929,Sheets Cold Rolled,259719,293830,2014-12-15,2014,12,15,1.131338100023487
968,Sheets Cold Rolled,249728,264811,2015-01-15,2015,1,15,1.0603977127114301
1007,Sheets Cold Rolled,226930,235496,2015-02-15,2015,2,15,1.0377473229630283
1046,Sheets Cold Rolled,207478,225749,2015-03-15,2015,3,15,1.0880623487791476
1085,Sheets Cold Rolled,250386,249549,2015-04-15,2015,4,15,0.9966571613428866
1124,Sheets Cold Rolled,209361,207391,2015-05-15,2015,5,15,0.9905904155979385
1163,Sheets Cold Rolled,178280,172500,2015-06-15,2015,6,15,0.9675790890733678
1202,Sheets Cold Rolled,222215,198238,2015-07-15,2015,7,15,0.8920999932497806
1241,Sheets Cold Rolled,193251,161821,2015-08-15,2015,8,15,0.8373617730309287
1280,Sheets Cold Rolled,207615,162506,2015-09-15,2015,9,15,0.782727644919683
1319,Sheets Cold Rolled,162955,148435,2015-10-15,2015,10,15,0.9108956460372496
1358,Sheets Cold Rolled,146246,142152,2015-11-15,2015,11,15,0.9720060719609426
1397,Sheets Cold Rolled,173963,152403,2015-12-15,2015,12,15,0.876065600156355
1436,Sheets Cold Rolled,154024,126469,2016-01-15,2016,1,15,0.8210993091985664
1475,Sheets Cold Rolled,159340,131411,2016-02-15,2016,2,15,0.824720722982302
1514,Sheets Cold Rolled,144862,139764,2016-03-15,2016,3,15,0.9648078861261062
1553,Sheets Cold Rolled,172720,150568,2016-04-15,2016,4,15,0.8717461787864752
1592,Sheets Cold Rolled,161162,131730,2016-05-15,2016,5,15,0.8173763045879302
1631,Sheets Cold Rolled,185872,160787,2016-06-15,2016,6,15,0.8650415339588534
1670,Sheets Cold Rolled,206559,170962,2016-07-15,2016,7,15,0.8276666715078985
1709,Sheets Cold Rolled,234076,189495,2016-08-15,2016,8,15,0.8095447632392898
1748,Sheets Cold Rolled,195417,171204,2016-09-15,2016,9,15,0.8760957337386205
1787,Sheets Cold Rolled,217924,192900,2016-10-15,2016,10,15,0.8851709770378664
1826,Sheets Cold Rolled,267579,221570,2016-11-15,2016,11,15,0.8280545184786549
1865,Sheets Cold Rolled,202061,186196,2016-12-15,2016,12,15,0.9214841062847358
1904,Sheets Cold Rolled,231876,200937,2017-01-15,2017,1,15,0.8665709258396729
1943,Sheets Cold Rolled,221786,186521,2017-02-15,2017,2,15,0.840995373919003
1982,Sheets Cold Rolled,212983,186965,2017-03-15,2017,3,15,0.8778400154002902
2021,Sheets Cold Rolled,216912,200968,2017-04-15,2017,4,15,0.9264955373607731
2060,Sheets Cold Rolled,212095,200706,2017-05-15,2017,5,15,0.9463023645064712
2099,Sheets Cold Rolled,279655,253389,2017-06-15,2017,6,15,0.9060771307503889
2138,Sheets Cold Rolled,249591,231096,2017-07-15,2017,7,15,0.9258987703883553
2177,Sheets Cold Rolled,238824,223265,2017-08-15,2017,8,15,0.9348516062037316
2216,Sheets Cold Rolled,210028,197048,2017-09-15,2017,9,15,0.938198716361628
2255,Sheets Cold Rolled,229805,216324,2017-10-15,2017,10,15,0.9413372206871042
2294,Sheets Cold Rolled,170080,170444,2017-11-15,2017,11,15,1.002140169332079
2333,Sheets Cold Rolled,186571,175134,2017-12-15,2017,12,15,0.9386989403497864
2372,Sheets Cold Rolled,166621,163741,2018-01-15,2018,1,15,0.9827152639823311
2411,Sheets Cold Rolled,155416,154622,2018-02-15,2018,2,15,0.9948911309002934
2450,Sheets Cold Rolled,221421,211094,2018-03-15,2018,3,15,0.9533603407084242
2489,Sheets Cold Rolled,220988,214315,2018-04-15,2018,4,15,0.9698037902510543
2528,Sheets Cold Rolled,187002,199453,2018-05-15,2018,5,15,1.0665821755917049
2567,Sheets Cold Rolled,154404,158626,2018-06-15,2018,6,15,1.0273438511955648
2606,Sheets Cold Rolled,173590,185173,2018-07-15,2018,7,15,1.0667261939051789
2645,Sheets Cold Rolled,146803,162022,2018-08-15,2018,8,15,1.1036695435379387
33,Sheets & Strip Galv Hot Dipped,178390,167585,2013-01-15,2013,1,15,0.9394304613487303
72,Sheets & Strip Galv Hot Dipped,142393,138077,2013-02-15,2013,2,15,0.9696895212545561
111,Sheets & Strip Galv Hot Dipped,171630,163349,2013-03-15,2013,3,15,0.9517508594068635
150,Sheets & Strip Galv Hot Dipped,146184,142601,2013-04-15,2013,4,15,0.9754897936846714
189,Sheets & Strip Galv Hot Dipped,167716,157266,2013-05-15,2013,5,15,0.9376922893462758
228,Sheets & Strip Galv Hot Dipped,108387,106365,2013-06-15,2013,6,15,0.9813446262005591
267,Sheets & Strip Galv Hot Dipped,118616,117730,2013-07-15,2013,7,15,0.9925305186484117
306,Sheets & Strip Galv Hot Dipped,177420,168506,2013-08-15,2013,8,15,0.9497576372449554
345,Sheets & Strip Galv Hot Dipped,165283,151884,2013-09-15,2013,9,15,0.918932981613354
384,Sheets & Strip Galv Hot Dipped,216936,196609,2013-10-15,2013,10,15,0.9062995537854482
423,Sheets & Strip Galv Hot Dipped,133400,125641,2013-11-15,2013,11,15,0.9418365817091454
462,Sheets & Strip Galv Hot Dipped,158019,143984,2013-12-15,2013,12,15,0.9111815667736158
501,Sheets & Strip Galv Hot Dipped,219501,200496,2014-01-15,2014,1,15,0.913417250946465
540,Sheets & Strip Galv Hot Dipped,214493,197152,2014-02-15,2014,2,15,0.9191535388101243
579,Sheets & Strip Galv Hot Dipped,214493,197152,2014-03-15,2014,3,15,0.9191535388101243
618,Sheets & Strip Galv Hot Dipped,220820,199885,2014-04-15,2014,4,15,0.9051942758808079
657,Sheets & Strip Galv Hot Dipped,266992,242939,2014-05-15,2014,5,15,0.9099111583867682
696,Sheets & Strip Galv Hot Dipped,246213,224379,2014-06-15,2014,6,15,0.9113206857477063
735,Sheets & Strip Galv Hot Dipped,258032,234880,2014-07-15,2014,7,15,0.9102746946115211
774,Sheets & Strip Galv Hot Dipped,256935,230583,2014-08-15,2014,8,15,0.8974370949851129
813,Sheets & Strip Galv Hot Dipped,290869,253568,2014-09-15,2014,9,15,0.8717601394442172
852,Sheets & Strip Galv Hot Dipped,312970,272394,2014-10-15,2014,10,15,0.8703517909064766
891,Sheets & Strip Galv Hot Dipped,249245,218931,2014-11-15,2014,11,15,0.878376697626833
930,Sheets & Strip Galv Hot Dipped,261003,226635,2014-12-15,2014,12,15,0.8683233526051425
969,Sheets & Strip Galv Hot Dipped,244533,219928,2015-01-15,2015,1,15,0.8993796338326524
1008,Sheets & Strip Galv Hot Dipped,274089,232958,2015-02-15,2015,2,15,0.8499356048582759
1047,Sheets & Strip Galv Hot Dipped,331569,286494,2015-03-15,2015,3,15,0.864055445472888
1086,Sheets & Strip Galv Hot Dipped,263371,230576,2015-04-15,2015,4,15,0.8754798364284603
1125,Sheets & Strip Galv Hot Dipped,308678,249429,2015-05-15,2015,5,15,0.8080556437452621
1164,Sheets & Strip Galv Hot Dipped,251543,210500,2015-06-15,2015,6,15,0.8368350540464254
1203,Sheets & Strip Galv Hot Dipped,317425,241156,2015-07-15,2015,7,15,0.7597259195085453
1242,Sheets & Strip Galv Hot Dipped,253285,196356,2015-08-15,2015,8,15,0.7752373808160767
1281,Sheets & Strip Galv Hot Dipped,199496,166180,2015-09-15,2015,9,15,0.8329991578778522
1320,Sheets & Strip Galv Hot Dipped,216223,251314,2015-10-15,2015,10,15,1.1622907831266793
1359,Sheets & Strip Galv Hot Dipped,195559,162550,2015-11-15,2015,11,15,0.8312069503321249
1398,Sheets & Strip Galv Hot Dipped,188316,152879,2015-12-15,2015,12,15,0.8118216189808619
1437,Sheets & Strip Galv Hot Dipped,194676,145129,2016-01-15,2016,1,15,0.7454899422630422
1476,Sheets & Strip Galv Hot Dipped,213123,160149,2016-02-15,2016,2,15,0.7514393096944019
1515,Sheets & Strip Galv Hot Dipped,211498,155158,2016-03-15,2016,3,15,0.7336145022647969
1554,Sheets & Strip Galv Hot Dipped,218190,150759,2016-04-15,2016,4,15,0.6909528392685275
1593,Sheets & Strip Galv Hot Dipped,227742,169448,2016-05-15,2016,5,15,0.7440349167039896
1632,Sheets & Strip Galv Hot Dipped,227949,164595,2016-06-15,2016,6,15,0.7220694102628219
1671,Sheets & Strip Galv Hot Dipped,235938,182531,2016-07-15,2016,7,15,0.7736396850019921
1710,Sheets & Strip Galv Hot Dipped,233150,182391,2016-08-15,2016,8,15,0.7822903710057902
1749,Sheets & Strip Galv Hot Dipped,242341,190974,2016-09-15,2016,9,15,0.7880383426659129
1788,Sheets & Strip Galv Hot Dipped,285166,228379,2016-10-15,2016,10,15,0.800863356781664
1827,Sheets & Strip Galv Hot Dipped,242675,198011,2016-11-15,2016,11,15,0.815951375296178
1866,Sheets & Strip Galv Hot Dipped,278069,230239,2016-12-15,2016,12,15,0.8279923328382524
1905,Sheets & Strip Galv Hot Dipped,282301,230768,2017-01-15,2017,1,15,0.8174537107555411
1944,Sheets & Strip Galv Hot Dipped,234204,198805,2017-02-15,2017,2,15,0.8488539905381633
1983,Sheets & Strip Galv Hot Dipped,243249,211258,2017-03-15,2017,3,15,0.868484556976596
2022,Sheets & Strip Galv Hot Dipped,299551,256174,2017-04-15,2017,4,15,0.8551932725979883
2061,Sheets & Strip Galv Hot Dipped,292003,255932,2017-05-15,2017,5,15,0.8764704472214326
2100,Sheets & Strip Galv Hot Dipped,274334,248075,2017-06-15,2017,6,15,0.9042809130475989
2139,Sheets & Strip Galv Hot Dipped,292940,263395,2017-07-15,2017,7,15,0.8991431692496757
2178,Sheets & Strip Galv Hot Dipped,279123,250017,2017-08-15,2017,8,15,0.895723390763212
2217,Sheets & Strip Galv Hot Dipped,245262,222234,2017-09-15,2017,9,15,0.9061085696112728
2256,Sheets & Strip Galv Hot Dipped,238933,222535,2017-10-15,2017,10,15,0.9313698819334291
2295,Sheets & Strip Galv Hot Dipped,232882,210494,2017-11-15,2017,11,15,0.9038654769368177
2334,Sheets & Strip Galv Hot Dipped,188875,171832,2017-12-15,2017,12,15,0.909765718067505
2373,Sheets & Strip Galv Hot Dipped,201383,187064,2018-01-15,2018,1,15,0.9288966794615235
2412,Sheets & Strip Galv Hot Dipped,195666,185245,2018-02-15,2018,2,15,0.9467408747559617
2451,Sheets & Strip Galv Hot Dipped,255125,237381,2018-03-15,2018,3,15,0.9304497795198432
2490,Sheets & Strip Galv Hot Dipped,317666,289402,2018-04-15,2018,4,15,0.911026046224651
2529,Sheets & Strip Galv Hot Dipped,233803,229045,2018-05-15,2018,5,15,0.979649534009401
2568,Sheets & Strip Galv Hot Dipped,249250,232978,2018-06-15,2018,6,15,0.934716148445336
2607,Sheets & Strip Galv Hot Dipped,232774,232462,2018-07-15,2018,7,15,0.9986596441183294
2646,Sheets & Strip Galv Hot Dipped,223820,224763,2018-08-15,2018,8,15,1.0042132070413725
34,Sheets & Strip Galv Electrolyt,8156,8504,2013-01-15,2013,1,15,1.0426679744973026
73,Sheets & Strip Galv Electrolyt,9774,9245,2013-02-15,2013,2,15,0.9458768160425619
112,Sheets & Strip Galv Electrolyt,12450,13107,2013-03-15,2013,3,15,1.0527710843373494
151,Sheets & Strip Galv Electrolyt,10546,10112,2013-04-15,2013,4,15,0.9588469561919211
190,Sheets & Strip Galv Electrolyt,10642,10612,2013-05-15,2013,5,15,0.9971809810186055
229,Sheets & Strip Galv Electrolyt,5260,5706,2013-06-15,2013,6,15,1.0847908745247148
268,Sheets & Strip Galv Electrolyt,7637,8281,2013-07-15,2013,7,15,1.084326306141155
307,Sheets & Strip Galv Electrolyt,6834,7986,2013-08-15,2013,8,15,1.1685689201053555
346,Sheets & Strip Galv Electrolyt,9633,9759,2013-09-15,2013,9,15,1.0130800373715354
385,Sheets & Strip Galv Electrolyt,10576,10701,2013-10-15,2013,10,15,1.0118192133131618
424,Sheets & Strip Galv Electrolyt,6841,7013,2013-11-15,2013,11,15,1.0251425230229498
463,Sheets & Strip Galv Electrolyt,6222,6729,2013-12-15,2013,12,15,1.0814850530376086
502,Sheets & Strip Galv Electrolyt,12760,13498,2014-01-15,2014,1,15,1.0578369905956113
541,Sheets & Strip Galv Electrolyt,12132,12596,2014-02-15,2014,2,15,1.0382459610946257
580,Sheets & Strip Galv Electrolyt,12132,12596,2014-03-15,2014,3,15,1.0382459610946257
619,Sheets & Strip Galv Electrolyt,12797,12131,2014-04-15,2014,4,15,0.9479565523169493
658,Sheets & Strip Galv Electrolyt,13325,12405,2014-05-15,2014,5,15,0.9309568480300188
697,Sheets & Strip Galv Electrolyt,15290,15031,2014-06-15,2014,6,15,0.9830608240680183
736,Sheets & Strip Galv Electrolyt,14524,14408,2014-07-15,2014,7,15,0.9920132194987606
775,Sheets & Strip Galv Electrolyt,12419,13252,2014-08-15,2014,8,15,1.0670746436911185
814,Sheets & Strip Galv Electrolyt,10545,10146,2014-09-15,2014,9,15,0.9621621621621622
853,Sheets & Strip Galv Electrolyt,9421,10283,2014-10-15,2014,10,15,1.0914977178643457
892,Sheets & Strip Galv Electrolyt,11305,10972,2014-11-15,2014,11,15,0.9705440070765148
931,Sheets & Strip Galv Electrolyt,10142,11088,2014-12-15,2014,12,15,1.0932754880694142
970,Sheets & Strip Galv Electrolyt,8084,9017,2015-01-15,2015,1,15,1.1154131618010885
1009,Sheets & Strip Galv Electrolyt,14158,13396,2015-02-15,2015,2,15,0.9461788388190422
1048,Sheets & Strip Galv Electrolyt,11057,11453,2015-03-15,2015,3,15,1.0358144162069278
1087,Sheets & Strip Galv Electrolyt,11239,11332,2015-04-15,2015,4,15,1.0082747575407065
1126,Sheets & Strip Galv Electrolyt,7871,8174,2015-05-15,2015,5,15,1.038495743869902
1165,Sheets & Strip Galv Electrolyt,9544,9351,2015-06-15,2015,6,15,0.9797778709136631
1204,Sheets & Strip Galv Electrolyt,8714,8491,2015-07-15,2015,7,15,0.9744089970162956
1243,Sheets & Strip Galv Electrolyt,11744,11277,2015-08-15,2015,8,15,0.9602350136239782
1282,Sheets & Strip Galv Electrolyt,8265,7828,2015-09-15,2015,9,15,0.9471264367816092
1321,Sheets & Strip Galv Electrolyt,8195,7545,2015-10-15,2015,10,15,0.9206833435021354
1360,Sheets & Strip Galv Electrolyt,7036,7778,2015-11-15,2015,11,15,1.1054576463899943
1399,Sheets & Strip Galv Electrolyt,9244,8806,2015-12-15,2015,12,15,0.952617914322804
1438,Sheets & Strip Galv Electrolyt,9142,8162,2016-01-15,2016,1,15,0.892802450229709
1477,Sheets & Strip Galv Electrolyt,10272,9583,2016-02-15,2016,2,15,0.9329244548286605
1516,Sheets & Strip Galv Electrolyt,7918,7447,2016-03-15,2016,3,15,0.940515281636777
1555,Sheets & Strip Galv Electrolyt,13484,12190,2016-04-15,2016,4,15,0.9040344111539602
1594,Sheets & Strip Galv Electrolyt,14276,12791,2016-05-15,2016,5,15,0.8959792659008126
1633,Sheets & Strip Galv Electrolyt,14110,11705,2016-06-15,2016,6,15,0.8295535081502481
1672,Sheets & Strip Galv Electrolyt,15090,12446,2016-07-15,2016,7,15,0.8247846255798542
1711,Sheets & Strip Galv Electrolyt,8656,7738,2016-08-15,2016,8,15,0.8939463955637708
1750,Sheets & Strip Galv Electrolyt,18332,14750,2016-09-15,2016,9,15,0.8046039711979053
1789,Sheets & Strip Galv Electrolyt,10285,7905,2016-10-15,2016,10,15,0.768595041322314
1828,Sheets & Strip Galv Electrolyt,14385,12390,2016-11-15,2016,11,15,0.8613138686131386
1867,Sheets & Strip Galv Electrolyt,12437,10885,2016-12-15,2016,12,15,0.8752110637613573
1906,Sheets & Strip Galv Electrolyt,10360,9657,2017-01-15,2017,1,15,0.9321428571428572
1945,Sheets & Strip Galv Electrolyt,7738,6849,2017-02-15,2017,2,15,0.8851124321530112
1984,Sheets & Strip Galv Electrolyt,10211,9211,2017-03-15,2017,3,15,0.9020663989814905
2023,Sheets & Strip Galv Electrolyt,16547,14687,2017-04-15,2017,4,15,0.8875929171451018
2062,Sheets & Strip Galv Electrolyt,11287,10663,2017-05-15,2017,5,15,0.9447151590325152
2101,Sheets & Strip Galv Electrolyt,13159,11660,2017-06-15,2017,6,15,0.8860855688122198
2140,Sheets & Strip Galv Electrolyt,9445,9441,2017-07-15,2017,7,15,0.9995764955002647
2179,Sheets & Strip Galv Electrolyt,12792,11118,2017-08-15,2017,8,15,0.8691369606003753
2218,Sheets & Strip Galv Electrolyt,14417,12979,2017-09-15,2017,9,15,0.9002566414649372
2257,Sheets & Strip Galv Electrolyt,14240,12904,2017-10-15,2017,10,15,0.9061797752808989
2296,Sheets & Strip Galv Electrolyt,9046,8569,2017-11-15,2017,11,15,0.947269511386248
2335,Sheets & Strip Galv Electrolyt,5261,5824,2017-12-15,2017,12,15,1.1070138756890324
2374,Sheets & Strip Galv Electrolyt,5499,5629,2018-01-15,2018,1,15,1.0236406619385343
2413,Sheets & Strip Galv Electrolyt,8081,8158,2018-02-15,2018,2,15,1.0095285236975622
2452,Sheets & Strip Galv Electrolyt,8181,8613,2018-03-15,2018,3,15,1.0528052805280528
2491,Sheets & Strip Galv Electrolyt,6671,7087,2018-04-15,2018,4,15,1.0623594663468745
2530,Sheets & Strip Galv Electrolyt,8353,8934,2018-05-15,2018,5,15,1.0695558481982521
2569,Sheets & Strip Galv Electrolyt,2709,2865,2018-06-15,2018,6,15,1.0575858250276855
2608,Sheets & Strip Galv Electrolyt,2332,2651,2018-07-15,2018,7,15,1.1367924528301887
2647,Sheets & Strip Galv Electrolyt,7206,6562,2018-08-15,2018,8,15,0.9106300305301138
