data/p.csv
,Product,Quantity,Value,date,year,month,day,price
35,Sheets & Strip All Oth Met Coat,44708,44238,2013-01-15,2013,1,15,0.9894873400733649
74,Sheets & Strip All Oth Met Coat,48130,47415,2013-02-15,2013,2,15,0.9851444005817578
113,Sheets & Strip All Oth Met Coat,56614,55919,2013-03-15,2013,3,15,0.9877238845515244
152,Sheets & Strip All Oth Met Coat,63588,59846,2013-04-15,2013,4,15,0.9411524186953514
191,Sheets & Strip All Oth Met Coat,53389,52175,2013-05-15,2013,5,15,0.9772612335874431
230,Sheets & Strip All Oth Met Coat,42322,42691,2013-06-15,2013,6,15,1.008718869618638
269,Sheets & Strip All Oth Met Coat,52624,53978,2013-07-15,2013,7,15,1.0257297050775311
308,Sheets & Strip All Oth Met Coat,65004,61728,2013-08-15,2013,8,15,0.9496031013476094
347,Sheets & Strip All Oth Met Coat,47235,44541,2013-09-15,2013,9,15,0.9429660209590346
386,Sheets & Strip All Oth Met Coat,89479,82127,2013-10-15,2013,10,15,0.917835469775031
425,Sheets & Strip All Oth Met Coat,51876,48896,2013-11-15,2013,11,15,0.9425553242347136
464,Sheets & Strip All Oth Met Coat,38155,38353,2013-12-15,2013,12,15,1.0051893591927663
503,Sheets & Strip All Oth Met Coat,82106,77199,2014-01-15,2014,1,15,0.940235792755706
542,Sheets & Strip All Oth Met Coat,81271,78682,2014-02-15,2014,2,15,0.9681436182648178
581,Sheets & Strip All Oth Met Coat,81271,78682,2014-03-15,2014,3,15,0.9681436182648178
620,Sheets & Strip All Oth Met Coat,85110,79844,2014-04-15,2014,4,15,0.9381271295969922
659,Sheets & Strip All Oth Met Coat,91724,87357,2014-05-15,2014,5,15,0.9523897780297415
698,Sheets & Strip All Oth Met Coat,66445,64942,2014-06-15,2014,6,15,0.9773797877944165
737,Sheets & Strip All Oth Met Coat,99487,94910,2014-07-15,2014,7,15,0.9539939891644135
776,Sheets & Strip All Oth Met Coat,89454,84215,2014-08-15,2014,8,15,0.9414335859771503
815,Sheets & Strip All Oth Met Coat,66052,63379,2014-09-15,2014,9,15,0.9595318839702053
854,Sheets & Strip All Oth Met Coat,85785,80247,2014-10-15,2014,10,15,0.9354432593110684
893,Sheets & Strip All Oth Met Coat,81642,75539,2014-11-15,2014,11,15,0.925246809240342
932,Sheets & Strip All Oth Met Coat,45825,44176,2014-12-15,2014,12,15,0.9640152755046372
971,Sheets & Strip All Oth Met Coat,96290,88780,2015-01-15,2015,1,15,0.9220064388825423
1010,Sheets & Strip All Oth Met Coat,53009,49889,2015-02-15,2015,2,15,0.9411420702144919
1049,Sheets & Strip All Oth Met Coat,92344,87181,2015-03-15,2015,3,15,0.9440894914666897
1088,Sheets & Strip All Oth Met Coat,105081,94320,2015-04-15,2015,4,15,0.897593285180004
1127,Sheets & Strip All Oth Met Coat,80965,72949,2015-05-15,2015,5,15,0.9009942567776199
1166,Sheets & Strip All Oth Met Coat,75258,66970,2015-06-15,2015,6,15,0.8898721730580138
1205,Sheets & Strip All Oth Met Coat,84472,73101,2015-07-15,2015,7,15,0.8653873472866749
1244,Sheets & Strip All Oth Met Coat,82662,68872,2015-08-15,2015,8,15,0.8331760663908446
1283,Sheets & Strip All Oth Met Coat,70526,58011,2015-09-15,2015,9,15,0.822547712900207
1322,Sheets & Strip All Oth Met Coat,102813,83672,2015-10-15,2015,10,15,0.8138270452180172
1361,Sheets & Strip All Oth Met Coat,58077,45075,2015-11-15,2015,11,15,0.7761247998347022
1400,Sheets & Strip All Oth Met Coat,54449,46694,2015-12-15,2015,12,15,0.8575731418391522
1439,Sheets & Strip All Oth Met Coat,54343,40990,2016-01-15,2016,1,15,0.7542829803286532
1478,Sheets & Strip All Oth Met Coat,60142,46112,2016-02-15,2016,2,15,0.7667187655881081
1517,Sheets & Strip All Oth Met Coat,74263,57040,2016-03-15,2016,3,15,0.7680810093855621
1556,Sheets & Strip All Oth Met Coat,70957,52311,2016-04-15,2016,4,15,0.7372211339261806
1595,Sheets & Strip All Oth Met Coat,70694,54091,2016-05-15,2016,5,15,0.7651427278128271
1634,Sheets & Strip All Oth Met Coat,102238,73168,2016-06-15,2016,6,15,0.7156634519454605
1673,Sheets & Strip All Oth Met Coat,83071,62711,2016-07-15,2016,7,15,0.7549084518062862
1712,Sheets & Strip All Oth Met Coat,86719,67316,2016-08-15,2016,8,15,0.7762543387262307
1751,Sheets & Strip All Oth Met Coat,98884,81337,2016-09-15,2016,9,15,0.8225496541402046
1790,Sheets & Strip All Oth Met Coat,74909,64275,2016-10-15,2016,10,15,0.8580410898556916
1829,Sheets & Strip All Oth Met Coat,71244,61595,2016-11-15,2016,11,15,0.864564033462467
1868,Sheets & Strip All Oth Met Coat,90260,77703,2016-12-15,2016,12,15,0.8608796809217815
1907,Sheets & Strip All Oth Met Coat,107894,89818,2017-01-15,2017,1,15,0.8324651973232988
1946,Sheets & Strip All Oth Met Coat,75958,65415,2017-02-15,2017,2,15,0.8611996103109614
1985,Sheets & Strip All Oth Met Coat,81822,73617,2017-03-15,2017,3,15,0.8997213463371709
2024,Sheets & Strip All Oth Met Coat,97356,91845,2017-04-15,2017,4,15,0.9433933193639837
2063,Sheets & Strip All Oth Met Coat,86908,82279,2017-05-15,2017,5,15,0.9467367791227504
2102,Sheets & Strip All Oth Met Coat,139592,135039,2017-06-15,2017,6,15,0.9673835176800962
2141,Sheets & Strip All Oth Met Coat,106751,102206,2017-07-15,2017,7,15,0.9574242864235464
2180,Sheets & Strip All Oth Met Coat,106582,103638,2017-08-15,2017,8,15,0.9723780750971083
2219,Sheets & Strip All Oth Met Coat,86275,83657,2017-09-15,2017,9,15,0.9696551724137931
2258,Sheets & Strip All Oth Met Coat,82191,78570,2017-10-15,2017,10,15,0.955944081468774
2297,Sheets & Strip All Oth Met Coat,57398,57396,2017-11-15,2017,11,15,0.9999651555803338
2336,Sheets & Strip All Oth Met Coat,35967,36379,2017-12-15,2017,12,15,1.0114549448105208
2375,Sheets & Strip All Oth Met Coat,82429,81722,2018-01-15,2018,1,15,0.991422921544602
2414,Sheets & Strip All Oth Met Coat,64342,63422,2018-02-15,2018,2,15,0.9857014081004631
2453,Sheets & Strip All Oth Met Coat,72166,73644,2018-03-15,2018,3,15,1.0204805587118588
2492,Sheets & Strip All Oth Met Coat,89070,85265,2018-04-15,2018,4,15,0.9572807903895812
2531,Sheets & Strip All Oth Met Coat,62589,65802,2018-05-15,2018,5,15,1.0513348991036764
2570,Sheets & Strip All Oth Met Coat,69585,69948,2018-06-15,2018,6,15,1.0052166415175685
2609,Sheets & Strip All Oth Met Coat,85812,86186,2018-07-15,2018,7,15,1.0043583647974643
2648,Sheets & Strip All Oth Met Coat,58624,60168,2018-08-15,2018,8,15,1.0263373362445414
36,Sheets & Strip - Electrical,5560,12165,2013-01-15,2013,1,15,2.1879496402877696
75,Sheets & Strip - Electrical,6025,11713,2013-02-15,2013,2,15,1.9440663900414938
114,Sheets & Strip - Electrical,6356,11923,2013-03-15,2013,3,15,1.8758653241032095
153,Sheets & Strip - Electrical,6318,11701,2013-04-15,2013,4,15,1.8520101297879075
192,Sheets & Strip - Electrical,8049,13082,2013-05-15,2013,5,15,1.6252950677102747
231,Sheets & Strip - Electrical,8759,13770,2013-06-15,2013,6,15,1.5720972713780113
270,Sheets & Strip - Electrical,7252,13076,2013-07-15,2013,7,15,1.803088803088803
309,Sheets & Strip - Electrical,8396,14253,2013-08-15,2013,8,15,1.6975940924249642
348,Sheets & Strip - Electrical,7234,11708,2013-09-15,2013,9,15,1.618468343931435
387,Sheets & Strip - Electrical,7992,12467,2013-10-15,2013,10,15,1.559934934934935
426,Sheets & Strip - Electrical,7419,11049,2013-11-15,2013,11,15,1.4892842701172664
465,Sheets & Strip - Electrical,7209,11494,2013-12-15,2013,12,15,1.5943958940213623
504,Sheets & Strip - Electrical,6747,9973,2014-01-15,2014,1,15,1.4781384318956574
543,Sheets & Strip - Electrical,4765,7832,2014-02-15,2014,2,15,1.6436516264428123
582,Sheets & Strip - Electrical,4765,7832,2014-03-15,2014,3,15,1.6436516264428123
621,Sheets & Strip - Electrical,7791,10283,2014-04-15,2014,4,15,1.3198562443845463
660,Sheets & Strip - Electrical,6005,8528,2014-05-15,2014,5,15,1.42014987510408
699,Sheets & Strip - Electrical,4903,7544,2014-06-15,2014,6,15,1.538649806241077
738,Sheets & Strip - Electrical,6474,9746,2014-07-15,2014,7,15,1.5054062403459993
777,Sheets & Strip - Electrical,3637,5846,2014-08-15,2014,8,15,1.6073687104756667
816,Sheets & Strip - Electrical,4247,6421,2014-09-15,2014,9,15,1.51189074640923
855,Sheets & Strip - Electrical,4131,6559,2014-10-15,2014,10,15,1.587751149842653
894,Sheets & Strip - Electrical,4176,7361,2014-11-15,2014,11,15,1.762691570881226
933,Sheets & Strip - Electrical,7072,11247,2014-12-15,2014,12,15,1.590356334841629
972,Sheets & Strip - Electrical,5458,8980,2015-01-15,2015,1,15,1.6452913155001831
1011,Sheets & Strip - Electrical,3042,5961,2015-02-15,2015,2,15,1.9595660749506902
1050,Sheets & Strip - Electrical,6731,10747,2015-03-15,2015,3,15,1.5966424008319715
1089,Sheets & Strip - Electrical,4442,8429,2015-04-15,2015,4,15,1.8975686627645205
1128,Sheets & Strip - Electrical,9182,13784,2015-05-15,2015,5,15,1.5011979960792856
1167,Sheets & Strip - Electrical,6626,9686,2015-06-15,2015,6,15,1.4618170842137035
1206,Sheets & Strip - Electrical,6138,8563,2015-07-15,2015,7,15,1.3950798305637016
1245,Sheets & Strip - Electrical,5744,9245,2015-08-15,2015,8,15,1.6095055710306407
1284,Sheets & Strip - Electrical,5354,10094,2015-09-15,2015,9,15,1.885319387373926
1323,Sheets & Strip - Electrical,4917,9024,2015-10-15,2015,10,15,1.8352654057352045
1362,Sheets & Strip - Electrical,5299,9147,2015-11-15,2015,11,15,1.7261747499528213
1401,Sheets & Strip - Electrical,6400,10236,2015-12-15,2015,12,15,1.599375
1440,Sheets & Strip - Electrical,6178,12239,2016-01-15,2016,1,15,1.9810618323081903
1479,Sheets & Strip - Electrical,4553,8823,2016-02-15,2016,2,15,1.9378431803206677
1518,Sheets & Strip - Electrical,5045,9241,2016-03-15,2016,3,15,1.8317145688800793
1557,Sheets & Strip - Electrical,3292,5859,2016-04-15,2016,4,15,1.7797691373025517
1596,Sheets & Strip - Electrical,4242,7632,2016-05-15,2016,5,15,1.799151343705799
1635,Sheets & Strip - Electrical,7130,11567,2016-06-15,2016,6,15,1.6223001402524544
1674,Sheets & Strip - Electrical,4189,7841,2016-07-15,2016,7,15,1.8718071138696586
1713,Sheets & Strip - Electrical,4980,8572,2016-08-15,2016,8,15,1.721285140562249
1752,Sheets & Strip - Electrical,3914,6724,2016-09-15,2016,9,15,1.7179356157383752
1791,Sheets & Strip - Electrical,3520,6437,2016-10-15,2016,10,15,1.8286931818181817
1830,Sheets & Strip - Electrical,6296,9971,2016-11-15,2016,11,15,1.5837039390088945
1869,Sheets & Strip - Electrical,6494,9695,2016-12-15,2016,12,15,1.492916538343086
1908,Sheets & Strip - Electrical,6909,12832,2017-01-15,2017,1,15,1.8572875958894195
1947,Sheets & Strip - Electrical,6923,12904,2017-02-15,2017,2,15,1.863931821464683
1986,Sheets & Strip - Electrical,6582,12748,2017-03-15,2017,3,15,1.9367973260407172
2025,Sheets & Strip - Electrical,8733,15679,2017-04-15,2017,4,15,1.79537386923165
2064,Sheets & Strip - Electrical,7457,15120,2017-05-15,2017,5,15,2.0276250502883197
2103,Sheets & Strip - Electrical,6919,13967,2017-06-15,2017,6,15,2.01864431276196
2142,Sheets & Strip - Electrical,10033,18008,2017-07-15,2017,7,15,1.7948769062095087
2181,Sheets & Strip - Electrical,9672,18508,2017-08-15,2017,8,15,1.9135649296939619
2220,Sheets & Strip - Electrical,6122,12368,2017-09-15,2017,9,15,2.0202548186867038
2259,Sheets & Strip - Electrical,9400,16107,2017-10-15,2017,10,15,1.7135106382978724
2298,Sheets & Strip - Electrical,11784,20794,2017-11-15,2017,11,15,1.7645960624575696
2337,Sheets & Strip - Electrical,6038,10883,2017-12-15,2017,12,15,1.8024180192116595
2376,Sheets & Strip - Electrical,10753,20895,2018-01-15,2018,1,15,1.9431786478192132
2415,Sheets & Strip - Electrical,11617,22491,2018-02-15,2018,2,15,1.9360420074029439
2454,Sheets & Strip - Electrical,20589,41810,2018-03-15,2018,3,15,2.030696002719899
2493,Sheets & Strip - Electrical,9568,16303,2018-04-15,2018,4,15,1.7039088628762542
2532,Sheets & Strip - Electrical,6028,10463,2018-05-15,2018,5,15,1.7357332448573324
2571,Sheets & Strip - Electrical,2804,4571,2018-06-15,2018,6,15,1.6301711840228246
2610,Sheets & Strip - Electrical,2968,4290,2018-07-15,2018,7,15,1.4454177897574123
2649,Sheets & Strip - Electrical,3260,4875,2018-08-15,2018,8,15,1.4953987730061349
37,Strip - Hot Rolled,7209,7171,2013-01-15,2013,1,15,0.994728811208212
76,Strip - Hot Rolled,5185,5865,2013-02-15,2013,2,15,1.1311475409836065
115,Strip - Hot Rolled,4936,5035,2013-03-15,2013,3,15,1.0200567260940032
154,Strip - Hot Rolled,6903,7127,2013-04-15,2013,4,15,1.0324496595683037
193,Strip - Hot Rolled,7616,6993,2013-05-15,2013,5,15,0.9181985294117647
232,Strip - Hot Rolled,6566,5857,2013-06-15,2013,6,15,0.8920194943649101
271,Strip - Hot Rolled,6917,6987,2013-07-15,2013,7,15,1.0101199942171462
310,Strip - Hot Rolled,5621,6048,2013-08-15,2013,8,15,1.0759651307596514
349,Strip - Hot Rolled,6241,7491,2013-09-15,2013,9,15,1.200288415318058
388,Strip - Hot Rolled,5478,6310,2013-10-15,2013,10,15,1.1518802482657904
427,Strip - Hot Rolled,5731,7631,2013-11-15,2013,11,15,1.3315302739487
466,Strip - Hot Rolled,6706,6911,2013-12-15,2013,12,15,1.0305696391291381
505,Strip - Hot Rolled,6687,6363,2014-01-15,2014,1,15,0.9515477792732167
544,Strip - Hot Rolled,6250,6174,2014-02-15,2014,2,15,0.98784
583,Strip - Hot Rolled,6250,6174,2014-03-15,2014,3,15,0.98784
622,Strip - Hot Rolled,5045,5854,2014-04-15,2014,4,15,1.160356788899901
661,Strip - Hot Rolled,6750,6976,2014-05-15,2014,5,15,1.0334814814814814
700,Strip - Hot Rolled,7497,7496,2014-06-15,2014,6,15,0.9998666133119914
739,Strip - Hot Rolled,8348,8361,2014-07-15,2014,7,15,1.0015572592237663
778,Strip - Hot Rolled,10305,9526,2014-08-15,2014,8,15,0.9244056283357593
817,Strip - Hot Rolled,12280,11353,2014-09-15,2014,9,15,0.9245114006514658
856,Strip - Hot Rolled,12468,11346,2014-10-15,2014,10,15,0.9100096246390761
895,Strip - Hot Rolled,8330,8452,2014-11-15,2014,11,15,1.0146458583433373
934,Strip - Hot Rolled,9762,9960,2014-12-15,2014,12,15,1.020282728948986
973,Strip - Hot Rolled,11629,9703,2015-01-15,2015,1,15,0.8343795683205779
1012,Strip - Hot Rolled,11644,11222,2015-02-15,2015,2,15,0.9637581587083477
1051,Strip - Hot Rolled,12630,11224,2015-03-15,2015,3,15,0.8886777513855899
1090,Strip - Hot Rolled,12767,11965,2015-04-15,2015,4,15,0.9371817968199264
1129,Strip - Hot Rolled,10883,9278,2015-05-15,2015,5,15,0.8525222824588808
1168,Strip - Hot Rolled,12636,11286,2015-06-15,2015,6,15,0.8931623931623932
1207,Strip - Hot Rolled,12639,9730,2015-07-15,2015,7,15,0.7698393860273756
1246,Strip - Hot Rolled,12549,8819,2015-08-15,2015,8,15,0.7027651605705634
1285,Strip - Hot Rolled,10460,9172,2015-09-15,2015,9,15,0.8768642447418739
1324,Strip - Hot Rolled,10509,7839,2015-10-15,2015,10,15,0.7459320582357979
1363,Strip - Hot Rolled,8851,6489,2015-11-15,2015,11,15,0.7331374985877303
1402,Strip - Hot Rolled,7504,6168,2015-12-15,2015,12,15,0.8219616204690832
1441,Strip - Hot Rolled,12214,8625,2016-01-15,2016,1,15,0.7061568691665302
1480,Strip - Hot Rolled,12728,10762,2016-02-15,2016,2,15,0.8455373978629792
1519,Strip - Hot Rolled,12366,10312,2016-03-15,2016,3,15,0.8338994015849911
1558,Strip - Hot Rolled,14011,11159,2016-04-15,2016,4,15,0.7964456498465491
1597,Strip - Hot Rolled,14410,10595,2016-05-15,2016,5,15,0.7352532963219987
1636,Strip - Hot Rolled,12240,10203,2016-06-15,2016,6,15,0.8335784313725491
1675,Strip - Hot Rolled,13076,11760,2016-07-15,2016,7,15,0.8993576017130621
1714,Strip - Hot Rolled,12192,10414,2016-08-15,2016,8,15,0.8541666666666666
1753,Strip - Hot Rolled,9405,8517,2016-09-15,2016,9,15,0.9055821371610845
1792,Strip - Hot Rolled,13165,10663,2016-10-15,2016,10,15,0.8099506266616028
1831,Strip - Hot Rolled,12865,10833,2016-11-15,2016,11,15,0.8420520792848815
1870,Strip - Hot Rolled,6652,6320,2016-12-15,2016,12,15,0.9500901984365604
1909,Strip - Hot Rolled,12625,9511,2017-01-15,2017,1,15,0.7533465346534653
1948,Strip - Hot Rolled,10981,8656,2017-02-15,2017,2,15,0.7882706493033421
1987,Strip - Hot Rolled,15882,13007,2017-03-15,2017,3,15,0.8189774587583428
2026,Strip - Hot Rolled,13579,11398,2017-04-15,2017,4,15,0.8393843434715369
2065,Strip - Hot Rolled,19062,15828,2017-05-15,2017,5,15,0.8303430909663204
2104,Strip - Hot Rolled,18039,15522,2017-06-15,2017,6,15,0.8604689838682854
2143,Strip - Hot Rolled,15996,13030,2017-07-15,2017,7,15,0.8145786446611653
2182,Strip - Hot Rolled,14404,10724,2017-08-15,2017,8,15,0.7445154123854485
2221,Strip - Hot Rolled,14496,12415,2017-09-15,2017,9,15,0.8564431567328918
2260,Strip - Hot Rolled,19249,14920,2017-10-15,2017,10,15,0.775105200270144
2299,Strip - Hot Rolled,14471,12011,2017-11-15,2017,11,15,0.8300048372607284
2338,Strip - Hot Rolled,12444,11778,2017-12-15,2017,12,15,0.946480231436837
2377,Strip - Hot Rolled,19801,15469,2018-01-15,2018,1,15,0.7812231705469421
2416,Strip - Hot Rolled,20035,17156,2018-02-15,2018,2,15,0.8563014724232593
2455,Strip - Hot Rolled,20078,16727,2018-03-15,2018,3,15,0.8331009064647873
2494,Strip - Hot Rolled,15835,14450,2018-04-15,2018,4,15,0.9125355225765709
2533,Strip - Hot Rolled,15654,13404,2018-05-15,2018,5,15,0.8562667688769644
2572,Strip - Hot Rolled,7267,7150,2018-06-15,2018,6,15,0.9838998211091234
2611,Strip - Hot Rolled,12250,12031,2018-07-15,2018,7,15,0.9821224489795919
2650,Strip - Hot Rolled,10060,11061,2018-08-15,2018,8,15,1.0995029821073559
