data/p.csv
,Product,Quantity,Value,date,year,month,day,price
38,Strip - Cold Rolled,12095,27158,2013-01-15,2013,1,15,2.2453906572964035
77,Strip - Cold Rolled,14030,27739,2013-02-15,2013,2,15,1.97712045616536
116,Strip - Cold Rolled,18039,34310,2013-03-15,2013,3,15,1.9019901324907145
155,Strip - Cold Rolled,16427,33998,2013-04-15,2013,4,15,2.0696414439642052
194,Strip - Cold Rolled,17191,32171,2013-05-15,2013,5,15,1.8713861904484905
233,Strip - Cold Rolled,16571,31676,2013-06-15,2013,6,15,1.9115321947981414
272,Strip - Cold Rolled,14942,33869,2013-07-15,2013,7,15,2.2666978985410253
311,Strip - Cold Rolled,9183,26912,2013-08-15,2013,8,15,2.930632690841773
350,Strip - Cold Rolled,10862,27380,2013-09-15,2013,9,15,2.520714417234395
389,Strip - Cold Rolled,14645,34336,2013-10-15,2013,10,15,2.3445544554455444
428,Strip - Cold Rolled,11812,29452,2013-11-15,2013,11,15,2.49339654588554
467,Strip - Cold Rolled,11800,29542,2013-12-15,2013,12,15,2.5035593220338983
506,Strip - Cold Rolled,11695,32062,2014-01-15,2014,1,15,2.741513467293715
545,Strip - Cold Rolled,15302,39504,2014-02-15,2014,2,15,2.581623317213436
584,Strip - Cold Rolled,15302,39504,2014-03-15,2014,3,15,2.581623317213436
623,Strip - Cold Rolled,14223,35662,2014-04-15,2014,4,15,2.5073472544470223
662,Strip - Cold Rolled,14341,36448,2014-05-15,2014,5,15,2.541524300955303
701,Strip - Cold Rolled,14929,36181,2014-06-15,2014,6,15,2.4235380802465003
740,Strip - Cold Rolled,19064,44323,2014-07-15,2014,7,15,2.3249580360889635
779,Strip - Cold Rolled,15376,37942,2014-08-15,2014,8,15,2.4676118626430803
818,Strip - Cold Rolled,14466,36618,2014-09-15,2014,9,15,2.5313148071339695
857,Strip - Cold Rolled,15297,40890,2014-10-15,2014,10,15,2.6730731515983526
896,Strip - Cold Rolled,13132,35855,2014-11-15,2014,11,15,2.730353335363996
935,Strip - Cold Rolled,16283,38580,2014-12-15,2014,12,15,2.369342258797519
974,Strip - Cold Rolled,14639,36838,2015-01-15,2015,1,15,2.5164287178085933
1013,Strip - Cold Rolled,15941,35146,2015-02-15,2015,2,15,2.20475503418857
1052,Strip - Cold Rolled,18380,43730,2015-03-15,2015,3,15,2.379216539717084
1091,Strip - Cold Rolled,18136,42132,2015-04-15,2015,4,15,2.3231142479047198
1130,Strip - Cold Rolled,18769,40753,2015-05-15,2015,5,15,2.171293089669135
1169,Strip - Cold Rolled,18553,38945,2015-06-15,2015,6,15,2.0991214358863797
1208,Strip - Cold Rolled,18756,41539,2015-07-15,2015,7,15,2.2147046278524205
1247,Strip - Cold Rolled,13885,32076,2015-08-15,2015,8,15,2.3101188332733167
1286,Strip - Cold Rolled,14201,31837,2015-09-15,2015,9,15,2.2418843743398353
1325,Strip - Cold Rolled,14058,33679,2015-10-15,2015,10,15,2.395717740788163
1364,Strip - Cold Rolled,13736,32085,2015-11-15,2015,11,15,2.3358328479906816
1403,Strip - Cold Rolled,16211,39583,2015-12-15,2015,12,15,2.441737092097958
1442,Strip - Cold Rolled,12548,28048,2016-01-15,2016,1,15,2.2352566145999364
1481,Strip - Cold Rolled,15767,34190,2016-02-15,2016,2,15,2.168453098243166
1520,Strip - Cold Rolled,17943,40351,2016-03-15,2016,3,15,2.2488435601627375
1559,Strip - Cold Rolled,18061,37493,2016-04-15,2016,4,15,2.0759094180831625
1598,Strip - Cold Rolled,16554,34957,2016-05-15,2016,5,15,2.11169505859611
1637,Strip - Cold Rolled,16692,36841,2016-06-15,2016,6,15,2.2071052000958544
1676,Strip - Cold Rolled,16641,36661,2016-07-15,2016,7,15,2.2030527011597862
1715,Strip - Cold Rolled,17704,39270,2016-08-15,2016,8,15,2.218142792589245
1754,Strip - Cold Rolled,15080,33072,2016-09-15,2016,9,15,2.193103448275862
1793,Strip - Cold Rolled,17491,38144,2016-10-15,2016,10,15,2.1807786861814646
1832,Strip - Cold Rolled,17713,37486,2016-11-15,2016,11,15,2.11629876361994
1871,Strip - Cold Rolled,16665,37262,2016-12-15,2016,12,15,2.235943594359436
1910,Strip - Cold Rolled,16299,33714,2017-01-15,2017,1,15,2.0684704583103257
1949,Strip - Cold Rolled,16014,34796,2017-02-15,2017,2,15,2.17284875733733
1988,Strip - Cold Rolled,18020,39094,2017-03-15,2017,3,15,2.169478357380688
2027,Strip - Cold Rolled,17747,39872,2017-04-15,2017,4,15,2.246689581337691
2066,Strip - Cold Rolled,21872,45954,2017-05-15,2017,5,15,2.1010424286759326
2105,Strip - Cold Rolled,16276,39065,2017-06-15,2017,6,15,2.4001597444089455
2144,Strip - Cold Rolled,17217,39411,2017-07-15,2017,7,15,2.289074751698902
2183,Strip - Cold Rolled,20057,44256,2017-08-15,2017,8,15,2.206511442389191
2222,Strip - Cold Rolled,16778,37830,2017-09-15,2017,9,15,2.2547383478364527
2261,Strip - Cold Rolled,17290,40094,2017-10-15,2017,10,15,2.3189126662810873
2300,Strip - Cold Rolled,18116,43573,2017-11-15,2017,11,15,2.4052219032899096
2339,Strip - Cold Rolled,17597,40249,2017-12-15,2017,12,15,2.28726487469455
2378,Strip - Cold Rolled,16494,39840,2018-01-15,2018,1,15,2.4154237904692617
2417,Strip - Cold Rolled,15424,39515,2018-02-15,2018,2,15,2.5619164937759336
2456,Strip - Cold Rolled,17156,42654,2018-03-15,2018,3,15,2.486243879692236
2495,Strip - Cold Rolled,16471,43167,2018-04-15,2018,4,15,2.620788051727278
2534,Strip - Cold Rolled,16456,42736,2018-05-15,2018,5,15,2.5969859017987362
2573,Strip - Cold Rolled,13467,35202,2018-06-15,2018,6,15,2.613945199376253
2612,Strip - Cold Rolled,14853,35566,2018-07-15,2018,7,15,2.3945330909580558
2651,Strip - Cold Rolled,13488,34645,2018-08-15,2018,8,15,2.568579478054567
